Archive member included to satisfy reference by file (symbol)

/usr/lib32/libc_nonshared.a(stack_chk_fail_local.oS)
                              /home/cutie/RIOT/examples/tutorials/t4/bin/native/application_t4/main.o (__stack_chk_fail_local)

Merging program properties

Removed property 0xc0000002 to merge /usr/lib/gcc/x86_64-linux-gnu/13/32/crtbegin.o (0x3) and /usr/lib/gcc/x86_64-linux-gnu/13/../../../../lib32/crt1.o (not found)
Removed property 0xc0000002 to merge /usr/lib/gcc/x86_64-linux-gnu/13/32/crtbegin.o (not found) and /usr/lib/gcc/x86_64-linux-gnu/13/32/crtend.o (0x3)

As-needed library included to satisfy reference by file (symbol)

libc.so.6                     /home/cutie/RIOT/examples/tutorials/t4/bin/native/cpu/irq_cpu.o (sigaction@@GLIBC_2.0)

Discarded input sections

 .rodata        0x00000000        0x4 /usr/lib/gcc/x86_64-linux-gnu/13/../../../../lib32/crt1.o
 .data          0x00000000        0x4 /usr/lib/gcc/x86_64-linux-gnu/13/../../../../lib32/crt1.o
 .bss           0x00000000        0x0 /usr/lib/gcc/x86_64-linux-gnu/13/../../../../lib32/crt1.o
 .note.GNU-stack
                0x00000000        0x0 /usr/lib/gcc/x86_64-linux-gnu/13/../../../../lib32/crt1.o
 .group         0x00000000        0x8 /usr/lib/gcc/x86_64-linux-gnu/13/../../../../lib32/crti.o
 .text          0x00000000        0x0 /usr/lib/gcc/x86_64-linux-gnu/13/../../../../lib32/crti.o
 .data          0x00000000        0x0 /usr/lib/gcc/x86_64-linux-gnu/13/../../../../lib32/crti.o
 .bss           0x00000000        0x0 /usr/lib/gcc/x86_64-linux-gnu/13/../../../../lib32/crti.o
 .note.GNU-stack
                0x00000000        0x0 /usr/lib/gcc/x86_64-linux-gnu/13/../../../../lib32/crti.o
 .data          0x00000000        0x4 /usr/lib/gcc/x86_64-linux-gnu/13/32/crtbegin.o
 .note.GNU-stack
                0x00000000        0x0 /usr/lib/gcc/x86_64-linux-gnu/13/32/crtbegin.o
 .note.gnu.property
                0x00000000       0x1c /usr/lib/gcc/x86_64-linux-gnu/13/32/crtbegin.o
 .group         0x00000000        0x8 /home/cutie/RIOT/examples/tutorials/t4/bin/native/application_t4/main.o
 .group         0x00000000        0xc /home/cutie/RIOT/examples/tutorials/t4/bin/native/application_t4/main.o
 .group         0x00000000        0xc /home/cutie/RIOT/examples/tutorials/t4/bin/native/application_t4/main.o
 .group         0x00000000        0xc /home/cutie/RIOT/examples/tutorials/t4/bin/native/application_t4/main.o
 .group         0x00000000        0xc /home/cutie/RIOT/examples/tutorials/t4/bin/native/application_t4/main.o
 .group         0x00000000        0xc /home/cutie/RIOT/examples/tutorials/t4/bin/native/application_t4/main.o
 .group         0x00000000        0xc /home/cutie/RIOT/examples/tutorials/t4/bin/native/application_t4/main.o
 .group         0x00000000        0xc /home/cutie/RIOT/examples/tutorials/t4/bin/native/application_t4/main.o
 .group         0x00000000        0xc /home/cutie/RIOT/examples/tutorials/t4/bin/native/application_t4/main.o
 .group         0x00000000        0xc /home/cutie/RIOT/examples/tutorials/t4/bin/native/application_t4/main.o
 .group         0x00000000        0xc /home/cutie/RIOT/examples/tutorials/t4/bin/native/application_t4/main.o
 .group         0x00000000        0xc /home/cutie/RIOT/examples/tutorials/t4/bin/native/application_t4/main.o
 .group         0x00000000        0xc /home/cutie/RIOT/examples/tutorials/t4/bin/native/application_t4/main.o
 .group         0x00000000        0xc /home/cutie/RIOT/examples/tutorials/t4/bin/native/application_t4/main.o
 .group         0x00000000        0xc /home/cutie/RIOT/examples/tutorials/t4/bin/native/application_t4/main.o
 .group         0x00000000        0xc /home/cutie/RIOT/examples/tutorials/t4/bin/native/application_t4/main.o
 .group         0x00000000        0xc /home/cutie/RIOT/examples/tutorials/t4/bin/native/application_t4/main.o
 .group         0x00000000        0xc /home/cutie/RIOT/examples/tutorials/t4/bin/native/application_t4/main.o
 .group         0x00000000        0xc /home/cutie/RIOT/examples/tutorials/t4/bin/native/application_t4/main.o
 .group         0x00000000        0xc /home/cutie/RIOT/examples/tutorials/t4/bin/native/application_t4/main.o
 .group         0x00000000        0xc /home/cutie/RIOT/examples/tutorials/t4/bin/native/application_t4/main.o
 .group         0x00000000        0xc /home/cutie/RIOT/examples/tutorials/t4/bin/native/application_t4/main.o
 .group         0x00000000        0xc /home/cutie/RIOT/examples/tutorials/t4/bin/native/application_t4/main.o
 .group         0x00000000        0xc /home/cutie/RIOT/examples/tutorials/t4/bin/native/application_t4/main.o
 .group         0x00000000        0xc /home/cutie/RIOT/examples/tutorials/t4/bin/native/application_t4/main.o
 .group         0x00000000        0xc /home/cutie/RIOT/examples/tutorials/t4/bin/native/application_t4/main.o
 .group         0x00000000        0xc /home/cutie/RIOT/examples/tutorials/t4/bin/native/application_t4/main.o
[...]
Memory Configuration

Name             Origin             Length             Attributes
*default*        0x00000000         0xffffffff

Linker script and memory map

                [!provide]                        PROVIDE (__executable_start = SEGMENT_START ("text-segment", 0x8048000))
                0x08048194                        . = (SEGMENT_START ("text-segment", 0x8048000) + SIZEOF_HEADERS)

.interp         0x08048194       0x13
 *(.interp)
 .interp        0x08048194       0x13 /usr/lib/gcc/x86_64-linux-gnu/13/../../../../lib32/crt1.o

.note.gnu.build-id
                0x080481a8       0x24
 *(.note.gnu.build-id)
 .note.gnu.build-id
                0x080481a8       0x24 /usr/lib/gcc/x86_64-linux-gnu/13/../../../../lib32/crt1.o

.note.ABI-tag   0x080481cc       0x20
 .note.ABI-tag  0x080481cc       0x20 /usr/lib/gcc/x86_64-linux-gnu/13/../../../../lib32/crt1.o

.hash
 *(.hash)

.gnu.hash       0x080481ec       0xd4
 *(.gnu.hash)
 .gnu.hash      0x080481ec       0xd4 /usr/lib/gcc/x86_64-linux-gnu/13/../../../../lib32/crt1.o

.dynsym         0x080482c0      0x3f0
 *(.dynsym)
 .dynsym        0x080482c0      0x3f0 /usr/lib/gcc/x86_64-linux-gnu/13/../../../../lib32/crt1.o

.dynstr         0x080486b0      0x258
 *(.dynstr)
 .dynstr        0x080486b0      0x258 /usr/lib/gcc/x86_64-linux-gnu/13/../../../../lib32/crt1.o

.gnu.version    0x08048908       0x7e
 *(.gnu.version)
 .gnu.version   0x08048908       0x7e /usr/lib/gcc/x86_64-linux-gnu/13/../../../../lib32/crt1.o

.gnu.version_d  0x08048988        0x0
 *(.gnu.version_d)
 .gnu.version_d
                0x08048988        0x0 /usr/lib/gcc/x86_64-linux-gnu/13/../../../../lib32/crt1.o

.gnu.version_r  0x08048988       0x80
 *(.gnu.version_r)
 .gnu.version_r
                0x08048988       0x80 /usr/lib/gcc/x86_64-linux-gnu/13/../../../../lib32/crt1.o

.rel.dyn        0x08048a08       0x28
 *(.rel.init)
 *(.rel.text .rel.text.* .rel.gnu.linkonce.t.*)
 .rel.text      0x08048a08        0x0 /usr/lib/gcc/x86_64-linux-gnu/13/../../../../lib32/crt1.o
 .rel.text.core_panic
                0x08048a08        0x0 /usr/lib/gcc/x86_64-linux-gnu/13/../../../../lib32/crt1.o
 *(.rel.fini)
 *(.rel.rodata .rel.rodata.* .rel.gnu.linkonce.r.*)
 *(.rel.data.rel.ro .rel.data.rel.ro.* .rel.gnu.linkonce.d.rel.ro.*)
 .rel.data.rel.ro
                0x08048a08        0x0 /usr/lib/gcc/x86_64-linux-gnu/13/../../../../lib32/crt1.o
 *(.rel.data .rel.data.* .rel.gnu.linkonce.d.*)
 *(.rel.tdata .rel.tdata.* .rel.gnu.linkonce.td.*)
 *(.rel.tbss .rel.tbss.* .rel.gnu.linkonce.tb.*)
 *(.rel.ctors)
 *(.rel.dtors)
 *(.rel.got)
 .rel.got       0x08048a08       0x28 /usr/lib/gcc/x86_64-linux-gnu/13/../../../../lib32/crt1.o
 *(.rel.bss .rel.bss.* .rel.gnu.linkonce.b.*)
 .rel.bss       0x08048a30        0x0 /usr/lib/gcc/x86_64-linux-gnu/13/../../../../lib32/crt1.o
 *(.rel.ifunc)

.rel.plt        0x08048a30      0x108
 *(.rel.plt)
 .rel.plt       0x08048a30      0x108 /usr/lib/gcc/x86_64-linux-gnu/13/../../../../lib32/crt1.o
                [!provide]                        PROVIDE (__rel_iplt_start = .)
 *(.rel.iplt)
 .rel.iplt      0x08048b38        0x0 /usr/lib/gcc/x86_64-linux-gnu/13/../../../../lib32/crt1.o
                [!provide]                        PROVIDE (__rel_iplt_end = .)

.relr.dyn
 *(.relr.dyn)
                0x08049000                        . = ALIGN (CONSTANT (MAXPAGESIZE))

.init           0x08049000       0x20
 *(SORT_NONE(.init))
 .init          0x08049000       0x1b /usr/lib/gcc/x86_64-linux-gnu/13/../../../../lib32/crti.o
                0x08049000                _init
 .init          0x0804901b        0x5 /usr/lib/gcc/x86_64-linux-gnu/13/../../../../lib32/crtn.o

.plt            0x08049020      0x220
 *(.plt)
 .plt           0x08049020      0x220 /usr/lib/gcc/x86_64-linux-gnu/13/../../../../lib32/crt1.o
                0x08049030                timer_settime@@GLIBC_2.34
                0x08049040                strcmp@@GLIBC_2.0
                0x08049050                __libc_start_main@@GLIBC_2.34
                0x08049060                sigprocmask@@GLIBC_2.0
                0x08049070                reallocarray@@GLIBC_2.26
                0x08049080                setcontext@@GLIBC_2.0
                0x08049090                clock_gettime@@GLIBC_2.17
                0x080490a0                __stack_chk_fail@@GLIBC_2.4
                0x080490b0                sysconf@@GLIBC_2.0
                0x080490c0                timer_create@@GLIBC_2.34
                0x080490d0                timer_delete@@GLIBC_2.34
                0x080490e0                strerror@@GLIBC_2.0
                0x080490f0                exit@@GLIBC_2.0
                0x08049100                kill@@GLIBC_2.0
                0x08049110                getopt_long@@GLIBC_2.0
                0x08049120                __isoc23_strtol@@GLIBC_2.38
                0x08049130                strlen@@GLIBC_2.0
                0x08049140                sigdelset@@GLIBC_2.0
                0x08049150                getcontext@@GLIBC_2.1
                0x08049160                sigaddset@@GLIBC_2.0
                0x08049170                sigfillset@@GLIBC_2.0
                0x08049180                snprintf@@GLIBC_2.0
                0x08049190                swapcontext@@GLIBC_2.1
                0x080491a0                __errno_location@@GLIBC_2.0
                0x080491b0                fileno@@GLIBC_2.0
                0x080491c0                asprintf@@GLIBC_2.0
                0x080491d0                makecontext@@GLIBC_2.1
                0x080491e0                strndup@@GLIBC_2.0
                0x080491f0                sigemptyset@@GLIBC_2.0
                0x08049200                dlsym@@GLIBC_2.34
                0x08049210                vsnprintf@@GLIBC_2.0
                0x08049220                sigaction@@GLIBC_2.0
                0x08049230                sigaltstack@@GLIBC_2.0
 *(.iplt)
 .iplt          0x08049240        0x0 /usr/lib/gcc/x86_64-linux-gnu/13/../../../../lib32/crt1.o

.plt.got        0x08049240        0x0
 *(.plt.got)
 .plt.got       0x08049240        0x0 /usr/lib/gcc/x86_64-linux-gnu/13/../../../../lib32/crt1.o

.plt.sec
 *(.plt.sec)

.text           0x08049240     0x5344
 *(.text.unlikely .text.*_unlikely .text.unlikely.*)
 *(.text.exit .text.exit.*)
 *(.text.startup .text.startup.*)
 .text.startup  0x08049240      0x2e0 /home/cutie/RIOT/examples/tutorials/t4/bin/native/cpu/startup.o
 *(.text.hot .text.hot.*)
 *(SORT_BY_NAME(.text.sorted.*))
 *(.text .stub .text.* .gnu.linkonce.t.*)
 .text          0x08049520       0x41 /usr/lib/gcc/x86_64-linux-gnu/13/../../../../lib32/crt1.o
                0x08049520                _start
                0x08049560                _dl_relocate_static_pie
 *fill*         0x08049561        0xf 
 .text.__x86.get_pc_thunk.bx
                0x08049570        0x4 /usr/lib/gcc/x86_64-linux-gnu/13/../../../../lib32/crti.o
                0x08049570                __x86.get_pc_thunk.bx
 *fill*         0x08049574        0xc 
 .text          0x08049580       0xb6 /usr/lib/gcc/x86_64-linux-gnu/13/32/crtbegin.o
 .text.ztimer_now
                0x08049636       0x56 /home/cutie/RIOT/examples/tutorials/t4/bin/native/application_t4/main.o
 .text.handler  0x0804968c       0x95 /home/cutie/RIOT/examples/tutorials/t4/bin/native/application_t4/main.o
                0x0804968c                handler
 .text.shell_run_forever
                0x08049721       0x39 /home/cutie/RIOT/examples/tutorials/t4/bin/native/application_t4/main.o
 .text.main     0x0804975a       0x68 /home/cutie/RIOT/examples/tutorials/t4/bin/native/application_t4/main.o
                0x0804975a                main
 .text.auto_init
                0x080497c2       0x5e /home/cutie/RIOT/examples/tutorials/t4/bin/native/auto_init/auto_init.o
                0x080497c2                auto_init
 .text.__x86.get_pc_thunk.si
                0x08049820        0x4 /home/cutie/RIOT/examples/tutorials/t4/bin/native/auto_init/auto_init.o
                0x08049820                __x86.get_pc_thunk.si
 .text.board_init
                0x08049824       0x41 /home/cutie/RIOT/examples/tutorials/t4/bin/native/board/board_init.o
                0x08049824                board_init
 .text.__x86.get_pc_thunk.ax
                0x08049865        0x4 /home/cutie/RIOT/examples/tutorials/t4/bin/native/core/msg.o
                0x08049865                __x86.get_pc_thunk.ax
 .text.mutex_lock_internal
                0x08049869       0xe1 /home/cutie/RIOT/examples/tutorials/t4/bin/native/core/mutex.o
                0x08049869                mutex_lock_internal
 .text.mutex_unlock
                0x0804994a       0xb4 /home/cutie/RIOT/examples/tutorials/t4/bin/native/core/mutex.o
                0x0804994a                mutex_unlock
 .text._unschedule
                0x080499fe       0x6e /home/cutie/RIOT/examples/tutorials/t4/bin/native/core/sched.o
 .text.sched_run
                0x08049a6c       0x8f /home/cutie/RIOT/examples/tutorials/t4/bin/native/core/sched.o
                0x08049a6c                sched_run
 .text.sched_set_status
                0x08049afb       0xd8 /home/cutie/RIOT/examples/tutorials/t4/bin/native/core/sched.o
                0x08049afb                sched_set_status
 .text.sched_switch
                0x08049bd3       0x6b /home/cutie/RIOT/examples/tutorials/t4/bin/native/core/sched.o
                0x08049bd3                sched_switch
 .text.sched_task_exit
                0x08049c3e       0x61 /home/cutie/RIOT/examples/tutorials/t4/bin/native/core/sched.o
                0x08049c3e                sched_task_exit
 .text.cib_init
                0x08049c9f       0x6e /home/cutie/RIOT/examples/tutorials/t4/bin/native/core/thread.o
 .text.thread_sleep
                0x08049d0d       0x68 /home/cutie/RIOT/examples/tutorials/t4/bin/native/core/thread.o
                0x08049d0d                thread_sleep
 .text.thread_add_to_list
                0x08049d75       0x72 /home/cutie/RIOT/examples/tutorials/t4/bin/native/core/thread.o
                0x08049d75                thread_add_to_list
 .text.measure_stack_free_internal
                0x08049de7       0x44 /home/cutie/RIOT/examples/tutorials/t4/bin/native/core/thread.o
                0x08049de7                measure_stack_free_internal
 .text.thread_create
                0x08049e2b      0x1db /home/cutie/RIOT/examples/tutorials/t4/bin/native/core/thread.o
                0x08049e2b                thread_create
 .text.thread_state_to_string
                0x0804a006       0x55 /home/cutie/RIOT/examples/tutorials/t4/bin/native/core/thread.o
                0x0804a006                thread_state_to_string
 .text.__x86.get_pc_thunk.dx
                0x0804a05b        0x4 /home/cutie/RIOT/examples/tutorials/t4/bin/native/core/thread.o
                0x0804a05b                __x86.get_pc_thunk.dx
 .text._assert_common
                0x0804a05f       0x57 /home/cutie/RIOT/examples/tutorials/t4/bin/native/core_lib/assert.o
 .text._assert_failure
                0x0804a0b6       0x34 /home/cutie/RIOT/examples/tutorials/t4/bin/native/core_lib/assert.o
                0x0804a0b6                _assert_failure
 .text.main_trampoline
                0x0804a0ea       0x60 /home/cutie/RIOT/examples/tutorials/t4/bin/native/core_lib/init.o
 .text.idle_thread
                0x0804a14a       0x22 /home/cutie/RIOT/examples/tutorials/t4/bin/native/core_lib/init.o
 .text.kernel_init
                0x0804a16c       0x78 /home/cutie/RIOT/examples/tutorials/t4/bin/native/core_lib/init.o
                0x0804a16c                kernel_init
 .text.early_init
                0x0804a1e4       0x3c /home/cutie/RIOT/examples/tutorials/t4/bin/native/core_lib/init.o
                0x0804a1e4                early_init
 .text.panic_app
                0x0804a220       0x25 /home/cutie/RIOT/examples/tutorials/t4/bin/native/core_lib/panic.o
                0x0804a220                panic_app
 .text.core_panic
                0x0804a245       0x85 /home/cutie/RIOT/examples/tutorials/t4/bin/native/core_lib/panic.o
                0x0804a245                core_panic
 .text.native_async_read_cleanup
                0x0804a2ca       0x85 /home/cutie/RIOT/examples/tutorials/t4/bin/native/cpu/async_read.o
                0x0804a2ca                native_async_read_cleanup
 .text.native_shutdown
                0x0804a34f       0x37 /home/cutie/RIOT/examples/tutorials/t4/bin/native/cpu/irq_cpu.o
 .text._expect_failure
                0x0804a386       0x3b /home/cutie/RIOT/examples/tutorials/t4/bin/native/cpu/irq_cpu.o
 .text.thread_isr_stack_pointer
                0x0804a3c1       0x36 /home/cutie/RIOT/examples/tutorials/t4/bin/native/cpu/irq_cpu.o
                0x0804a3c1                thread_isr_stack_pointer
 .text.thread_isr_stack_start
                0x0804a3f7       0x36 /home/cutie/RIOT/examples/tutorials/t4/bin/native/cpu/irq_cpu.o
                0x0804a3f7                thread_isr_stack_start
 .text.irq_disable
                0x0804a42d       0x82 /home/cutie/RIOT/examples/tutorials/t4/bin/native/cpu/irq_cpu.o
                0x0804a42d                irq_disable
 .text.irq_enable
                0x0804a4af       0xbf /home/cutie/RIOT/examples/tutorials/t4/bin/native/cpu/irq_cpu.o
                0x0804a4af                irq_enable
 .text.irq_restore
                0x0804a56e       0x38 /home/cutie/RIOT/examples/tutorials/t4/bin/native/cpu/irq_cpu.o
                0x0804a56e                irq_restore
 .text.irq_is_enabled
                0x0804a5a6       0x3b /home/cutie/RIOT/examples/tutorials/t4/bin/native/cpu/irq_cpu.o
                0x0804a5a6                irq_is_enabled
 .text.irq_is_in
                0x0804a5e1       0x3b /home/cutie/RIOT/examples/tutorials/t4/bin/native/cpu/irq_cpu.o
                0x0804a5e1                irq_is_in
 .text._native_popsig
                0x0804a61c       0x8e /home/cutie/RIOT/examples/tutorials/t4/bin/native/cpu/irq_cpu.o
                0x0804a61c                _native_popsig
 .text.native_irq_handler
                0x0804a6aa       0x78 /home/cutie/RIOT/examples/tutorials/t4/bin/native/cpu/irq_cpu.o
                0x0804a6aa                native_irq_handler
 .text.isr_set_sigmask
                0x0804a722       0x52 /home/cutie/RIOT/examples/tutorials/t4/bin/native/cpu/irq_cpu.o
                0x0804a722                isr_set_sigmask
 .text.native_isr_entry
                0x0804a774      0x165 /home/cutie/RIOT/examples/tutorials/t4/bin/native/cpu/irq_cpu.o
                0x0804a774                native_isr_entry
 .text.set_signal_handler
                0x0804a8d9      0x147 /home/cutie/RIOT/examples/tutorials/t4/bin/native/cpu/irq_cpu.o
                0x0804a8d9                set_signal_handler
 .text.register_interrupt
                0x0804aa20       0x69 /home/cutie/RIOT/examples/tutorials/t4/bin/native/cpu/irq_cpu.o
                0x0804aa20                register_interrupt
 .text.unregister_interrupt
                0x0804aa89       0x67 /home/cutie/RIOT/examples/tutorials/t4/bin/native/cpu/irq_cpu.o
                0x0804aa89                unregister_interrupt
 .text.native_interrupt_init
                0x0804aaf0      0x3ca /home/cutie/RIOT/examples/tutorials/t4/bin/native/cpu/irq_cpu.o
                0x0804aaf0                native_interrupt_init
 .text.__x86.get_pc_thunk.di
                0x0804aeba        0x4 /home/cutie/RIOT/examples/tutorials/t4/bin/native/cpu/irq_cpu.o
                0x0804aeba                __x86.get_pc_thunk.di
 .text._native_mod_ctx_leave_sigh
                0x0804aebe       0x47 /home/cutie/RIOT/examples/tutorials/t4/bin/native/cpu/native_cpu.o
 .text.isr_cpu_switch_context_exit
                0x0804af05       0x8b /home/cutie/RIOT/examples/tutorials/t4/bin/native/cpu/native_cpu.o
                0x0804af05                isr_cpu_switch_context_exit
 .text.isr_thread_yield
                0x0804af90       0x8b /home/cutie/RIOT/examples/tutorials/t4/bin/native/cpu/native_cpu.o
                0x0804af90                isr_thread_yield
 .text._expect_failure
                0x0804b01b       0x3b /home/cutie/RIOT/examples/tutorials/t4/bin/native/cpu/native_cpu.o
 .text.thread_isr_stack_usage
                0x0804b056       0x2a /home/cutie/RIOT/examples/tutorials/t4/bin/native/cpu/native_cpu.o
                0x0804b056                thread_isr_stack_usage
 .text.thread_stack_init
                0x0804b080      0x110 /home/cutie/RIOT/examples/tutorials/t4/bin/native/cpu/native_cpu.o
                0x0804b080                thread_stack_init
 .text.cpu_switch_context_exit
                0x0804b190       0xa3 /home/cutie/RIOT/examples/tutorials/t4/bin/native/cpu/native_cpu.o
                0x0804b190                cpu_switch_context_exit
 .text.thread_yield_higher
                0x0804b233       0xd2 /home/cutie/RIOT/examples/tutorials/t4/bin/native/cpu/native_cpu.o
                0x0804b233                thread_yield_higher
 .text.native_cpu_init
                0x0804b305       0xd4 /home/cutie/RIOT/examples/tutorials/t4/bin/native/cpu/native_cpu.o
                0x0804b305                native_cpu_init
 .text.panic_arch
                0x0804b3d9       0x50 /home/cutie/RIOT/examples/tutorials/t4/bin/native/cpu/panic.o
                0x0804b3d9                panic_arch
 .text._reset_handler
                0x0804b429       0x37 /home/cutie/RIOT/examples/tutorials/t4/bin/native/cpu/startup.o
 .text.filter_daemonize_argv
                0x0804b460       0x83 /home/cutie/RIOT/examples/tutorials/t4/bin/native/cpu/startup.o
 .text._native_input
                0x0804b4e3       0x90 /home/cutie/RIOT/examples/tutorials/t4/bin/native/cpu/startup.o
                0x0804b4e3                _native_input
 .text._native_log_output
                0x0804b573      0x14e /home/cutie/RIOT/examples/tutorials/t4/bin/native/cpu/startup.o
                0x0804b573                _native_log_output
 .text.daemonize
                0x0804b6c1       0xe3 /home/cutie/RIOT/examples/tutorials/t4/bin/native/cpu/startup.o
                0x0804b6c1                daemonize
 .text.usage_exit
                0x0804b7a4       0x85 /home/cutie/RIOT/examples/tutorials/t4/bin/native/cpu/startup.o
                0x0804b7a4                usage_exit
 .text._native_syscall_enter
                0x0804b829       0x3d /home/cutie/RIOT/examples/tutorials/t4/bin/native/cpu/syscalls.o
                0x0804b829                _native_syscall_enter
 .text.err      0x0804b866       0x24 /home/cutie/RIOT/examples/tutorials/t4/bin/native/cpu/syscalls.o
                0x0804b866                err
 .text._native_syscall_leave
                0x0804b88a       0xfa /home/cutie/RIOT/examples/tutorials/t4/bin/native/cpu/syscalls.o
                0x0804b88a                _native_syscall_leave
 .text.malloc   0x0804b984       0x9c /home/cutie/RIOT/examples/tutorials/t4/bin/native/cpu/syscalls.o
                0x0804b984                malloc
 .text.free     0x0804ba20       0x4f /home/cutie/RIOT/examples/tutorials/t4/bin/native/cpu/syscalls.o
                0x0804ba20                free
 .text.calloc   0x0804ba6f       0xa3 /home/cutie/RIOT/examples/tutorials/t4/bin/native/cpu/syscalls.o
                0x0804ba6f                calloc
 .text.realloc  0x0804bb12       0x5a /home/cutie/RIOT/examples/tutorials/t4/bin/native/cpu/syscalls.o
                0x0804bb12                realloc
 .text.make_message
                0x0804bb6c       0xb7 /home/cutie/RIOT/examples/tutorials/t4/bin/native/cpu/syscalls.o
                0x0804bb6c                make_message
 .text._native_read
                0x0804bc23       0x78 /home/cutie/RIOT/examples/tutorials/t4/bin/native/cpu/syscalls.o
                0x0804bc23                _native_read
 .text.getc     0x0804bc9b       0x5e /home/cutie/RIOT/examples/tutorials/t4/bin/native/cpu/syscalls.o
                0x0804bc9b                getc
 .text.getchar  0x0804bcf9       0x40 /home/cutie/RIOT/examples/tutorials/t4/bin/native/cpu/syscalls.o
                0x0804bcf9                getchar
 .text.fgetc    0x0804bd39       0x31 /home/cutie/RIOT/examples/tutorials/t4/bin/native/cpu/syscalls.o
                0x0804bd39                fgetc
 .text._native_write
                0x0804bd6a       0x7c /home/cutie/RIOT/examples/tutorials/t4/bin/native/cpu/syscalls.o
                0x0804bd6a                _native_write
 .text.putchar  0x0804bde6       0x3e /home/cutie/RIOT/examples/tutorials/t4/bin/native/cpu/syscalls.o
                0x0804bde6                putchar
 .text.putc     0x0804be24       0x56 /home/cutie/RIOT/examples/tutorials/t4/bin/native/cpu/syscalls.o
                0x0804be24                putc
 .text.puts     0x0804be7a       0x5d /home/cutie/RIOT/examples/tutorials/t4/bin/native/cpu/syscalls.o
                0x0804be7a                puts
 .text.vwarn    0x0804bed7      0x107 /home/cutie/RIOT/examples/tutorials/t4/bin/native/cpu/syscalls.o
                0x0804bed7                vwarn
 .text.verr     0x0804bfde       0x36 /home/cutie/RIOT/examples/tutorials/t4/bin/native/cpu/syscalls.o
                0x0804bfde                verr
 .text.warn     0x0804c014       0x39 /home/cutie/RIOT/examples/tutorials/t4/bin/native/cpu/syscalls.o
                0x0804c014                warn
 .text.vwarnx   0x0804c04d       0xce /home/cutie/RIOT/examples/tutorials/t4/bin/native/cpu/syscalls.o
                0x0804c04d                vwarnx
 .text.verrx    0x0804c11b       0x36 /home/cutie/RIOT/examples/tutorials/t4/bin/native/cpu/syscalls.o
                0x0804c11b                verrx
 .text.warnx    0x0804c151       0x39 /home/cutie/RIOT/examples/tutorials/t4/bin/native/cpu/syscalls.o
                0x0804c151                warnx
 .text.vfprintf
                0x0804c18a       0x90 /home/cutie/RIOT/examples/tutorials/t4/bin/native/cpu/syscalls.o
                0x0804c18a                vfprintf
 .text.vprintf  0x0804c21a       0x48 /home/cutie/RIOT/examples/tutorials/t4/bin/native/cpu/syscalls.o
                0x0804c21a                vprintf
 .text.printf   0x0804c262       0x4c /home/cutie/RIOT/examples/tutorials/t4/bin/native/cpu/syscalls.o
                0x0804c262                printf
 .text.fprintf  0x0804c2ae       0x3d /home/cutie/RIOT/examples/tutorials/t4/bin/native/cpu/syscalls.o
                0x0804c2ae                fprintf
 .text.errx     0x0804c2eb       0x24 /home/cutie/RIOT/examples/tutorials/t4/bin/native/cpu/syscalls.o
                0x0804c2eb                errx
 .text.getpid   0x0804c30f       0x44 /home/cutie/RIOT/examples/tutorials/t4/bin/native/cpu/syscalls.o
                0x0804c30f                getpid
 .text._native_init_syscalls
                0x0804c353      0x5c4 /home/cutie/RIOT/examples/tutorials/t4/bin/native/cpu/syscalls.o
                0x0804c353                _native_init_syscalls
 .text          0x0804c917       0x3f /home/cutie/RIOT/examples/tutorials/t4/bin/native/cpu/tramp.o
                0x0804c917                _native_sig_leave_tramp
                0x0804c945                _native_sig_leave_handler
 .text.gpio_linux_setup
                0x0804c956      0x159 /home/cutie/RIOT/examples/tutorials/t4/bin/native/periph/gpio_linux.o
                0x0804c956                gpio_linux_setup
 .text.gpio_linux_teardown
                0x0804caaf       0xe4 /home/cutie/RIOT/examples/tutorials/t4/bin/native/periph/gpio_linux.o
                0x0804caaf                gpio_linux_teardown
 .text.__x86.get_pc_thunk.bp
                0x0804cb93        0x4 /home/cutie/RIOT/examples/tutorials/t4/bin/native/periph/gpio_linux.o
                0x0804cb93                __x86.get_pc_thunk.bp
 .text._native_sleep
                0x0804cb97       0x72 /home/cutie/RIOT/examples/tutorials/t4/bin/native/periph/pm.o
 .text.pm_set_lowest
                0x0804cc09       0x2a /home/cutie/RIOT/examples/tutorials/t4/bin/native/periph/pm.o
                0x0804cc09                pm_set_lowest
 .text.pm_off   0x0804cc33       0x3d /home/cutie/RIOT/examples/tutorials/t4/bin/native/periph/pm.o
                0x0804cc33                pm_off
 .text.pm_reboot
                0x0804cc70       0x73 /home/cutie/RIOT/examples/tutorials/t4/bin/native/periph/pm.o
                0x0804cc70                pm_reboot
 .text.ts2ticks
                0x0804cce3       0x45 /home/cutie/RIOT/examples/tutorials/t4/bin/native/periph/timer.o
 .text.native_isr_timer
                0x0804cd28       0x41 /home/cutie/RIOT/examples/tutorials/t4/bin/native/periph/timer.o
                0x0804cd28                native_isr_timer
 .text.do_timer_set
                0x0804cd69       0xb3 /home/cutie/RIOT/examples/tutorials/t4/bin/native/periph/timer.o
 .text.timer_start
                0x0804ce1c       0x6b /home/cutie/RIOT/examples/tutorials/t4/bin/native/periph/timer.o
                0x0804ce1c                timer_start
 .text.timer_set
                0x0804ce87       0x67 /home/cutie/RIOT/examples/tutorials/t4/bin/native/periph/timer.o
                0x0804ce87                timer_set
 .text.timer_clear
                0x0804ceee       0x49 /home/cutie/RIOT/examples/tutorials/t4/bin/native/periph/timer.o
                0x0804ceee                timer_clear
 .text.timer_read
                0x0804cf37       0x81 /home/cutie/RIOT/examples/tutorials/t4/bin/native/periph/timer.o
                0x0804cf37                timer_read
 .text.timer_init
                0x0804cfb8       0xde /home/cutie/RIOT/examples/tutorials/t4/bin/native/periph/timer.o
                0x0804cfb8                timer_init
 .text.tty_uart_setup
                0x0804d096       0x51 /home/cutie/RIOT/examples/tutorials/t4/bin/native/periph/uart.o
                0x0804d096                tty_uart_setup
 .text.periph_init
                0x0804d0e7       0x25 /home/cutie/RIOT/examples/tutorials/t4/bin/native/periph_common/init.o
                0x0804d0e7                periph_init
 .text.led_init
                0x0804d10c       0x25 /home/cutie/RIOT/examples/tutorials/t4/bin/native/periph_common/init_leds.o
                0x0804d10c                led_init
 .text.ps       0x0804d131      0x1a0 /home/cutie/RIOT/examples/tutorials/t4/bin/native/ps/ps.o
                0x0804d131                ps
 .text.escape_toggle
                0x0804d2d1       0x29 /home/cutie/RIOT/examples/tutorials/t4/bin/native/shell/shell.o
 .text.search_commands
                0x0804d2fa       0x59 /home/cutie/RIOT/examples/tutorials/t4/bin/native/shell/shell.o
 .text.search_commands_xfa
                0x0804d353       0x82 /home/cutie/RIOT/examples/tutorials/t4/bin/native/shell/shell.o
 .text.find_handler
                0x0804d3d5       0x40 /home/cutie/RIOT/examples/tutorials/t4/bin/native/shell/shell.o
 .text.print_commands
                0x0804d415       0x57 /home/cutie/RIOT/examples/tutorials/t4/bin/native/shell/shell.o
 .text.print_commands_xfa
                0x0804d46c       0x75 /home/cutie/RIOT/examples/tutorials/t4/bin/native/shell/shell.o
 .text.print_help
                0x0804d4e1       0x55 /home/cutie/RIOT/examples/tutorials/t4/bin/native/shell/shell.o
 .text.print_prompt
                0x0804d536       0x52 /home/cutie/RIOT/examples/tutorials/t4/bin/native/shell/shell.o
 .text.white_tape
                0x0804d588       0x5e /home/cutie/RIOT/examples/tutorials/t4/bin/native/shell/shell.o
 .text.new_line
                0x0804d5e6       0x52 /home/cutie/RIOT/examples/tutorials/t4/bin/native/shell/shell.o
 .text.shell_handle_input_line
                0x0804d638      0x321 /home/cutie/RIOT/examples/tutorials/t4/bin/native/shell/shell.o
                0x0804d638                shell_handle_input_line
 .text.readline
                0x0804d959      0x136 /home/cutie/RIOT/examples/tutorials/t4/bin/native/shell/shell.o
                0x0804d959                readline
 .text.shell_run_once
                0x0804da8f       0x88 /home/cutie/RIOT/examples/tutorials/t4/bin/native/shell/shell.o
                0x0804da8f                shell_run_once
 .text.stdio_init
                0x0804db17       0x25 /home/cutie/RIOT/examples/tutorials/t4/bin/native/stdio_native/stdio_native.o
                0x0804db17                stdio_init
 .text.stdio_read
                0x0804db3c       0x45 /home/cutie/RIOT/examples/tutorials/t4/bin/native/stdio_native/stdio_native.o
                0x0804db3c                stdio_read
 .text.stdio_write
                0x0804db81       0x45 /home/cutie/RIOT/examples/tutorials/t4/bin/native/stdio_native/stdio_native.o
                0x0804db81                stdio_write
 .text._is_set  0x0804dbc6       0x4f /home/cutie/RIOT/examples/tutorials/t4/bin/native/ztimer_core/core.o
 .text._add_entry_to_list
                0x0804dc15       0x6a /home/cutie/RIOT/examples/tutorials/t4/bin/native/ztimer_core/core.o
 .text._add_modulo
                0x0804dc7f       0x32 /home/cutie/RIOT/examples/tutorials/t4/bin/native/ztimer_core/core.o
 .text._now_next
                0x0804dcb1       0x51 /home/cutie/RIOT/examples/tutorials/t4/bin/native/ztimer_core/core.o
 .text._ztimer_update
                0x0804dd02       0x8c /home/cutie/RIOT/examples/tutorials/t4/bin/native/ztimer_core/core.o
 .text._del_entry_from_list
                0x0804dd8e       0x99 /home/cutie/RIOT/examples/tutorials/t4/bin/native/ztimer_core/core.o
 .text._ztimer_now_extend
                0x0804de27       0x9a /home/cutie/RIOT/examples/tutorials/t4/bin/native/ztimer_core/core.o
                0x0804de27                _ztimer_now_extend
 .text.ztimer_now
                0x0804dec1       0x49 /home/cutie/RIOT/examples/tutorials/t4/bin/native/ztimer_core/core.o
 .text._ztimer_update_head_offset
                0x0804df0a       0x7c /home/cutie/RIOT/examples/tutorials/t4/bin/native/ztimer_core/core.o
 .text.ztimer_set
                0x0804df86       0xc4 /home/cutie/RIOT/examples/tutorials/t4/bin/native/ztimer_core/core.o
                0x0804df86                ztimer_set
 .text.ztimer_handler
                0x0804e04a       0xec /home/cutie/RIOT/examples/tutorials/t4/bin/native/ztimer_core/core.o
                0x0804e04a                ztimer_handler
 .text.ztimer_init
                0x0804e136       0x4a /home/cutie/RIOT/examples/tutorials/t4/bin/native/ztimer_core/init.o
                0x0804e136                ztimer_init
 .text.ztimer_init_extend
                0x0804e180       0x3f /home/cutie/RIOT/examples/tutorials/t4/bin/native/ztimer_core/periph_timer.o
 .text._ztimer_periph_timer_callback
                0x0804e1bf       0x3e /home/cutie/RIOT/examples/tutorials/t4/bin/native/ztimer_core/periph_timer.o
 .text._ztimer_periph_timer_cancel
                0x0804e1fd       0x45 /home/cutie/RIOT/examples/tutorials/t4/bin/native/ztimer_core/periph_timer.o
 .text._ztimer_periph_timer_now
                0x0804e242       0x43 /home/cutie/RIOT/examples/tutorials/t4/bin/native/ztimer_core/periph_timer.o
 .text._ztimer_periph_timer_set
                0x0804e285       0x6d /home/cutie/RIOT/examples/tutorials/t4/bin/native/ztimer_core/periph_timer.o
 .text.ztimer_periph_timer_init
                0x0804e2f2       0x84 /home/cutie/RIOT/examples/tutorials/t4/bin/native/ztimer_core/periph_timer.o
                0x0804e2f2                ztimer_periph_timer_init
 .text._callback_unlock_mutex
                0x0804e376       0x3e /home/cutie/RIOT/examples/tutorials/t4/bin/native/ztimer_core/util.o
 .text.ztimer_now
                0x0804e3b4       0x56 /home/cutie/RIOT/examples/tutorials/t4/bin/native/ztimer_core/util.o
 .text.ztimer_sleep
                0x0804e40a       0xc4 /home/cutie/RIOT/examples/tutorials/t4/bin/native/ztimer_core/util.o
                0x0804e40a                ztimer_sleep
 .text.ztimer_periodic_wakeup
                0x0804e4ce       0x96 /home/cutie/RIOT/examples/tutorials/t4/bin/native/ztimer_core/util.o
                0x0804e4ce                ztimer_periodic_wakeup
 *fill*         0x0804e564        0xc 
 .text          0x0804e570       0x14 /usr/lib32/libc_nonshared.a(stack_chk_fail_local.oS)
                0x0804e570                __stack_chk_fail_local
 *(.gnu.warning)
LOAD /usr/lib/gcc/x86_64-linux-gnu/13/../../../../lib32/crt1.o
LOAD /usr/lib/gcc/x86_64-linux-gnu/13/../../../../lib32/crti.o
LOAD /usr/lib/gcc/x86_64-linux-gnu/13/32/crtbegin.o
LOAD /home/cutie/RIOT/examples/tutorials/t4/bin/native/application_t4/main.o
LOAD /home/cutie/RIOT/examples/tutorials/t4/bin/native/auto_init/auto_init.o
LOAD /home/cutie/RIOT/examples/tutorials/t4/bin/native/board/board_init.o
LOAD /home/cutie/RIOT/examples/tutorials/t4/bin/native/board_common_init/board_common.o
LOAD /home/cutie/RIOT/examples/tutorials/t4/bin/native/core/cond.o
LOAD /home/cutie/RIOT/examples/tutorials/t4/bin/native/core/msg.o
LOAD /home/cutie/RIOT/examples/tutorials/t4/bin/native/core/mutex.o
LOAD /home/cutie/RIOT/examples/tutorials/t4/bin/native/core/sched.o
LOAD /home/cutie/RIOT/examples/tutorials/t4/bin/native/core/thread.o
LOAD /home/cutie/RIOT/examples/tutorials/t4/bin/native/core_lib/assert.o
LOAD /home/cutie/RIOT/examples/tutorials/t4/bin/native/core_lib/atomic_c11.o
LOAD /home/cutie/RIOT/examples/tutorials/t4/bin/native/core_lib/atomic_sync.o
LOAD /home/cutie/RIOT/examples/tutorials/t4/bin/native/core_lib/bitarithm.o
LOAD /home/cutie/RIOT/examples/tutorials/t4/bin/native/core_lib/clist.o
LOAD /home/cutie/RIOT/examples/tutorials/t4/bin/native/core_lib/init.o
LOAD /home/cutie/RIOT/examples/tutorials/t4/bin/native/core_lib/panic.o
LOAD /home/cutie/RIOT/examples/tutorials/t4/bin/native/core_lib/priority_queue.o
LOAD /home/cutie/RIOT/examples/tutorials/t4/bin/native/core_lib/ringbuffer.o
LOAD /home/cutie/RIOT/examples/tutorials/t4/bin/native/core_lib/rmutex.o
LOAD /home/cutie/RIOT/examples/tutorials/t4/bin/native/cpu/async_read.o
LOAD /home/cutie/RIOT/examples/tutorials/t4/bin/native/cpu/irq_cpu.o
LOAD /home/cutie/RIOT/examples/tutorials/t4/bin/native/cpu/native_cpu.o
LOAD /home/cutie/RIOT/examples/tutorials/t4/bin/native/cpu/panic.o
LOAD /home/cutie/RIOT/examples/tutorials/t4/bin/native/cpu/startup.o
LOAD /home/cutie/RIOT/examples/tutorials/t4/bin/native/cpu/syscalls.o
LOAD /home/cutie/RIOT/examples/tutorials/t4/bin/native/cpu/tramp.o
LOAD /home/cutie/RIOT/examples/tutorials/t4/bin/native/div/div.o
LOAD /home/cutie/RIOT/examples/tutorials/t4/bin/native/frac/frac.o
LOAD /home/cutie/RIOT/examples/tutorials/t4/bin/native/isrpipe/isrpipe.o
LOAD /home/cutie/RIOT/examples/tutorials/t4/bin/native/libc/string.o
LOAD /home/cutie/RIOT/examples/tutorials/t4/bin/native/native_drivers/native-led.o
LOAD /home/cutie/RIOT/examples/tutorials/t4/bin/native/native_drivers/native-qdec.o
LOAD /home/cutie/RIOT/examples/tutorials/t4/bin/native/periph/gpio_linux.o
LOAD /home/cutie/RIOT/examples/tutorials/t4/bin/native/periph/pm.o
LOAD /home/cutie/RIOT/examples/tutorials/t4/bin/native/periph/timer.o
LOAD /home/cutie/RIOT/examples/tutorials/t4/bin/native/periph/uart.o
LOAD /home/cutie/RIOT/examples/tutorials/t4/bin/native/periph_common/gpio.o
LOAD /home/cutie/RIOT/examples/tutorials/t4/bin/native/periph_common/init.o
LOAD /home/cutie/RIOT/examples/tutorials/t4/bin/native/periph_common/init_leds.o
LOAD /home/cutie/RIOT/examples/tutorials/t4/bin/native/periph_common/pm.o
LOAD /home/cutie/RIOT/examples/tutorials/t4/bin/native/periph_common/timer.o
LOAD /home/cutie/RIOT/examples/tutorials/t4/bin/native/ps/ps.o
LOAD /home/cutie/RIOT/examples/tutorials/t4/bin/native/shell/shell.o
LOAD /home/cutie/RIOT/examples/tutorials/t4/bin/native/stdio_native/stdio_native.o
LOAD /home/cutie/RIOT/examples/tutorials/t4/bin/native/tsrb/tsrb.o
LOAD /home/cutie/RIOT/examples/tutorials/t4/bin/native/ztimer_core/convert.o
LOAD /home/cutie/RIOT/examples/tutorials/t4/bin/native/ztimer_core/convert_frac.o
LOAD /home/cutie/RIOT/examples/tutorials/t4/bin/native/ztimer_core/convert_shift.o
LOAD /home/cutie/RIOT/examples/tutorials/t4/bin/native/ztimer_core/core.o
LOAD /home/cutie/RIOT/examples/tutorials/t4/bin/native/ztimer_core/init.o
LOAD /home/cutie/RIOT/examples/tutorials/t4/bin/native/ztimer_core/periodic.o
LOAD /home/cutie/RIOT/examples/tutorials/t4/bin/native/ztimer_core/periph_timer.o
LOAD /home/cutie/RIOT/examples/tutorials/t4/bin/native/ztimer_core/util.o
LOAD /usr/lib/gcc/x86_64-linux-gnu/13/../../../../lib32/libm.so
LOAD /usr/lib/gcc/x86_64-linux-gnu/13/../../../../lib32/libdl.a
                0x00000000                        _slot_aux_offset = 0x0
                0x00000000                        _slot_aux_len = 0x0
LOAD /usr/lib/gcc/x86_64-linux-gnu/13/32/libgcc.a
LOAD /usr/lib/gcc/x86_64-linux-gnu/13/32/libgcc_s.so
START GROUP
LOAD /usr/lib/gcc/x86_64-linux-gnu/13/../../../../lib32/libgcc_s.so.1
LOAD /usr/lib/gcc/x86_64-linux-gnu/13/32/libgcc.a
END GROUP
LOAD /usr/lib/gcc/x86_64-linux-gnu/13/../../../../lib32/libc.so
START GROUP
LOAD /lib32/libc.so.6
LOAD /usr/lib32/libc_nonshared.a
LOAD /lib/ld-linux.so.2
END GROUP
LOAD /usr/lib/gcc/x86_64-linux-gnu/13/32/libgcc.a
LOAD /usr/lib/gcc/x86_64-linux-gnu/13/32/libgcc_s.so
START GROUP
LOAD /usr/lib/gcc/x86_64-linux-gnu/13/../../../../lib32/libgcc_s.so.1
LOAD /usr/lib/gcc/x86_64-linux-gnu/13/32/libgcc.a
END GROUP
LOAD /usr/lib/gcc/x86_64-linux-gnu/13/32/crtend.o
LOAD /usr/lib/gcc/x86_64-linux-gnu/13/../../../../lib32/crtn.o

.rodata         0x0804e584        0x4
 *(SORT_BY_NAME(.roxfa.*))
 .roxfa.auto_init_xfa.0_
                0x0804e584        0x0 /home/cutie/RIOT/examples/tutorials/t4/bin/native/auto_init/auto_init.o
                0x0804e584                auto_init_xfa
 .roxfa.auto_init_xfa.5_1010
                0x0804e584        0x4 /home/cutie/RIOT/examples/tutorials/t4/bin/native/auto_init/auto_init.o
                0x0804e584                auto_init_xfa_ztimer_init
 .roxfa.auto_init_xfa.9_
                0x0804e588        0x0 /home/cutie/RIOT/examples/tutorials/t4/bin/native/auto_init/auto_init.o
                0x0804e588                auto_init_xfa_end
 .roxfa.shell_commands_xfa.0_
                0x0804e588        0x0 /home/cutie/RIOT/examples/tutorials/t4/bin/native/shell/shell.o
                0x0804e588                shell_commands_xfa
 .roxfa.shell_commands_xfa.9_
                0x0804e588        0x0 /home/cutie/RIOT/examples/tutorials/t4/bin/native/shell/shell.o
                0x0804e588                shell_commands_xfa_end

.data
 *(SORT_BY_NAME(.xfa.*))

.tm_clone_table
                0x0804e588        0x0
 .tm_clone_table
                0x0804e588        0x0 /usr/lib/gcc/x86_64-linux-gnu/13/32/crtbegin.o
 .tm_clone_table
                0x0804e588        0x0 /usr/lib/gcc/x86_64-linux-gnu/13/32/crtend.o

.fini           0x0804e588       0x14
 *(SORT_NONE(.fini))
 .fini          0x0804e588        0xf /usr/lib/gcc/x86_64-linux-gnu/13/../../../../lib32/crti.o
                0x0804e588                _fini
 .fini          0x0804e597        0x5 /usr/lib/gcc/x86_64-linux-gnu/13/../../../../lib32/crtn.o
                [!provide]                        PROVIDE (__etext = .)
                [!provide]                        PROVIDE (_etext = .)
                [!provide]                        PROVIDE (etext = .)
                0x0804f000                        . = ALIGN (CONSTANT (MAXPAGESIZE))
                0x0804f000                        . = SEGMENT_START ("rodata-segment", (ALIGN (CONSTANT (MAXPAGESIZE)) + (. & (CONSTANT (MAXPAGESIZE) - 0x1))))

.rodata         0x0804f000     0x113c
 *(.rodata .rodata.* .gnu.linkonce.r.*)
 .rodata.cst4   0x0804f000        0x4 /usr/lib/gcc/x86_64-linux-gnu/13/../../../../lib32/crt1.o
                0x0804f000                _IO_stdin_used
 .rodata.handler.str1.1
                0x0804f004      0x66b /home/cutie/RIOT/examples/tutorials/t4/bin/native/application_t4/main.o
                                  0x3 (size before relaxing)
 .rodata.main.str1.1
                0x0804f66f        0x9 /home/cutie/RIOT/examples/tutorials/t4/bin/native/application_t4/main.o
 *fill*         0x0804f66f        0x1 
 .rodata.board_init.str1.4
                0x0804f670      0x9c0 /home/cutie/RIOT/examples/tutorials/t4/bin/native/board/board_init.o
                                 0x1f (size before relaxing)
 .rodata.mutex_lock_internal.str1.1
                0x08050030        0xd /home/cutie/RIOT/examples/tutorials/t4/bin/native/core/mutex.o
 .rodata._unschedule.str1.4
                0x08050030       0x2e /home/cutie/RIOT/examples/tutorials/t4/bin/native/core/sched.o
 .rodata._unschedule.str1.1
                0x08050030        0xf /home/cutie/RIOT/examples/tutorials/t4/bin/native/core/sched.o
 .rodata.cib_init.str1.1
                0x08050030       0x17 /home/cutie/RIOT/examples/tutorials/t4/bin/native/core/thread.o
 .rodata.thread_add_to_list.str1.1
                0x08050030        0xe /home/cutie/RIOT/examples/tutorials/t4/bin/native/core/thread.o
 .rodata.str1.1
                0x08050030       0x6a /home/cutie/RIOT/examples/tutorials/t4/bin/native/core/thread.o
 .rodata._assert_common.str1.1
                0x08050030       0x12 /home/cutie/RIOT/examples/tutorials/t4/bin/native/core_lib/assert.o
 .rodata._assert_failure.str1.1
                0x08050030        0xa /home/cutie/RIOT/examples/tutorials/t4/bin/native/core_lib/assert.o
 .rodata.main_trampoline.str1.4
                0x08050030       0x3a /home/cutie/RIOT/examples/tutorials/t4/bin/native/core_lib/init.o
 .rodata.kernel_init.str1.1
                0x08050030        0xa /home/cutie/RIOT/examples/tutorials/t4/bin/native/core_lib/init.o
 .rodata.core_panic.str1.1
                0x08050030       0x29 /home/cutie/RIOT/examples/tutorials/t4/bin/native/core_lib/panic.o
 .rodata._expect_failure.str1.1
                0x08050030       0x2d /home/cutie/RIOT/examples/tutorials/t4/bin/native/cpu/irq_cpu.o
 .rodata.irq_disable.str1.1
                0x08050030       0x19 /home/cutie/RIOT/examples/tutorials/t4/bin/native/cpu/irq_cpu.o
 .rodata.irq_enable.str1.1
                0x08050030       0x35 /home/cutie/RIOT/examples/tutorials/t4/bin/native/cpu/irq_cpu.o
 .rodata._native_popsig.str1.1
                0x08050030       0x1a /home/cutie/RIOT/examples/tutorials/t4/bin/native/cpu/irq_cpu.o
 .rodata.native_irq_handler.str1.4
                0x08050030       0x6b /home/cutie/RIOT/examples/tutorials/t4/bin/native/cpu/irq_cpu.o
 .rodata.native_isr_entry.str1.4
                0x08050030       0x8a /home/cutie/RIOT/examples/tutorials/t4/bin/native/cpu/irq_cpu.o
 .rodata.set_signal_handler.str1.1
                0x08050030       0x3c /home/cutie/RIOT/examples/tutorials/t4/bin/native/cpu/irq_cpu.o
 .rodata.native_interrupt_init.str1.4
                0x08050030      0x104 /home/cutie/RIOT/examples/tutorials/t4/bin/native/cpu/irq_cpu.o
 .rodata.native_interrupt_init.str1.1
                0x08050030       0x31 /home/cutie/RIOT/examples/tutorials/t4/bin/native/cpu/irq_cpu.o
 .rodata.__isr_stack_size
                0x08050030        0x4 /home/cutie/RIOT/examples/tutorials/t4/bin/native/cpu/irq_cpu.o
                0x08050030                __isr_stack_size
 .rodata.isr_cpu_switch_context_exit.str1.4
                0x08050034       0x50 /home/cutie/RIOT/examples/tutorials/t4/bin/native/cpu/native_cpu.o
 .rodata.isr_thread_yield.str1.1
                0x08050034       0x1d /home/cutie/RIOT/examples/tutorials/t4/bin/native/cpu/native_cpu.o
 .rodata._expect_failure.str1.1
                0x08050034       0x2d /home/cutie/RIOT/examples/tutorials/t4/bin/native/cpu/native_cpu.o
 .rodata.thread_stack_init.str1.1
                0x08050034       0x1e /home/cutie/RIOT/examples/tutorials/t4/bin/native/cpu/native_cpu.o
 .rodata.thread_stack_init.str1.4
                0x08050034       0x1f /home/cutie/RIOT/examples/tutorials/t4/bin/native/cpu/native_cpu.o
 .rodata.cpu_switch_context_exit.str1.4
                0x08050034       0x4c /home/cutie/RIOT/examples/tutorials/t4/bin/native/cpu/native_cpu.o
 .rodata.thread_yield_higher.str1.4
                0x08050034       0x21 /home/cutie/RIOT/examples/tutorials/t4/bin/native/cpu/native_cpu.o
 .rodata.native_cpu_init.str1.1
                0x08050034       0x34 /home/cutie/RIOT/examples/tutorials/t4/bin/native/cpu/native_cpu.o
 .rodata.filter_daemonize_argv.str1.1
                0x08050034        0x3 /home/cutie/RIOT/examples/tutorials/t4/bin/native/cpu/startup.o
 .rodata._native_input.str1.1
                0x08050034       0x1a /home/cutie/RIOT/examples/tutorials/t4/bin/native/cpu/startup.o
 .rodata._native_input.str1.4
                0x08050034       0x24 /home/cutie/RIOT/examples/tutorials/t4/bin/native/cpu/startup.o
 .rodata._native_log_output.str1.1
                0x08050034       0x53 /home/cutie/RIOT/examples/tutorials/t4/bin/native/cpu/startup.o
 .rodata._native_log_output.str1.4
                0x08050034       0x49 /home/cutie/RIOT/examples/tutorials/t4/bin/native/cpu/startup.o
 .rodata.daemonize.str1.1
                0x08050034       0x43 /home/cutie/RIOT/examples/tutorials/t4/bin/native/cpu/startup.o
 .rodata.usage_exit.str1.1
                0x08050034       0x2b /home/cutie/RIOT/examples/tutorials/t4/bin/native/cpu/startup.o
 .rodata.usage_exit.str1.4
                0x08050034      0x3d4 /home/cutie/RIOT/examples/tutorials/t4/bin/native/cpu/startup.o
 .rodata.startup.str1.4
                0x08050034       0x2f /home/cutie/RIOT/examples/tutorials/t4/bin/native/cpu/startup.o
 .rodata.startup
                0x08050034       0xbc /home/cutie/RIOT/examples/tutorials/t4/bin/native/cpu/startup.o
 .rodata.str1.1
                0x080500f0       0x4f /home/cutie/RIOT/examples/tutorials/t4/bin/native/cpu/startup.o
 .rodata.short_opts
                0x080500f0        0xf /home/cutie/RIOT/examples/tutorials/t4/bin/native/cpu/startup.o
 .rodata._native_syscall_leave.str1.4
                0x080500ff       0x23 /home/cutie/RIOT/examples/tutorials/t4/bin/native/cpu/syscalls.o
 .rodata.malloc.str1.1
                0x080500ff        0x7 /home/cutie/RIOT/examples/tutorials/t4/bin/native/cpu/syscalls.o
 .rodata.calloc.str1.1
                0x080500ff        0x7 /home/cutie/RIOT/examples/tutorials/t4/bin/native/cpu/syscalls.o
 .rodata.vwarn.str1.1
                0x080500ff        0xd /home/cutie/RIOT/examples/tutorials/t4/bin/native/cpu/syscalls.o
 .rodata.getpid.str1.1
                0x080500ff       0x1a /home/cutie/RIOT/examples/tutorials/t4/bin/native/cpu/syscalls.o
 .rodata._native_init_syscalls.str1.1
                0x080500ff      0x1a7 /home/cutie/RIOT/examples/tutorials/t4/bin/native/cpu/syscalls.o
 .rodata.gpio_linux_setup.str1.1
                0x080500ff       0x43 /home/cutie/RIOT/examples/tutorials/t4/bin/native/periph/gpio_linux.o
 .rodata.gpio_linux_setup.str1.4
                0x080500ff       0x20 /home/cutie/RIOT/examples/tutorials/t4/bin/native/periph/gpio_linux.o
 .rodata.pm_off.str1.1
                0x080500ff       0x11 /home/cutie/RIOT/examples/tutorials/t4/bin/native/periph/pm.o
 .rodata.pm_reboot.str1.1
                0x080500ff       0x21 /home/cutie/RIOT/examples/tutorials/t4/bin/native/periph/pm.o
 .rodata.pm_reboot.str1.4
                0x080500ff       0x2a /home/cutie/RIOT/examples/tutorials/t4/bin/native/periph/pm.o
 .rodata.timer_start.str1.1
                0x080500ff       0x1e /home/cutie/RIOT/examples/tutorials/t4/bin/native/periph/timer.o
 .rodata.timer_read.str1.4
                0x080500ff       0x1f /home/cutie/RIOT/examples/tutorials/t4/bin/native/periph/timer.o
 .rodata.ps.str1.1
                0x080500ff       0x15 /home/cutie/RIOT/examples/tutorials/t4/bin/native/ps/ps.o
 .rodata.ps.str1.4
                0x080500ff      0x108 /home/cutie/RIOT/examples/tutorials/t4/bin/native/ps/ps.o
 .rodata.print_commands.str1.1
                0x080500ff        0xa /home/cutie/RIOT/examples/tutorials/t4/bin/native/shell/shell.o
 .rodata.print_help.str1.4
                0x080500ff       0x49 /home/cutie/RIOT/examples/tutorials/t4/bin/native/shell/shell.o
 .rodata.shell_handle_input_line.str1.1
                0x080500ff       0x3c /home/cutie/RIOT/examples/tutorials/t4/bin/native/shell/shell.o
 .rodata.readline.str1.1
                0x080500ff       0x12 /home/cutie/RIOT/examples/tutorials/t4/bin/native/shell/shell.o
 *fill*         0x080500ff        0x1 
 .rodata.readline
                0x08050100       0x3c /home/cutie/RIOT/examples/tutorials/t4/bin/native/shell/shell.o
 .rodata.shell_run_once.str1.4
                0x0805013c       0x24 /home/cutie/RIOT/examples/tutorials/t4/bin/native/shell/shell.o
 .rodata._del_entry_from_list.str1.1
                0x0805013c       0x12 /home/cutie/RIOT/examples/tutorials/t4/bin/native/ztimer_core/core.o
 .rodata.ztimer_periph_timer_init.str1.1
                0x0805013c       0x1a /home/cutie/RIOT/examples/tutorials/t4/bin/native/ztimer_core/periph_timer.o
 .rodata.ztimer_sleep.str1.1
                0x0805013c       0x12 /home/cutie/RIOT/examples/tutorials/t4/bin/native/ztimer_core/util.o

.rodata1
 *(.rodata1)

.eh_frame_hdr   0x0805013c      0x4ec
 *(.eh_frame_hdr)
 .eh_frame_hdr  0x0805013c      0x4ec /usr/lib/gcc/x86_64-linux-gnu/13/../../../../lib32/crt1.o
                0x0805013c                __GNU_EH_FRAME_HDR
 *(.eh_frame_entry .eh_frame_entry.*)

.eh_frame       0x08050628     0x28cc
 *(.eh_frame)
 .eh_frame      0x08050628       0x58 /usr/lib/gcc/x86_64-linux-gnu/13/../../../../lib32/crt1.o
 .eh_frame      0x08050680       0x24 /usr/lib/gcc/x86_64-linux-gnu/13/../../../../lib32/crt1.o
                                 0x40 (size before relaxing)
 .eh_frame      0x080506a4        0x0 /usr/lib/gcc/x86_64-linux-gnu/13/../../../../lib32/crt1.o
 .eh_frame      0x080506a4       0xf4 /home/cutie/RIOT/examples/tutorials/t4/bin/native/application_t4/main.o
                                0x120 (size before relaxing)
 .eh_frame      0x08050798       0x44 /home/cutie/RIOT/examples/tutorials/t4/bin/native/auto_init/auto_init.o
                                 0x5c (size before relaxing)
 .eh_frame      0x080507dc       0x2c /home/cutie/RIOT/examples/tutorials/t4/bin/native/board/board_init.o
                                 0x58 (size before relaxing)
 .eh_frame      0x08050808        0x0 /home/cutie/RIOT/examples/tutorials/t4/bin/native/board_common_init/board_common.o
                                 0x34 (size before relaxing)
 .eh_frame      0x08050808        0x0 /home/cutie/RIOT/examples/tutorials/t4/bin/native/core/cond.o
                                0x148 (size before relaxing)
 .eh_frame      0x08050808       0x14 /home/cutie/RIOT/examples/tutorials/t4/bin/native/core/msg.o
                                0x5c8 (size before relaxing)
 .eh_frame      0x0805081c       0xe8 /home/cutie/RIOT/examples/tutorials/t4/bin/native/core/mutex.o
                                0x244 (size before relaxing)
 .eh_frame      0x08050904       0xf0 /home/cutie/RIOT/examples/tutorials/t4/bin/native/core/sched.o
                                0x184 (size before relaxing)
 .eh_frame      0x080509f4      0x190 /home/cutie/RIOT/examples/tutorials/t4/bin/native/core/thread.o
                                0x308 (size before relaxing)
 .eh_frame      0x08050b84       0x54 /home/cutie/RIOT/examples/tutorials/t4/bin/native/core_lib/assert.o
                                 0xa0 (size before relaxing)
 .eh_frame      0x08050bd8        0x0 /home/cutie/RIOT/examples/tutorials/t4/bin/native/core_lib/atomic_c11.o
                               0x1378 (size before relaxing)
 .eh_frame      0x08050bd8        0x0 /home/cutie/RIOT/examples/tutorials/t4/bin/native/core_lib/bitarithm.o
                                 0x50 (size before relaxing)
 .eh_frame      0x08050bd8        0x0 /home/cutie/RIOT/examples/tutorials/t4/bin/native/core_lib/clist.o
                                 0x68 (size before relaxing)
 .eh_frame      0x08050bd8       0xb8 /home/cutie/RIOT/examples/tutorials/t4/bin/native/core_lib/init.o
                                 0xe4 (size before relaxing)
 .eh_frame      0x08050c90       0x50 /home/cutie/RIOT/examples/tutorials/t4/bin/native/core_lib/panic.o
                                 0x98 (size before relaxing)
 .eh_frame      0x08050ce0        0x0 /home/cutie/RIOT/examples/tutorials/t4/bin/native/core_lib/priority_queue.o
                                 0x9c (size before relaxing)
 .eh_frame      0x08050ce0        0x0 /home/cutie/RIOT/examples/tutorials/t4/bin/native/core_lib/ringbuffer.o
                                0x1e0 (size before relaxing)
 .eh_frame      0x08050ce0        0x0 /home/cutie/RIOT/examples/tutorials/t4/bin/native/core_lib/rmutex.o
                                0x100 (size before relaxing)
 .eh_frame      0x08050ce0       0x48 /home/cutie/RIOT/examples/tutorials/t4/bin/native/cpu/async_read.o
                                0x358 (size before relaxing)
 .eh_frame      0x08050d28      0x58c /home/cutie/RIOT/examples/tutorials/t4/bin/native/cpu/irq_cpu.o
                                0x7a4 (size before relaxing)
 .eh_frame      0x080512b4      0x248 /home/cutie/RIOT/examples/tutorials/t4/bin/native/cpu/native_cpu.o
                                0x2e4 (size before relaxing)
 .eh_frame      0x080514fc       0x2c /home/cutie/RIOT/examples/tutorials/t4/bin/native/cpu/panic.o
                                 0x58 (size before relaxing)
 .eh_frame      0x08051528      0x2f0 /home/cutie/RIOT/examples/tutorials/t4/bin/native/cpu/startup.o
                                0x330 (size before relaxing)
 .eh_frame      0x08051818      0x934 /home/cutie/RIOT/examples/tutorials/t4/bin/native/cpu/syscalls.o
                                0x9e4 (size before relaxing)
 .eh_frame      0x0805214c        0x0 /home/cutie/RIOT/examples/tutorials/t4/bin/native/div/div.o
                                 0x50 (size before relaxing)
 .eh_frame      0x0805214c        0x0 /home/cutie/RIOT/examples/tutorials/t4/bin/native/frac/frac.o
                                0x110 (size before relaxing)
 .eh_frame      0x0805214c        0x0 /home/cutie/RIOT/examples/tutorials/t4/bin/native/isrpipe/isrpipe.o
                                0x164 (size before relaxing)
 .eh_frame      0x0805214c        0x0 /home/cutie/RIOT/examples/tutorials/t4/bin/native/libc/string.o
                                 0x64 (size before relaxing)
 .eh_frame      0x0805214c        0x0 /home/cutie/RIOT/examples/tutorials/t4/bin/native/native_drivers/native-led.o
                                0x134 (size before relaxing)
 .eh_frame      0x0805214c      0x128 /home/cutie/RIOT/examples/tutorials/t4/bin/native/periph/gpio_linux.o
                                0x2b0 (size before relaxing)
 .eh_frame      0x08052274       0xb0 /home/cutie/RIOT/examples/tutorials/t4/bin/native/periph/pm.o
                                0x10c (size before relaxing)
 .eh_frame      0x08052324      0x1b8 /home/cutie/RIOT/examples/tutorials/t4/bin/native/periph/timer.o
                                0x320 (size before relaxing)
 .eh_frame      0x080524dc       0x38 /home/cutie/RIOT/examples/tutorials/t4/bin/native/periph/uart.o
                                0x1d4 (size before relaxing)
 .eh_frame      0x08052514        0x0 /home/cutie/RIOT/examples/tutorials/t4/bin/native/periph_common/gpio.o
                                 0x7c (size before relaxing)
 .eh_frame      0x08052514       0x1c /home/cutie/RIOT/examples/tutorials/t4/bin/native/periph_common/init.o
                                 0x34 (size before relaxing)
 .eh_frame      0x08052530       0x1c /home/cutie/RIOT/examples/tutorials/t4/bin/native/periph_common/init_leds.o
                                 0x34 (size before relaxing)
 .eh_frame      0x0805254c       0xb4 /home/cutie/RIOT/examples/tutorials/t4/bin/native/ps/ps.o
                                 0xe0 (size before relaxing)
 .eh_frame      0x08052600      0x348 /home/cutie/RIOT/examples/tutorials/t4/bin/native/shell/shell.o
                                0x3dc (size before relaxing)
 .eh_frame      0x08052948       0x6c /home/cutie/RIOT/examples/tutorials/t4/bin/native/stdio_native/stdio_native.o
                                 0x98 (size before relaxing)
 .eh_frame      0x080529b4        0x0 /home/cutie/RIOT/examples/tutorials/t4/bin/native/tsrb/tsrb.o
                                0x334 (size before relaxing)
 .eh_frame      0x080529b4        0x0 /home/cutie/RIOT/examples/tutorials/t4/bin/native/ztimer_core/convert.o
                                 0xd0 (size before relaxing)
 .eh_frame      0x080529b4        0x0 /home/cutie/RIOT/examples/tutorials/t4/bin/native/ztimer_core/convert_frac.o
                                0x1c4 (size before relaxing)
 .eh_frame      0x080529b4        0x0 /home/cutie/RIOT/examples/tutorials/t4/bin/native/ztimer_core/convert_shift.o
                                0x154 (size before relaxing)
 .eh_frame      0x080529b4      0x294 /home/cutie/RIOT/examples/tutorials/t4/bin/native/ztimer_core/core.o
                                0x38c (size before relaxing)
 .eh_frame      0x08052c48       0x34 /home/cutie/RIOT/examples/tutorials/t4/bin/native/ztimer_core/init.o
                                 0x60 (size before relaxing)
 .eh_frame      0x08052c7c        0x0 /home/cutie/RIOT/examples/tutorials/t4/bin/native/ztimer_core/periodic.o
                                0x194 (size before relaxing)
 .eh_frame      0x08052c7c      0x144 /home/cutie/RIOT/examples/tutorials/t4/bin/native/ztimer_core/periph_timer.o
                                0x170 (size before relaxing)
 .eh_frame      0x08052dc0      0x114 /home/cutie/RIOT/examples/tutorials/t4/bin/native/ztimer_core/util.o
                                0x3c0 (size before relaxing)
 .eh_frame      0x08052ed4       0x1c /usr/lib32/libc_nonshared.a(stack_chk_fail_local.oS)
                                 0x48 (size before relaxing)
 .eh_frame      0x08052ef0        0x4 /usr/lib/gcc/x86_64-linux-gnu/13/32/crtend.o
 *(.eh_frame.*)

.sframe
 *(.sframe)
 *(.sframe.*)

.gcc_except_table
 *(.gcc_except_table .gcc_except_table.*)

.gnu_extab
 *(.gnu_extab*)

.exception_ranges
 *(.exception_ranges*)
                0x08053df4                        . = DATA_SEGMENT_ALIGN (CONSTANT (MAXPAGESIZE), CONSTANT (COMMONPAGESIZE))

.eh_frame
 *(.eh_frame)
 *(.eh_frame.*)

.sframe
 *(.sframe)
 *(.sframe.*)

.gnu_extab
 *(.gnu_extab)

.gcc_except_table
 *(.gcc_except_table .gcc_except_table.*)

.exception_ranges
 *(.exception_ranges*)

.tdata          0x08053df4        0x0
                [!provide]                        PROVIDE (__tdata_start = .)
 *(.tdata .tdata.* .gnu.linkonce.td.*)

.tbss
 *(.tbss .tbss.* .gnu.linkonce.tb.*)
 *(.tcommon)

.preinit_array  0x08053df4        0x0
                [!provide]                        PROVIDE (__preinit_array_start = .)
 *(.preinit_array)
                [!provide]                        PROVIDE (__preinit_array_end = .)

.init_array     0x08053df4        0x8
                0x08053df4                        PROVIDE (__init_array_start = .)
 *(SORT_BY_INIT_PRIORITY(.init_array.*) SORT_BY_INIT_PRIORITY(.ctors.*))
 *(.init_array EXCLUDE_FILE(*crtend?.o *crtend.o *crtbegin?.o *crtbegin.o) .ctors)
 .init_array    0x08053df4        0x4 /usr/lib/gcc/x86_64-linux-gnu/13/32/crtbegin.o
 .init_array    0x08053df8        0x4 /home/cutie/RIOT/examples/tutorials/t4/bin/native/cpu/startup.o
                0x08053dfc                        PROVIDE (__init_array_end = .)

.fini_array     0x08053dfc        0x4
                [!provide]                        PROVIDE (__fini_array_start = .)
 *(SORT_BY_INIT_PRIORITY(.fini_array.*) SORT_BY_INIT_PRIORITY(.dtors.*))
 *(.fini_array EXCLUDE_FILE(*crtend?.o *crtend.o *crtbegin?.o *crtbegin.o) .dtors)
 .fini_array    0x08053dfc        0x4 /usr/lib/gcc/x86_64-linux-gnu/13/32/crtbegin.o
                [!provide]                        PROVIDE (__fini_array_end = .)

.ctors
 *crtbegin.o(.ctors)
 *crtbegin?.o(.ctors)
 *(EXCLUDE_FILE(*crtend?.o *crtend.o) .ctors)
 *(SORT_BY_NAME(.ctors.*))
 *(.ctors)

.dtors
 *crtbegin.o(.dtors)
 *crtbegin?.o(.dtors)
 *(EXCLUDE_FILE(*crtend?.o *crtend.o) .dtors)
 *(SORT_BY_NAME(.dtors.*))
 *(.dtors)

.jcr
 *(.jcr)

.data.rel.ro    0x08053e00       0xf0
 *(.data.rel.ro.local* .gnu.linkonce.d.rel.ro.local.*)
 .data.rel.ro.local.state_names
                0x08053e00       0x34 /home/cutie/RIOT/examples/tutorials/t4/bin/native/core/thread.o
 *fill*         0x08053e34        0xc 
 .data.rel.ro.local.long_opts
                0x08053e40       0xa0 /home/cutie/RIOT/examples/tutorials/t4/bin/native/cpu/startup.o
 .data.rel.ro.local.ZTIMER_USEC
                0x08053ee0        0x4 /home/cutie/RIOT/examples/tutorials/t4/bin/native/ztimer_core/init.o
                0x08053ee0                ZTIMER_USEC
 .data.rel.ro.local._ztimer_periph_timer_ops
                0x08053ee4        0xc /home/cutie/RIOT/examples/tutorials/t4/bin/native/ztimer_core/periph_timer.o
 *(.data.rel.ro .data.rel.ro.* .gnu.linkonce.d.rel.ro.*)
 .data.rel.ro   0x08053ef0        0x0 /usr/lib/gcc/x86_64-linux-gnu/13/../../../../lib32/crt1.o

.dynamic        0x08053ef0       0xe8
 *(.dynamic)
 .dynamic       0x08053ef0       0xe8 /usr/lib/gcc/x86_64-linux-gnu/13/../../../../lib32/crt1.o
                0x08053ef0                _DYNAMIC

.got            0x08053fd8       0x1c
 *(.got)
 .got           0x08053fd8       0x1c /usr/lib/gcc/x86_64-linux-gnu/13/../../../../lib32/crt1.o
 *(.igot)
                0x08053ff4                        . = DATA_SEGMENT_RELRO_END (., (SIZEOF (.got.plt) >= 0xc)?0xc:0x0)

.got.plt        0x08053ff4       0x90
 *(.got.plt)
 .got.plt       0x08053ff4       0x90 /usr/lib/gcc/x86_64-linux-gnu/13/../../../../lib32/crt1.o
                0x08053ff4                _GLOBAL_OFFSET_TABLE_
 *(.igot.plt)
 .igot.plt      0x08054084        0x0 /usr/lib/gcc/x86_64-linux-gnu/13/../../../../lib32/crt1.o

.data           0x080540a0       0x24
 *(.data .data.* .gnu.linkonce.d.*)
 .data._ztimer_periph_timer
                0x080540a0       0x24 /home/cutie/RIOT/examples/tutorials/t4/bin/native/ztimer_core/init.o

.data1
 *(.data1)
                0x080540c4                        _edata = .
                [!provide]                        PROVIDE (edata = .)
                0x080540c4                        . = ALIGN (ALIGNOF (NEXT_SECTION))
                0x080540e0                        __bss_start = .

.bss            0x080540e0     0xab20
 *(.dynbss)
 .dynbss        0x080540e0        0x0 /usr/lib/gcc/x86_64-linux-gnu/13/../../../../lib32/crt1.o
 *(.bss .bss.* .gnu.linkonce.b.*)
 .bss           0x080540e0        0x1 /usr/lib/gcc/x86_64-linux-gnu/13/32/crtbegin.o
 *fill*         0x080540e1       0x1f 
 .bss.stack     0x08054100     0x3000 /home/cutie/RIOT/examples/tutorials/t4/bin/native/application_t4/main.o
                0x08054100                stack
 .bss.runqueue_bitcache
                0x08057100        0x4 /home/cutie/RIOT/examples/tutorials/t4/bin/native/core/sched.o
 *fill*         0x08057104       0x1c 
 .bss.sched_runqueues
                0x08057120       0x40 /home/cutie/RIOT/examples/tutorials/t4/bin/native/core/sched.o
                0x08057120                sched_runqueues
 .bss.sched_context_switch_request
                0x08057160        0x4 /home/cutie/RIOT/examples/tutorials/t4/bin/native/core/sched.o
                0x08057160                sched_context_switch_request
 .bss.sched_active_thread
                0x08057164        0x4 /home/cutie/RIOT/examples/tutorials/t4/bin/native/core/sched.o
                0x08057164                sched_active_thread
 .bss.sched_num_threads
                0x08057168        0x4 /home/cutie/RIOT/examples/tutorials/t4/bin/native/core/sched.o
                0x08057168                sched_num_threads
 *fill*         0x0805716c       0x14 
 .bss.sched_threads
                0x08057180       0x84 /home/cutie/RIOT/examples/tutorials/t4/bin/native/core/sched.o
                0x08057180                sched_threads
 .bss.sched_active_pid
                0x08057204        0x2 /home/cutie/RIOT/examples/tutorials/t4/bin/native/core/sched.o
                0x08057204                sched_active_pid
 *fill*         0x08057206       0x1a 
 .bss.idle_stack
                0x08057220     0x2000 /home/cutie/RIOT/examples/tutorials/t4/bin/native/core_lib/init.o
 .bss.main_stack
                0x08059220     0x3000 /home/cutie/RIOT/examples/tutorials/t4/bin/native/core_lib/init.o
 .bss.crashed   0x0805c220        0x4 /home/cutie/RIOT/examples/tutorials/t4/bin/native/core_lib/panic.o
 *fill*         0x0805c224       0x1c 
 .bss.pollers   0x0805c240       0x20 /home/cutie/RIOT/examples/tutorials/t4/bin/native/cpu/async_read.o
 .bss._fds      0x0805c260       0x10 /home/cutie/RIOT/examples/tutorials/t4/bin/native/cpu/async_read.o
 .bss._next_index
                0x0805c270        0x4 /home/cutie/RIOT/examples/tutorials/t4/bin/native/cpu/async_read.o
 .bss.sigstk.0  0x0805c274        0xc /home/cutie/RIOT/examples/tutorials/t4/bin/native/cpu/irq_cpu.o
 .bss.native_irq_handlers
                0x0805c280      0x3fc /home/cutie/RIOT/examples/tutorials/t4/bin/native/cpu/irq_cpu.o
 .bss._sig_pipefd
                0x0805c67c        0x8 /home/cutie/RIOT/examples/tutorials/t4/bin/native/cpu/irq_cpu.o
                0x0805c67c                _sig_pipefd
 .bss._native_sigpend
                0x0805c684        0x4 /home/cutie/RIOT/examples/tutorials/t4/bin/native/cpu/irq_cpu.o
                0x0805c684                _native_sigpend
 .bss._native_saved_eip
                0x0805c688        0x4 /home/cutie/RIOT/examples/tutorials/t4/bin/native/cpu/irq_cpu.o
                0x0805c688                _native_saved_eip
 .bss._native_isr_ctx
                0x0805c68c        0x4 /home/cutie/RIOT/examples/tutorials/t4/bin/native/cpu/irq_cpu.o
                0x0805c68c                _native_isr_ctx
 .bss._native_cur_ctx
                0x0805c690        0x4 /home/cutie/RIOT/examples/tutorials/t4/bin/native/cpu/irq_cpu.o
                0x0805c690                _native_cur_ctx
 *fill*         0x0805c694        0xc 
 .bss.native_isr_context
                0x0805c6a0      0x16c /home/cutie/RIOT/examples/tutorials/t4/bin/native/cpu/irq_cpu.o
                0x0805c6a0                native_isr_context
 *fill*         0x0805c80c       0x14 
 .bss.__isr_stack
                0x0805c820     0x2000 /home/cutie/RIOT/examples/tutorials/t4/bin/native/cpu/irq_cpu.o
                0x0805c820                __isr_stack
 .bss._native_sig_set_dint
                0x0805e820       0x80 /home/cutie/RIOT/examples/tutorials/t4/bin/native/cpu/irq_cpu.o
 .bss._native_sig_set
                0x0805e8a0       0x80 /home/cutie/RIOT/examples/tutorials/t4/bin/native/cpu/irq_cpu.o
 .bss._native_in_syscall
                0x0805e920        0x4 /home/cutie/RIOT/examples/tutorials/t4/bin/native/cpu/irq_cpu.o
                0x0805e920                _native_in_syscall
 .bss._native_in_isr
                0x0805e924        0x4 /home/cutie/RIOT/examples/tutorials/t4/bin/native/cpu/irq_cpu.o
                0x0805e924                _native_in_isr
 .bss.native_interrupts_enabled
                0x0805e928        0x4 /home/cutie/RIOT/examples/tutorials/t4/bin/native/cpu/irq_cpu.o
                0x0805e928                native_interrupts_enabled
 *fill*         0x0805e92c       0x14 
 .bss.end_context
                0x0805e940      0x16c /home/cutie/RIOT/examples/tutorials/t4/bin/native/cpu/native_cpu.o
                0x0805e940                end_context
 .bss._native_rng_mode
                0x0805eaac        0x4 /home/cutie/RIOT/examples/tutorials/t4/bin/native/cpu/startup.o
                0x0805eaac                _native_rng_mode
 .bss._native_rng_seed
                0x0805eab0        0x4 /home/cutie/RIOT/examples/tutorials/t4/bin/native/cpu/startup.o
                0x0805eab0                _native_rng_seed
 .bss._native_id
                0x0805eab4        0x4 /home/cutie/RIOT/examples/tutorials/t4/bin/native/cpu/startup.o
                0x0805eab4                _native_id
 .bss._native_pid
                0x0805eab8        0x4 /home/cutie/RIOT/examples/tutorials/t4/bin/native/cpu/startup.o
                0x0805eab8                _native_pid
 .bss._native_argv
                0x0805eabc        0x4 /home/cutie/RIOT/examples/tutorials/t4/bin/native/cpu/startup.o
                0x0805eabc                _native_argv
 .bss._progname
                0x0805eac0        0x4 /home/cutie/RIOT/examples/tutorials/t4/bin/native/cpu/startup.o
                0x0805eac0                _progname
 .bss._native_null_out_file
                0x0805eac4        0x4 /home/cutie/RIOT/examples/tutorials/t4/bin/native/cpu/startup.o
                0x0805eac4                _native_null_out_file
 .bss._native_null_in_pipe
                0x0805eac8        0x8 /home/cutie/RIOT/examples/tutorials/t4/bin/native/cpu/startup.o
                0x0805eac8                _native_null_in_pipe
 .bss._native_in_calloc
                0x0805ead0        0x4 /home/cutie/RIOT/examples/tutorials/t4/bin/native/cpu/syscalls.o
                0x0805ead0                _native_in_calloc
 .bss._native_in_malloc
                0x0805ead4        0x4 /home/cutie/RIOT/examples/tutorials/t4/bin/native/cpu/syscalls.o
                0x0805ead4                _native_in_malloc
 .bss.real_statvfs
                0x0805ead8        0x4 /home/cutie/RIOT/examples/tutorials/t4/bin/native/cpu/syscalls.o
                0x0805ead8                real_statvfs
 .bss.real_rename
                0x0805eadc        0x4 /home/cutie/RIOT/examples/tutorials/t4/bin/native/cpu/syscalls.o
                0x0805eadc                real_rename
 .bss.real_closedir
                0x0805eae0        0x4 /home/cutie/RIOT/examples/tutorials/t4/bin/native/cpu/syscalls.o
                0x0805eae0                real_closedir
 .bss.real_readdir
                0x0805eae4        0x4 /home/cutie/RIOT/examples/tutorials/t4/bin/native/cpu/syscalls.o
                0x0805eae4                real_readdir
 .bss.real_opendir
                0x0805eae8        0x4 /home/cutie/RIOT/examples/tutorials/t4/bin/native/cpu/syscalls.o
                0x0805eae8                real_opendir
 .bss.real_rmdir
                0x0805eaec        0x4 /home/cutie/RIOT/examples/tutorials/t4/bin/native/cpu/syscalls.o
                0x0805eaec                real_rmdir
 .bss.real_mkdir
                0x0805eaf0        0x4 /home/cutie/RIOT/examples/tutorials/t4/bin/native/cpu/syscalls.o
                0x0805eaf0                real_mkdir
 .bss.real_fsync
                0x0805eaf4        0x4 /home/cutie/RIOT/examples/tutorials/t4/bin/native/cpu/syscalls.o
                0x0805eaf4                real_fsync
 .bss.real_fstat
                0x0805eaf8        0x4 /home/cutie/RIOT/examples/tutorials/t4/bin/native/cpu/syscalls.o
                0x0805eaf8                real_fstat
 .bss.real_lseek
                0x0805eafc        0x4 /home/cutie/RIOT/examples/tutorials/t4/bin/native/cpu/syscalls.o
                0x0805eafc                real_lseek
 .bss.real_send
                0x0805eb00        0x4 /home/cutie/RIOT/examples/tutorials/t4/bin/native/cpu/syscalls.o
                0x0805eb00                real_send
 .bss.real_writev
                0x0805eb04        0x4 /home/cutie/RIOT/examples/tutorials/t4/bin/native/cpu/syscalls.o
                0x0805eb04                real_writev
 .bss.real_umask
                0x0805eb08        0x4 /home/cutie/RIOT/examples/tutorials/t4/bin/native/cpu/syscalls.o
                0x0805eb08                real_umask
 .bss.real_fgetc
                0x0805eb0c        0x4 /home/cutie/RIOT/examples/tutorials/t4/bin/native/cpu/syscalls.o
                0x0805eb0c                real_fgetc
 .bss.real_fputc
                0x0805eb10        0x4 /home/cutie/RIOT/examples/tutorials/t4/bin/native/cpu/syscalls.o
                0x0805eb10                real_fputc
 .bss.real_ftell
                0x0805eb14        0x4 /home/cutie/RIOT/examples/tutorials/t4/bin/native/cpu/syscalls.o
                0x0805eb14                real_ftell
 .bss.real_fseek
                0x0805eb18        0x4 /home/cutie/RIOT/examples/tutorials/t4/bin/native/cpu/syscalls.o
                0x0805eb18                real_fseek
 .bss.real_fclose
                0x0805eb1c        0x4 /home/cutie/RIOT/examples/tutorials/t4/bin/native/cpu/syscalls.o
                0x0805eb1c                real_fclose
 .bss.real_fopen
                0x0805eb20        0x4 /home/cutie/RIOT/examples/tutorials/t4/bin/native/cpu/syscalls.o
                0x0805eb20                real_fopen
 .bss.real_gai_strerror
                0x0805eb24        0x4 /home/cutie/RIOT/examples/tutorials/t4/bin/native/cpu/syscalls.o
                0x0805eb24                real_gai_strerror
 .bss.real_random
                0x0805eb28        0x4 /home/cutie/RIOT/examples/tutorials/t4/bin/native/cpu/syscalls.o
                0x0805eb28                real_random
 .bss.real_unlink
                0x0805eb2c        0x4 /home/cutie/RIOT/examples/tutorials/t4/bin/native/cpu/syscalls.o
                0x0805eb2c                real_unlink
 .bss.real_socket
                0x0805eb30        0x4 /home/cutie/RIOT/examples/tutorials/t4/bin/native/cpu/syscalls.o
                0x0805eb30                real_socket
 .bss.real_setsockopt
                0x0805eb34        0x4 /home/cutie/RIOT/examples/tutorials/t4/bin/native/cpu/syscalls.o
                0x0805eb34                real_setsockopt
 .bss.real_setsid
                0x0805eb38        0x4 /home/cutie/RIOT/examples/tutorials/t4/bin/native/cpu/syscalls.o
                0x0805eb38                real_setsid
 .bss.real_poll
                0x0805eb3c        0x4 /home/cutie/RIOT/examples/tutorials/t4/bin/native/cpu/syscalls.o
                0x0805eb3c                real_poll
 .bss.real_select
                0x0805eb40        0x4 /home/cutie/RIOT/examples/tutorials/t4/bin/native/cpu/syscalls.o
                0x0805eb40                real_select
 .bss.real_pipe
                0x0805eb44        0x4 /home/cutie/RIOT/examples/tutorials/t4/bin/native/cpu/syscalls.o
                0x0805eb44                real_pipe
 .bss.real_pause
                0x0805eb48        0x4 /home/cutie/RIOT/examples/tutorials/t4/bin/native/cpu/syscalls.o
                0x0805eb48                real_pause
 .bss.real_open
                0x0805eb4c        0x4 /home/cutie/RIOT/examples/tutorials/t4/bin/native/cpu/syscalls.o
                0x0805eb4c                real_open
 .bss.real_ioctl
                0x0805eb50        0x4 /home/cutie/RIOT/examples/tutorials/t4/bin/native/cpu/syscalls.o
                0x0805eb50                real_ioctl
 .bss.real_listen
                0x0805eb54        0x4 /home/cutie/RIOT/examples/tutorials/t4/bin/native/cpu/syscalls.o
                0x0805eb54                real_listen
 .bss.real_ferror
                0x0805eb58        0x4 /home/cutie/RIOT/examples/tutorials/t4/bin/native/cpu/syscalls.o
                0x0805eb58                real_ferror
 .bss.real_feof
                0x0805eb5c        0x4 /home/cutie/RIOT/examples/tutorials/t4/bin/native/cpu/syscalls.o
                0x0805eb5c                real_feof
 .bss.real_fork
                0x0805eb60        0x4 /home/cutie/RIOT/examples/tutorials/t4/bin/native/cpu/syscalls.o
                0x0805eb60                real_fork
 .bss.real_execve
                0x0805eb64        0x4 /home/cutie/RIOT/examples/tutorials/t4/bin/native/cpu/syscalls.o
                0x0805eb64                real_execve
 .bss.real_dup2
                0x0805eb68        0x4 /home/cutie/RIOT/examples/tutorials/t4/bin/native/cpu/syscalls.o
                0x0805eb68                real_dup2
 .bss.real_creat
                0x0805eb6c        0x4 /home/cutie/RIOT/examples/tutorials/t4/bin/native/cpu/syscalls.o
                0x0805eb6c                real_creat
 .bss.real_fcntl
                0x0805eb70        0x4 /home/cutie/RIOT/examples/tutorials/t4/bin/native/cpu/syscalls.o
                0x0805eb70                real_fcntl
 .bss.real_close
                0x0805eb74        0x4 /home/cutie/RIOT/examples/tutorials/t4/bin/native/cpu/syscalls.o
                0x0805eb74                real_close
 .bss.real_chdir
                0x0805eb78        0x4 /home/cutie/RIOT/examples/tutorials/t4/bin/native/cpu/syscalls.o
                0x0805eb78                real_chdir
 .bss.real_getpid
                0x0805eb7c        0x4 /home/cutie/RIOT/examples/tutorials/t4/bin/native/cpu/syscalls.o
                0x0805eb7c                real_getpid
 .bss.real_gettimeofday
                0x0805eb80        0x4 /home/cutie/RIOT/examples/tutorials/t4/bin/native/cpu/syscalls.o
                0x0805eb80                real_gettimeofday
 .bss.real_getifaddrs
                0x0805eb84        0x4 /home/cutie/RIOT/examples/tutorials/t4/bin/native/cpu/syscalls.o
                0x0805eb84                real_getifaddrs
 .bss.real_getaddrinfo
                0x0805eb88        0x4 /home/cutie/RIOT/examples/tutorials/t4/bin/native/cpu/syscalls.o
                0x0805eb88                real_getaddrinfo
 .bss.real_printf
                0x0805eb8c        0x4 /home/cutie/RIOT/examples/tutorials/t4/bin/native/cpu/syscalls.o
                0x0805eb8c                real_printf
 .bss.real_connect
                0x0805eb90        0x4 /home/cutie/RIOT/examples/tutorials/t4/bin/native/cpu/syscalls.o
                0x0805eb90                real_connect
 .bss.real_bind
                0x0805eb94        0x4 /home/cutie/RIOT/examples/tutorials/t4/bin/native/cpu/syscalls.o
                0x0805eb94                real_bind
 .bss.real_accept
                0x0805eb98        0x4 /home/cutie/RIOT/examples/tutorials/t4/bin/native/cpu/syscalls.o
                0x0805eb98                real_accept
 .bss.real_srandom
                0x0805eb9c        0x4 /home/cutie/RIOT/examples/tutorials/t4/bin/native/cpu/syscalls.o
                0x0805eb9c                real_srandom
 .bss.real_freeifaddrs
                0x0805eba0        0x4 /home/cutie/RIOT/examples/tutorials/t4/bin/native/cpu/syscalls.o
                0x0805eba0                real_freeifaddrs
 .bss.real_freeaddrinfo
                0x0805eba4        0x4 /home/cutie/RIOT/examples/tutorials/t4/bin/native/cpu/syscalls.o
                0x0805eba4                real_freeaddrinfo
 .bss.real_realloc
                0x0805eba8        0x4 /home/cutie/RIOT/examples/tutorials/t4/bin/native/cpu/syscalls.o
                0x0805eba8                real_realloc
 .bss.real_calloc
                0x0805ebac        0x4 /home/cutie/RIOT/examples/tutorials/t4/bin/native/cpu/syscalls.o
                0x0805ebac                real_calloc
 .bss.real_malloc
                0x0805ebb0        0x4 /home/cutie/RIOT/examples/tutorials/t4/bin/native/cpu/syscalls.o
                0x0805ebb0                real_malloc
 .bss.real_free
                0x0805ebb4        0x4 /home/cutie/RIOT/examples/tutorials/t4/bin/native/cpu/syscalls.o
                0x0805ebb4                real_free
 .bss.real_exit
                0x0805ebb8        0x4 /home/cutie/RIOT/examples/tutorials/t4/bin/native/cpu/syscalls.o
                0x0805ebb8                real_exit
 .bss.real_clearerr
                0x0805ebbc        0x4 /home/cutie/RIOT/examples/tutorials/t4/bin/native/cpu/syscalls.o
                0x0805ebbc                real_clearerr
 .bss.real_recv
                0x0805ebc0        0x4 /home/cutie/RIOT/examples/tutorials/t4/bin/native/cpu/syscalls.o
                0x0805ebc0                real_recv
 .bss.real_fread
                0x0805ebc4        0x4 /home/cutie/RIOT/examples/tutorials/t4/bin/native/cpu/syscalls.o
                0x0805ebc4                real_fread
 .bss.real_write
                0x0805ebc8        0x4 /home/cutie/RIOT/examples/tutorials/t4/bin/native/cpu/syscalls.o
                0x0805ebc8                real_write
 .bss.real_read
                0x0805ebcc        0x4 /home/cutie/RIOT/examples/tutorials/t4/bin/native/cpu/syscalls.o
                0x0805ebcc                real_read
 .bss.port_numof
                0x0805ebd0        0x4 /home/cutie/RIOT/examples/tutorials/t4/bin/native/periph/gpio_linux.o
 .bss.ports     0x0805ebd4        0x4 /home/cutie/RIOT/examples/tutorials/t4/bin/native/periph/gpio_linux.o
 .bss._native_retval
                0x0805ebd8        0x4 /home/cutie/RIOT/examples/tutorials/t4/bin/native/periph/pm.o
                0x0805ebd8                _native_retval
 .bss.itimer_monotonic
                0x0805ebdc        0x4 /home/cutie/RIOT/examples/tutorials/t4/bin/native/periph/timer.o
 .bss.its       0x0805ebe0       0x10 /home/cutie/RIOT/examples/tutorials/t4/bin/native/periph/timer.o
 .bss._cb_arg   0x0805ebf0        0x4 /home/cutie/RIOT/examples/tutorials/t4/bin/native/periph/timer.o
 .bss._callback
                0x0805ebf4        0x4 /home/cutie/RIOT/examples/tutorials/t4/bin/native/periph/timer.o
 .bss.time_null
                0x0805ebf8        0x4 /home/cutie/RIOT/examples/tutorials/t4/bin/native/periph/timer.o
 .bss.tty_device_filenames
                0x0805ebfc        0x4 /home/cutie/RIOT/examples/tutorials/t4/bin/native/periph/uart.o
 *(COMMON)
                0x0805ec00                        . = ALIGN ((. != 0x0)?0x4:0x1)
                0x0805ec00                        . = ALIGN (0x4)
                0x0805ec00                        . = SEGMENT_START ("ldata-segment", .)
                0x0805ec00                        . = ALIGN (0x4)
                0x0805ec00                        _end = .
                [!provide]                        PROVIDE (end = .)
                0x0805ec00                        . = DATA_SEGMENT_END (.)

.stab
 *(.stab)

.stabstr
 *(.stabstr)

.stab.excl
 *(.stab.excl)

.stab.exclstr
 *(.stab.exclstr)

.stab.index
 *(.stab.index)

.stab.indexstr
 *(.stab.indexstr)

.comment        0x00000000       0x1f
 *(.comment)
 .comment       0x00000000       0x1f /usr/lib/gcc/x86_64-linux-gnu/13/32/crtbegin.o
                                 0x20 (size before relaxing)
 .comment       0x0000001f       0x20 /home/cutie/RIOT/examples/tutorials/t4/bin/native/application_t4/main.o
 .comment       0x0000001f       0x20 /home/cutie/RIOT/examples/tutorials/t4/bin/native/auto_init/auto_init.o
 .comment       0x0000001f       0x20 /home/cutie/RIOT/examples/tutorials/t4/bin/native/board/board_init.o
 .comment       0x0000001f       0x20 /home/cutie/RIOT/examples/tutorials/t4/bin/native/board_common_init/board_common.o
 .comment       0x0000001f       0x20 /home/cutie/RIOT/examples/tutorials/t4/bin/native/core/cond.o
 .comment       0x0000001f       0x20 /home/cutie/RIOT/examples/tutorials/t4/bin/native/core/msg.o
 .comment       0x0000001f       0x20 /home/cutie/RIOT/examples/tutorials/t4/bin/native/core/mutex.o
 .comment       0x0000001f       0x20 /home/cutie/RIOT/examples/tutorials/t4/bin/native/core/sched.o
 .comment       0x0000001f       0x20 /home/cutie/RIOT/examples/tutorials/t4/bin/native/core/thread.o
 .comment       0x0000001f       0x20 /home/cutie/RIOT/examples/tutorials/t4/bin/native/core_lib/assert.o
 .comment       0x0000001f       0x20 /home/cutie/RIOT/examples/tutorials/t4/bin/native/core_lib/atomic_c11.o
 .comment       0x0000001f       0x20 /home/cutie/RIOT/examples/tutorials/t4/bin/native/core_lib/bitarithm.o
 .comment       0x0000001f       0x20 /home/cutie/RIOT/examples/tutorials/t4/bin/native/core_lib/clist.o
 .comment       0x0000001f       0x20 /home/cutie/RIOT/examples/tutorials/t4/bin/native/core_lib/init.o
 .comment       0x0000001f       0x20 /home/cutie/RIOT/examples/tutorials/t4/bin/native/core_lib/panic.o
 .comment       0x0000001f       0x20 /home/cutie/RIOT/examples/tutorials/t4/bin/native/core_lib/priority_queue.o
 .comment       0x0000001f       0x20 /home/cutie/RIOT/examples/tutorials/t4/bin/native/core_lib/ringbuffer.o
 .comment       0x0000001f       0x20 /home/cutie/RIOT/examples/tutorials/t4/bin/native/core_lib/rmutex.o
 .comment       0x0000001f       0x20 /home/cutie/RIOT/examples/tutorials/t4/bin/native/cpu/async_read.o
 .comment       0x0000001f       0x20 /home/cutie/RIOT/examples/tutorials/t4/bin/native/cpu/irq_cpu.o
 .comment       0x0000001f       0x20 /home/cutie/RIOT/examples/tutorials/t4/bin/native/cpu/native_cpu.o
 .comment       0x0000001f       0x20 /home/cutie/RIOT/examples/tutorials/t4/bin/native/cpu/panic.o
 .comment       0x0000001f       0x20 /home/cutie/RIOT/examples/tutorials/t4/bin/native/cpu/startup.o
 .comment       0x0000001f       0x20 /home/cutie/RIOT/examples/tutorials/t4/bin/native/cpu/syscalls.o
 .comment       0x0000001f       0x20 /home/cutie/RIOT/examples/tutorials/t4/bin/native/div/div.o
 .comment       0x0000001f       0x20 /home/cutie/RIOT/examples/tutorials/t4/bin/native/frac/frac.o
 .comment       0x0000001f       0x20 /home/cutie/RIOT/examples/tutorials/t4/bin/native/isrpipe/isrpipe.o
 .comment       0x0000001f       0x20 /home/cutie/RIOT/examples/tutorials/t4/bin/native/libc/string.o
 .comment       0x0000001f       0x20 /home/cutie/RIOT/examples/tutorials/t4/bin/native/native_drivers/native-led.o
 .comment       0x0000001f       0x20 /home/cutie/RIOT/examples/tutorials/t4/bin/native/periph/gpio_linux.o
 .comment       0x0000001f       0x20 /home/cutie/RIOT/examples/tutorials/t4/bin/native/periph/pm.o
 .comment       0x0000001f       0x20 /home/cutie/RIOT/examples/tutorials/t4/bin/native/periph/timer.o
 .comment       0x0000001f       0x20 /home/cutie/RIOT/examples/tutorials/t4/bin/native/periph/uart.o
 .comment       0x0000001f       0x20 /home/cutie/RIOT/examples/tutorials/t4/bin/native/periph_common/gpio.o
 .comment       0x0000001f       0x20 /home/cutie/RIOT/examples/tutorials/t4/bin/native/periph_common/init.o
 .comment       0x0000001f       0x20 /home/cutie/RIOT/examples/tutorials/t4/bin/native/periph_common/init_leds.o
 .comment       0x0000001f       0x20 /home/cutie/RIOT/examples/tutorials/t4/bin/native/ps/ps.o
 .comment       0x0000001f       0x20 /home/cutie/RIOT/examples/tutorials/t4/bin/native/shell/shell.o
 .comment       0x0000001f       0x20 /home/cutie/RIOT/examples/tutorials/t4/bin/native/stdio_native/stdio_native.o
 .comment       0x0000001f       0x20 /home/cutie/RIOT/examples/tutorials/t4/bin/native/tsrb/tsrb.o
 .comment       0x0000001f       0x20 /home/cutie/RIOT/examples/tutorials/t4/bin/native/ztimer_core/convert.o
 .comment       0x0000001f       0x20 /home/cutie/RIOT/examples/tutorials/t4/bin/native/ztimer_core/convert_frac.o
 .comment       0x0000001f       0x20 /home/cutie/RIOT/examples/tutorials/t4/bin/native/ztimer_core/convert_shift.o
 .comment       0x0000001f       0x20 /home/cutie/RIOT/examples/tutorials/t4/bin/native/ztimer_core/core.o
 .comment       0x0000001f       0x20 /home/cutie/RIOT/examples/tutorials/t4/bin/native/ztimer_core/init.o
 .comment       0x0000001f       0x20 /home/cutie/RIOT/examples/tutorials/t4/bin/native/ztimer_core/periodic.o
 .comment       0x0000001f       0x20 /home/cutie/RIOT/examples/tutorials/t4/bin/native/ztimer_core/periph_timer.o
 .comment       0x0000001f       0x20 /home/cutie/RIOT/examples/tutorials/t4/bin/native/ztimer_core/util.o
 .comment       0x0000001f       0x20 /usr/lib/gcc/x86_64-linux-gnu/13/32/crtend.o

.gnu.build.attributes
 *(.gnu.build.attributes .gnu.build.attributes.*)

.debug
 *(.debug)

.line
 *(.line)

.debug_srcinfo
 *(.debug_srcinfo)

.debug_sfnames
 *(.debug_sfnames)

.debug_aranges  0x00000000     0x1048
 *(.debug_aranges)
 .debug_aranges
                0x00000000       0x38 /home/cutie/RIOT/examples/tutorials/t4/bin/native/application_t4/main.o
 .debug_aranges
                0x00000038       0x20 /home/cutie/RIOT/examples/tutorials/t4/bin/native/auto_init/auto_init.o
 .debug_aranges
                0x00000058       0x20 /home/cutie/RIOT/examples/tutorials/t4/bin/native/board/board_init.o
 .debug_aranges
                0x00000078       0x20 /home/cutie/RIOT/examples/tutorials/t4/bin/native/board_common_init/board_common.o
 .debug_aranges
                0x00000098       0x40 /home/cutie/RIOT/examples/tutorials/t4/bin/native/core/cond.o
 .debug_aranges
                0x000000d8       0xc0 /home/cutie/RIOT/examples/tutorials/t4/bin/native/core/msg.o
 .debug_aranges
                0x00000198       0x40 /home/cutie/RIOT/examples/tutorials/t4/bin/native/core/mutex.o
 .debug_aranges
                0x000001d8       0x48 /home/cutie/RIOT/examples/tutorials/t4/bin/native/core/sched.o
 .debug_aranges
                0x00000220       0x78 /home/cutie/RIOT/examples/tutorials/t4/bin/native/core/thread.o
 .debug_aranges
                0x00000298       0x30 /home/cutie/RIOT/examples/tutorials/t4/bin/native/core_lib/assert.o
 .debug_aranges
                0x000002c8      0x240 /home/cutie/RIOT/examples/tutorials/t4/bin/native/core_lib/atomic_c11.o
 .debug_aranges
                0x00000508       0x28 /home/cutie/RIOT/examples/tutorials/t4/bin/native/core_lib/bitarithm.o
 .debug_aranges
                0x00000530       0x20 /home/cutie/RIOT/examples/tutorials/t4/bin/native/core_lib/clist.o
 .debug_aranges
                0x00000550       0x38 /home/cutie/RIOT/examples/tutorials/t4/bin/native/core_lib/init.o
 .debug_aranges
                0x00000588       0x30 /home/cutie/RIOT/examples/tutorials/t4/bin/native/core_lib/panic.o
 .debug_aranges
                0x000005b8       0x30 /home/cutie/RIOT/examples/tutorials/t4/bin/native/core_lib/priority_queue.o
 .debug_aranges
                0x000005e8       0x60 /home/cutie/RIOT/examples/tutorials/t4/bin/native/core_lib/ringbuffer.o
 .debug_aranges
                0x00000648       0x38 /home/cutie/RIOT/examples/tutorials/t4/bin/native/core_lib/rmutex.o
 .debug_aranges
                0x00000680       0x60 /home/cutie/RIOT/examples/tutorials/t4/bin/native/cpu/async_read.o
 .debug_aranges
                0x000006e0       0xb8 /home/cutie/RIOT/examples/tutorials/t4/bin/native/cpu/irq_cpu.o
 .debug_aranges
                0x00000798       0x70 /home/cutie/RIOT/examples/tutorials/t4/bin/native/cpu/native_cpu.o
 .debug_aranges
                0x00000808       0x20 /home/cutie/RIOT/examples/tutorials/t4/bin/native/cpu/panic.o
 .debug_aranges
                0x00000828       0x50 /home/cutie/RIOT/examples/tutorials/t4/bin/native/cpu/startup.o
 .debug_aranges
                0x00000878      0x108 /home/cutie/RIOT/examples/tutorials/t4/bin/native/cpu/syscalls.o
 .debug_aranges
                0x00000980       0x20 /home/cutie/RIOT/examples/tutorials/t4/bin/native/cpu/tramp.o
 .debug_aranges
                0x000009a0       0x20 /home/cutie/RIOT/examples/tutorials/t4/bin/native/div/div.o
 .debug_aranges
                0x000009c0       0x30 /home/cutie/RIOT/examples/tutorials/t4/bin/native/frac/frac.o
 .debug_aranges
                0x000009f0       0x40 /home/cutie/RIOT/examples/tutorials/t4/bin/native/isrpipe/isrpipe.o
 .debug_aranges
                0x00000a30       0x28 /home/cutie/RIOT/examples/tutorials/t4/bin/native/libc/string.o
 .debug_aranges
                0x00000a58       0x48 /home/cutie/RIOT/examples/tutorials/t4/bin/native/native_drivers/native-led.o
 .debug_aranges
                0x00000aa0       0x60 /home/cutie/RIOT/examples/tutorials/t4/bin/native/periph/gpio_linux.o
 .debug_aranges
                0x00000b00       0x40 /home/cutie/RIOT/examples/tutorials/t4/bin/native/periph/pm.o
 .debug_aranges
                0x00000b40       0x80 /home/cutie/RIOT/examples/tutorials/t4/bin/native/periph/timer.o
 .debug_aranges
                0x00000bc0       0x48 /home/cutie/RIOT/examples/tutorials/t4/bin/native/periph/uart.o
 .debug_aranges
                0x00000c08       0x20 /home/cutie/RIOT/examples/tutorials/t4/bin/native/periph_common/gpio.o
 .debug_aranges
                0x00000c28       0x20 /home/cutie/RIOT/examples/tutorials/t4/bin/native/periph_common/init.o
 .debug_aranges
                0x00000c48       0x20 /home/cutie/RIOT/examples/tutorials/t4/bin/native/periph_common/init_leds.o
 .debug_aranges
                0x00000c68       0x20 /home/cutie/RIOT/examples/tutorials/t4/bin/native/ps/ps.o
 .debug_aranges
                0x00000c88       0x98 /home/cutie/RIOT/examples/tutorials/t4/bin/native/shell/shell.o
 .debug_aranges
                0x00000d20       0x30 /home/cutie/RIOT/examples/tutorials/t4/bin/native/stdio_native/stdio_native.o
 .debug_aranges
                0x00000d50       0x80 /home/cutie/RIOT/examples/tutorials/t4/bin/native/tsrb/tsrb.o
 .debug_aranges
                0x00000dd0       0x38 /home/cutie/RIOT/examples/tutorials/t4/bin/native/ztimer_core/convert.o
 .debug_aranges
                0x00000e08       0x48 /home/cutie/RIOT/examples/tutorials/t4/bin/native/ztimer_core/convert_frac.o
 .debug_aranges
                0x00000e50       0x48 /home/cutie/RIOT/examples/tutorials/t4/bin/native/ztimer_core/convert_shift.o
 .debug_aranges
                0x00000e98       0x80 /home/cutie/RIOT/examples/tutorials/t4/bin/native/ztimer_core/core.o
 .debug_aranges
                0x00000f18       0x20 /home/cutie/RIOT/examples/tutorials/t4/bin/native/ztimer_core/init.o
 .debug_aranges
                0x00000f38       0x48 /home/cutie/RIOT/examples/tutorials/t4/bin/native/ztimer_core/periodic.o
 .debug_aranges
                0x00000f80       0x48 /home/cutie/RIOT/examples/tutorials/t4/bin/native/ztimer_core/periph_timer.o
 .debug_aranges
                0x00000fc8       0x80 /home/cutie/RIOT/examples/tutorials/t4/bin/native/ztimer_core/util.o

.debug_pubnames
 *(.debug_pubnames)

.debug_info     0x00000000    0x1755f
 *(.debug_info .gnu.linkonce.wi.*)
 .debug_info    0x00000000      0x704 /home/cutie/RIOT/examples/tutorials/t4/bin/native/application_t4/main.o
 .debug_info    0x00000704      0x1b5 /home/cutie/RIOT/examples/tutorials/t4/bin/native/auto_init/auto_init.o
 .debug_info    0x000008b9       0xcc /home/cutie/RIOT/examples/tutorials/t4/bin/native/board/board_init.o
 .debug_info    0x00000985       0xaf /home/cutie/RIOT/examples/tutorials/t4/bin/native/board_common_init/board_common.o
 .debug_info    0x00000a34      0x713 /home/cutie/RIOT/examples/tutorials/t4/bin/native/core/cond.o
 .debug_info    0x00001147     0x184e /home/cutie/RIOT/examples/tutorials/t4/bin/native/core/msg.o
 .debug_info    0x00002995      0x9e2 /home/cutie/RIOT/examples/tutorials/t4/bin/native/core/mutex.o
 .debug_info    0x00003377      0xbc5 /home/cutie/RIOT/examples/tutorials/t4/bin/native/core/sched.o
 .debug_info    0x00003f3c      0xd60 /home/cutie/RIOT/examples/tutorials/t4/bin/native/core/thread.o
 .debug_info    0x00004c9c      0x222 /home/cutie/RIOT/examples/tutorials/t4/bin/native/core_lib/assert.o
 .debug_info    0x00004ebe     0x2460 /home/cutie/RIOT/examples/tutorials/t4/bin/native/core_lib/atomic_c11.o