Archive member included to satisfy reference by file (symbol)

/usr/lib32/libc_nonshared.a(stack_chk_fail_local.oS)
                              /home/cutie/RIOT/examples/tutorials/t1/bin/native/auto_init/auto_init.o (__stack_chk_fail_local)

Merging program properties

Removed property 0xc0000002 to merge /usr/lib/gcc/x86_64-linux-gnu/13/32/crtbegin.o (0x3) and /usr/lib/gcc/x86_64-linux-gnu/13/../../../../lib32/crt1.o (not found)
Removed property 0xc0000002 to merge /usr/lib/gcc/x86_64-linux-gnu/13/32/crtbegin.o (not found) and /usr/lib/gcc/x86_64-linux-gnu/13/32/crtend.o (0x3)

As-needed library included to satisfy reference by file (symbol)

libc.so.6                     /home/cutie/RIOT/examples/tutorials/t1/bin/native/cpu/irq_cpu.o (sigaction@@GLIBC_2.0)

Discarded input sections

 .rodata        0x00000000        0x4 /usr/lib/gcc/x86_64-linux-gnu/13/../../../../lib32/crt1.o
 .data          0x00000000        0x4 /usr/lib/gcc/x86_64-linux-gnu/13/../../../../lib32/crt1.o
 .bss           0x00000000        0x0 /usr/lib/gcc/x86_64-linux-gnu/13/../../../../lib32/crt1.o
 .note.GNU-stack
                0x00000000        0x0 /usr/lib/gcc/x86_64-linux-gnu/13/../../../../lib32/crt1.o
 .group         0x00000000        0x8 /usr/lib/gcc/x86_64-linux-gnu/13/../../../../lib32/crti.o
 .text          0x00000000        0x0 /usr/lib/gcc/x86_64-linux-gnu/13/../../../../lib32/crti.o
 .data          0x00000000        0x0 /usr/lib/gcc/x86_64-linux-gnu/13/../../../../lib32/crti.o
 .bss           0x00000000        0x0 /usr/lib/gcc/x86_64-linux-gnu/13/../../../../lib32/crti.o
 .note.GNU-stack
                0x00000000        0x0 /usr/lib/gcc/x86_64-linux-gnu/13/../../../../lib32/crti.o
 .data          0x00000000        0x4 /usr/lib/gcc/x86_64-linux-gnu/13/32/crtbegin.o
 .note.GNU-stack
                0x00000000        0x0 /usr/lib/gcc/x86_64-linux-gnu/13/32/crtbegin.o
 .note.gnu.property
                0x00000000       0x1c /usr/lib/gcc/x86_64-linux-gnu/13/32/crtbegin.o
 .group         0x00000000        0x8 /home/cutie/RIOT/examples/tutorials/t1/bin/native/application_t1/main.o
 .group         0x00000000        0xc /home/cutie/RIOT/examples/tutorials/t1/bin/native/application_t1/main.o
 .group         0x00000000        0xc /home/cutie/RIOT/examples/tutorials/t1/bin/native/application_t1/main.o
 .group         0x00000000        0xc /home/cutie/RIOT/examples/tutorials/t1/bin/native/application_t1/main.o
 .group         0x00000000        0xc /home/cutie/RIOT/examples/tutorials/t1/bin/native/application_t1/main.o
 .group         0x00000000        0xc /home/cutie/RIOT/examples/tutorials/t1/bin/native/application_t1/main.o
 .group         0x00000000        0xc /home/cutie/RIOT/examples/tutorials/t1/bin/native/application_t1/main.o
 .group         0x00000000        0xc /home/cutie/RIOT/examples/tutorials/t1/bin/native/application_t1/main.o
 .group         0x00000000        0xc /home/cutie/RIOT/examples/tutorials/t1/bin/native/application_t1/main.o
 .group         0x00000000        0xc /home/cutie/RIOT/examples/tutorials/t1/bin/native/application_t1/main.o
 .group         0x00000000        0xc /home/cutie/RIOT/examples/tutorials/t1/bin/native/application_t1/main.o
 .group         0x00000000        0xc /home/cutie/RIOT/examples/tutorials/t1/bin/native/application_t1/main.o
 .group         0x00000000        0xc /home/cutie/RIOT/examples/tutorials/t1/bin/native/application_t1/main.o
 .group         0x00000000        0xc /home/cutie/RIOT/examples/tutorials/t1/bin/native/application_t1/main.o
 .group         0x00000000        0xc /home/cutie/RIOT/examples/tutorials/t1/bin/native/application_t1/main.o
 .group         0x00000000        0xc /home/cutie/RIOT/examples/tutorials/t1/bin/native/application_t1/main.o
 .group         0x00000000        0xc /home/cutie/RIOT/examples/tutorials/t1/bin/native/application_t1/main.o
 .group         0x00000000        0xc /home/cutie/RIOT/examples/tutorials/t1/bin/native/application_t1/main.o
 .group         0x00000000        0xc /home/cutie/RIOT/examples/tutorials/t1/bin/native/application_t1/main.o
 .group         0x00000000        0xc /home/cutie/RIOT/examples/tutorials/t1/bin/native/application_t1/main.o
 .group         0x00000000        0xc /home/cutie/RIOT/examples/tutorials/t1/bin/native/application_t1/main.o
 .group         0x00000000        0xc /home/cutie/RIOT/examples/tutorials/t1/bin/native/application_t1/main.o
 .group         0x00000000        0xc /home/cutie/RIOT/examples/tutorials/t1/bin/native/application_t1/main.o
 .group         0x00000000        0xc /home/cutie/RIOT/examples/tutorials/t1/bin/native/application_t1/main.o
 .group         0x00000000        0xc /home/cutie/RIOT/examples/tutorials/t1/bin/native/application_t1/main.o
 .group         0x00000000        0xc /home/cutie/RIOT/examples/tutorials/t1/bin/native/application_t1/main.o
 .group         0x00000000        0xc /home/cutie/RIOT/examples/tutorials/t1/bin/native/application_t1/main.o
[...]
Memory Configuration

Name             Origin             Length             Attributes
*default*        0x00000000         0xffffffff

Linker script and memory map

                [!provide]                        PROVIDE (__executable_start = SEGMENT_START ("text-segment", 0x8048000))
                0x08048194                        . = (SEGMENT_START ("text-segment", 0x8048000) + SIZEOF_HEADERS)

.interp         0x08048194       0x13
 *(.interp)
 .interp        0x08048194       0x13 /usr/lib/gcc/x86_64-linux-gnu/13/../../../../lib32/crt1.o

.note.gnu.build-id
                0x080481a8       0x24
 *(.note.gnu.build-id)
 .note.gnu.build-id
                0x080481a8       0x24 /usr/lib/gcc/x86_64-linux-gnu/13/../../../../lib32/crt1.o

.note.ABI-tag   0x080481cc       0x20
 .note.ABI-tag  0x080481cc       0x20 /usr/lib/gcc/x86_64-linux-gnu/13/../../../../lib32/crt1.o

.hash
 *(.hash)

.gnu.hash       0x080481ec       0xd4
 *(.gnu.hash)
 .gnu.hash      0x080481ec       0xd4 /usr/lib/gcc/x86_64-linux-gnu/13/../../../../lib32/crt1.o

.dynsym         0x080482c0      0x390
 *(.dynsym)
 .dynsym        0x080482c0      0x390 /usr/lib/gcc/x86_64-linux-gnu/13/../../../../lib32/crt1.o

.dynstr         0x08048650      0x209
 *(.dynstr)
 .dynstr        0x08048650      0x209 /usr/lib/gcc/x86_64-linux-gnu/13/../../../../lib32/crt1.o

.gnu.version    0x0804885a       0x72
 *(.gnu.version)
 .gnu.version   0x0804885a       0x72 /usr/lib/gcc/x86_64-linux-gnu/13/../../../../lib32/crt1.o

.gnu.version_d  0x080488cc        0x0
 *(.gnu.version_d)
 .gnu.version_d
                0x080488cc        0x0 /usr/lib/gcc/x86_64-linux-gnu/13/../../../../lib32/crt1.o

.gnu.version_r  0x080488cc       0x70
 *(.gnu.version_r)
 .gnu.version_r
                0x080488cc       0x70 /usr/lib/gcc/x86_64-linux-gnu/13/../../../../lib32/crt1.o

.rel.dyn        0x0804893c       0x28
 *(.rel.init)
 *(.rel.text .rel.text.* .rel.gnu.linkonce.t.*)
 .rel.text      0x0804893c        0x0 /usr/lib/gcc/x86_64-linux-gnu/13/../../../../lib32/crt1.o
 .rel.text.core_panic
                0x0804893c        0x0 /usr/lib/gcc/x86_64-linux-gnu/13/../../../../lib32/crt1.o
 *(.rel.fini)
 *(.rel.rodata .rel.rodata.* .rel.gnu.linkonce.r.*)
 *(.rel.data.rel.ro .rel.data.rel.ro.* .rel.gnu.linkonce.d.rel.ro.*)
 .rel.data.rel.ro
                0x0804893c        0x0 /usr/lib/gcc/x86_64-linux-gnu/13/../../../../lib32/crt1.o
 *(.rel.data .rel.data.* .rel.gnu.linkonce.d.*)
 *(.rel.tdata .rel.tdata.* .rel.gnu.linkonce.td.*)
 *(.rel.tbss .rel.tbss.* .rel.gnu.linkonce.tb.*)
 *(.rel.ctors)
 *(.rel.dtors)
 *(.rel.got)
 .rel.got       0x0804893c       0x28 /usr/lib/gcc/x86_64-linux-gnu/13/../../../../lib32/crt1.o
 *(.rel.bss .rel.bss.* .rel.gnu.linkonce.b.*)
 .rel.bss       0x08048964        0x0 /usr/lib/gcc/x86_64-linux-gnu/13/../../../../lib32/crt1.o
 *(.rel.ifunc)

.rel.plt        0x08048964       0xd8
 *(.rel.plt)
 .rel.plt       0x08048964       0xd8 /usr/lib/gcc/x86_64-linux-gnu/13/../../../../lib32/crt1.o
                [!provide]                        PROVIDE (__rel_iplt_start = .)
 *(.rel.iplt)
 .rel.iplt      0x08048a3c        0x0 /usr/lib/gcc/x86_64-linux-gnu/13/../../../../lib32/crt1.o
                [!provide]                        PROVIDE (__rel_iplt_end = .)

.relr.dyn
 *(.relr.dyn)
                0x08049000                        . = ALIGN (CONSTANT (MAXPAGESIZE))

.init           0x08049000       0x20
 *(SORT_NONE(.init))
 .init          0x08049000       0x1b /usr/lib/gcc/x86_64-linux-gnu/13/../../../../lib32/crti.o
                0x08049000                _init
 .init          0x0804901b        0x5 /usr/lib/gcc/x86_64-linux-gnu/13/../../../../lib32/crtn.o

.plt            0x08049020      0x1c0
 *(.plt)
 .plt           0x08049020      0x1c0 /usr/lib/gcc/x86_64-linux-gnu/13/../../../../lib32/crt1.o
                0x08049030                strcmp@@GLIBC_2.0
                0x08049040                __libc_start_main@@GLIBC_2.34
                0x08049050                sigprocmask@@GLIBC_2.0
                0x08049060                reallocarray@@GLIBC_2.26
                0x08049070                setcontext@@GLIBC_2.0
                0x08049080                __stack_chk_fail@@GLIBC_2.4
                0x08049090                sysconf@@GLIBC_2.0
                0x080490a0                strerror@@GLIBC_2.0
                0x080490b0                kill@@GLIBC_2.0
                0x080490c0                getopt_long@@GLIBC_2.0
                0x080490d0                __isoc23_strtol@@GLIBC_2.38
                0x080490e0                strlen@@GLIBC_2.0
                0x080490f0                sigdelset@@GLIBC_2.0
                0x08049100                getcontext@@GLIBC_2.1
                0x08049110                sigaddset@@GLIBC_2.0
                0x08049120                sigfillset@@GLIBC_2.0
                0x08049130                snprintf@@GLIBC_2.0
                0x08049140                swapcontext@@GLIBC_2.1
                0x08049150                __errno_location@@GLIBC_2.0
                0x08049160                fileno@@GLIBC_2.0
                0x08049170                makecontext@@GLIBC_2.1
                0x08049180                strndup@@GLIBC_2.0
                0x08049190                sigemptyset@@GLIBC_2.0
                0x080491a0                dlsym@@GLIBC_2.34
                0x080491b0                vsnprintf@@GLIBC_2.0
                0x080491c0                sigaction@@GLIBC_2.0
                0x080491d0                sigaltstack@@GLIBC_2.0
 *(.iplt)
 .iplt          0x080491e0        0x0 /usr/lib/gcc/x86_64-linux-gnu/13/../../../../lib32/crt1.o

.plt.got        0x080491e0        0x0
 *(.plt.got)
 .plt.got       0x080491e0        0x0 /usr/lib/gcc/x86_64-linux-gnu/13/../../../../lib32/crt1.o

.plt.sec
 *(.plt.sec)

.text           0x080491e0     0x4004
 *(.text.unlikely .text.*_unlikely .text.unlikely.*)
 *(.text.exit .text.exit.*)
 *(.text.startup .text.startup.*)
 .text.startup  0x080491e0      0x2e0 /home/cutie/RIOT/examples/tutorials/t1/bin/native/cpu/startup.o
 *(.text.hot .text.hot.*)
 *(SORT_BY_NAME(.text.sorted.*))
 *(.text .stub .text.* .gnu.linkonce.t.*)
 .text          0x080494c0       0x41 /usr/lib/gcc/x86_64-linux-gnu/13/../../../../lib32/crt1.o
                0x080494c0                _start
                0x08049500                _dl_relocate_static_pie
 *fill*         0x08049501        0xf 
 .text.__x86.get_pc_thunk.bx
                0x08049510        0x4 /usr/lib/gcc/x86_64-linux-gnu/13/../../../../lib32/crti.o
                0x08049510                __x86.get_pc_thunk.bx
 *fill*         0x08049514        0xc 
 .text          0x08049520       0xb6 /usr/lib/gcc/x86_64-linux-gnu/13/32/crtbegin.o
 .text.shell_run_forever
                0x080495d6       0x39 /home/cutie/RIOT/examples/tutorials/t1/bin/native/application_t1/main.o
 .text.main     0x0804960f       0x4c /home/cutie/RIOT/examples/tutorials/t1/bin/native/application_t1/main.o
                0x0804960f                main
 .text.auto_init
                0x0804965b       0x5e /home/cutie/RIOT/examples/tutorials/t1/bin/native/auto_init/auto_init.o
                0x0804965b                auto_init
 .text.__x86.get_pc_thunk.si
                0x080496b9        0x4 /home/cutie/RIOT/examples/tutorials/t1/bin/native/auto_init/auto_init.o
                0x080496b9                __x86.get_pc_thunk.si
 .text.board_init
                0x080496bd       0x41 /home/cutie/RIOT/examples/tutorials/t1/bin/native/board/board_init.o
                0x080496bd                board_init
 .text.__x86.get_pc_thunk.ax
                0x080496fe        0x4 /home/cutie/RIOT/examples/tutorials/t1/bin/native/core/msg.o
                0x080496fe                __x86.get_pc_thunk.ax
 .text._unschedule
                0x08049702       0x6e /home/cutie/RIOT/examples/tutorials/t1/bin/native/core/sched.o
 .text.sched_run
                0x08049770       0x8f /home/cutie/RIOT/examples/tutorials/t1/bin/native/core/sched.o
                0x08049770                sched_run
 .text.sched_set_status
                0x080497ff       0xd8 /home/cutie/RIOT/examples/tutorials/t1/bin/native/core/sched.o
                0x080497ff                sched_set_status
 .text.sched_switch
                0x080498d7       0x6b /home/cutie/RIOT/examples/tutorials/t1/bin/native/core/sched.o
                0x080498d7                sched_switch
 .text.sched_task_exit
                0x08049942       0x61 /home/cutie/RIOT/examples/tutorials/t1/bin/native/core/sched.o
                0x08049942                sched_task_exit
 .text.cib_init
                0x080499a3       0x6e /home/cutie/RIOT/examples/tutorials/t1/bin/native/core/thread.o
 .text.thread_sleep
                0x08049a11       0x68 /home/cutie/RIOT/examples/tutorials/t1/bin/native/core/thread.o
                0x08049a11                thread_sleep
 .text.thread_create
                0x08049a79      0x1db /home/cutie/RIOT/examples/tutorials/t1/bin/native/core/thread.o
                0x08049a79                thread_create
 .text.__x86.get_pc_thunk.dx
                0x08049c54        0x4 /home/cutie/RIOT/examples/tutorials/t1/bin/native/core/thread.o
                0x08049c54                __x86.get_pc_thunk.dx
 .text._assert_common
                0x08049c58       0x57 /home/cutie/RIOT/examples/tutorials/t1/bin/native/core_lib/assert.o
 .text._assert_failure
                0x08049caf       0x34 /home/cutie/RIOT/examples/tutorials/t1/bin/native/core_lib/assert.o
                0x08049caf                _assert_failure
 .text.main_trampoline
                0x08049ce3       0x60 /home/cutie/RIOT/examples/tutorials/t1/bin/native/core_lib/init.o
 .text.idle_thread
                0x08049d43       0x22 /home/cutie/RIOT/examples/tutorials/t1/bin/native/core_lib/init.o
 .text.kernel_init
                0x08049d65       0x78 /home/cutie/RIOT/examples/tutorials/t1/bin/native/core_lib/init.o
                0x08049d65                kernel_init
 .text.early_init
                0x08049ddd       0x3c /home/cutie/RIOT/examples/tutorials/t1/bin/native/core_lib/init.o
                0x08049ddd                early_init
 .text.panic_app
                0x08049e19       0x25 /home/cutie/RIOT/examples/tutorials/t1/bin/native/core_lib/panic.o
                0x08049e19                panic_app
 .text.core_panic
                0x08049e3e       0x74 /home/cutie/RIOT/examples/tutorials/t1/bin/native/core_lib/panic.o
                0x08049e3e                core_panic
 .text.native_async_read_cleanup
                0x08049eb2       0x85 /home/cutie/RIOT/examples/tutorials/t1/bin/native/cpu/async_read.o
                0x08049eb2                native_async_read_cleanup
 .text.native_shutdown
                0x08049f37       0x37 /home/cutie/RIOT/examples/tutorials/t1/bin/native/cpu/irq_cpu.o
 .text._expect_failure
                0x08049f6e       0x3b /home/cutie/RIOT/examples/tutorials/t1/bin/native/cpu/irq_cpu.o
 .text.irq_disable
                0x08049fa9       0x82 /home/cutie/RIOT/examples/tutorials/t1/bin/native/cpu/irq_cpu.o
                0x08049fa9                irq_disable
 .text.irq_enable
                0x0804a02b       0xbf /home/cutie/RIOT/examples/tutorials/t1/bin/native/cpu/irq_cpu.o
                0x0804a02b                irq_enable
 .text.irq_restore
                0x0804a0ea       0x38 /home/cutie/RIOT/examples/tutorials/t1/bin/native/cpu/irq_cpu.o
                0x0804a0ea                irq_restore
 .text.irq_is_enabled
                0x0804a122       0x3b /home/cutie/RIOT/examples/tutorials/t1/bin/native/cpu/irq_cpu.o
                0x0804a122                irq_is_enabled
 .text.irq_is_in
                0x0804a15d       0x3b /home/cutie/RIOT/examples/tutorials/t1/bin/native/cpu/irq_cpu.o
                0x0804a15d                irq_is_in
 .text._native_popsig
                0x0804a198       0x8e /home/cutie/RIOT/examples/tutorials/t1/bin/native/cpu/irq_cpu.o
                0x0804a198                _native_popsig
 .text.native_irq_handler
                0x0804a226       0x78 /home/cutie/RIOT/examples/tutorials/t1/bin/native/cpu/irq_cpu.o
                0x0804a226                native_irq_handler
 .text.isr_set_sigmask
                0x0804a29e       0x52 /home/cutie/RIOT/examples/tutorials/t1/bin/native/cpu/irq_cpu.o
                0x0804a29e                isr_set_sigmask
 .text.native_isr_entry
                0x0804a2f0      0x165 /home/cutie/RIOT/examples/tutorials/t1/bin/native/cpu/irq_cpu.o
                0x0804a2f0                native_isr_entry
 .text.set_signal_handler
                0x0804a455      0x147 /home/cutie/RIOT/examples/tutorials/t1/bin/native/cpu/irq_cpu.o
                0x0804a455                set_signal_handler
 .text.register_interrupt
                0x0804a59c       0x69 /home/cutie/RIOT/examples/tutorials/t1/bin/native/cpu/irq_cpu.o
                0x0804a59c                register_interrupt
 .text.unregister_interrupt
                0x0804a605       0x67 /home/cutie/RIOT/examples/tutorials/t1/bin/native/cpu/irq_cpu.o
                0x0804a605                unregister_interrupt
 .text.native_interrupt_init
                0x0804a66c      0x3ca /home/cutie/RIOT/examples/tutorials/t1/bin/native/cpu/irq_cpu.o
                0x0804a66c                native_interrupt_init
 .text.__x86.get_pc_thunk.di
                0x0804aa36        0x4 /home/cutie/RIOT/examples/tutorials/t1/bin/native/cpu/irq_cpu.o
                0x0804aa36                __x86.get_pc_thunk.di
 .text._native_mod_ctx_leave_sigh
                0x0804aa3a       0x47 /home/cutie/RIOT/examples/tutorials/t1/bin/native/cpu/native_cpu.o
 .text.isr_cpu_switch_context_exit
                0x0804aa81       0x8b /home/cutie/RIOT/examples/tutorials/t1/bin/native/cpu/native_cpu.o
                0x0804aa81                isr_cpu_switch_context_exit
 .text.isr_thread_yield
                0x0804ab0c       0x8b /home/cutie/RIOT/examples/tutorials/t1/bin/native/cpu/native_cpu.o
                0x0804ab0c                isr_thread_yield
 .text._expect_failure
                0x0804ab97       0x3b /home/cutie/RIOT/examples/tutorials/t1/bin/native/cpu/native_cpu.o
 .text.thread_stack_init
                0x0804abd2      0x110 /home/cutie/RIOT/examples/tutorials/t1/bin/native/cpu/native_cpu.o
                0x0804abd2                thread_stack_init
 .text.cpu_switch_context_exit
                0x0804ace2       0xa3 /home/cutie/RIOT/examples/tutorials/t1/bin/native/cpu/native_cpu.o
                0x0804ace2                cpu_switch_context_exit
 .text.thread_yield_higher
                0x0804ad85       0xd2 /home/cutie/RIOT/examples/tutorials/t1/bin/native/cpu/native_cpu.o
                0x0804ad85                thread_yield_higher
 .text.native_cpu_init
                0x0804ae57       0xd4 /home/cutie/RIOT/examples/tutorials/t1/bin/native/cpu/native_cpu.o
                0x0804ae57                native_cpu_init
 .text.panic_arch
                0x0804af2b       0x50 /home/cutie/RIOT/examples/tutorials/t1/bin/native/cpu/panic.o
                0x0804af2b                panic_arch
 .text._reset_handler
                0x0804af7b       0x37 /home/cutie/RIOT/examples/tutorials/t1/bin/native/cpu/startup.o
 .text.filter_daemonize_argv
                0x0804afb2       0x83 /home/cutie/RIOT/examples/tutorials/t1/bin/native/cpu/startup.o
 .text._native_input
                0x0804b035       0x90 /home/cutie/RIOT/examples/tutorials/t1/bin/native/cpu/startup.o
                0x0804b035                _native_input
 .text._native_log_output
                0x0804b0c5      0x14e /home/cutie/RIOT/examples/tutorials/t1/bin/native/cpu/startup.o
                0x0804b0c5                _native_log_output
 .text.daemonize
                0x0804b213       0xe3 /home/cutie/RIOT/examples/tutorials/t1/bin/native/cpu/startup.o
                0x0804b213                daemonize
 .text.usage_exit
                0x0804b2f6       0x85 /home/cutie/RIOT/examples/tutorials/t1/bin/native/cpu/startup.o
                0x0804b2f6                usage_exit
 .text._native_syscall_enter
                0x0804b37b       0x3d /home/cutie/RIOT/examples/tutorials/t1/bin/native/cpu/syscalls.o
                0x0804b37b                _native_syscall_enter
 .text.err      0x0804b3b8       0x24 /home/cutie/RIOT/examples/tutorials/t1/bin/native/cpu/syscalls.o
                0x0804b3b8                err
 .text._native_syscall_leave
                0x0804b3dc       0xfa /home/cutie/RIOT/examples/tutorials/t1/bin/native/cpu/syscalls.o
                0x0804b3dc                _native_syscall_leave
 .text.malloc   0x0804b4d6       0x9c /home/cutie/RIOT/examples/tutorials/t1/bin/native/cpu/syscalls.o
                0x0804b4d6                malloc
 .text.free     0x0804b572       0x4f /home/cutie/RIOT/examples/tutorials/t1/bin/native/cpu/syscalls.o
                0x0804b572                free
 .text.calloc   0x0804b5c1       0xa3 /home/cutie/RIOT/examples/tutorials/t1/bin/native/cpu/syscalls.o
                0x0804b5c1                calloc
 .text.realloc  0x0804b664       0x5a /home/cutie/RIOT/examples/tutorials/t1/bin/native/cpu/syscalls.o
                0x0804b664                realloc
 .text.make_message
                0x0804b6be       0xb7 /home/cutie/RIOT/examples/tutorials/t1/bin/native/cpu/syscalls.o
                0x0804b6be                make_message
 .text._native_read
                0x0804b775       0x78 /home/cutie/RIOT/examples/tutorials/t1/bin/native/cpu/syscalls.o
                0x0804b775                _native_read
 .text.getc     0x0804b7ed       0x5e /home/cutie/RIOT/examples/tutorials/t1/bin/native/cpu/syscalls.o
                0x0804b7ed                getc
 .text.getchar  0x0804b84b       0x40 /home/cutie/RIOT/examples/tutorials/t1/bin/native/cpu/syscalls.o
                0x0804b84b                getchar
 .text.fgetc    0x0804b88b       0x31 /home/cutie/RIOT/examples/tutorials/t1/bin/native/cpu/syscalls.o
                0x0804b88b                fgetc
 .text._native_write
                0x0804b8bc       0x7c /home/cutie/RIOT/examples/tutorials/t1/bin/native/cpu/syscalls.o
                0x0804b8bc                _native_write
 .text.putchar  0x0804b938       0x3e /home/cutie/RIOT/examples/tutorials/t1/bin/native/cpu/syscalls.o
                0x0804b938                putchar
 .text.putc     0x0804b976       0x56 /home/cutie/RIOT/examples/tutorials/t1/bin/native/cpu/syscalls.o
                0x0804b976                putc
 .text.puts     0x0804b9cc       0x5d /home/cutie/RIOT/examples/tutorials/t1/bin/native/cpu/syscalls.o
                0x0804b9cc                puts
 .text.vwarn    0x0804ba29      0x107 /home/cutie/RIOT/examples/tutorials/t1/bin/native/cpu/syscalls.o
                0x0804ba29                vwarn
 .text.verr     0x0804bb30       0x36 /home/cutie/RIOT/examples/tutorials/t1/bin/native/cpu/syscalls.o
                0x0804bb30                verr
 .text.warn     0x0804bb66       0x39 /home/cutie/RIOT/examples/tutorials/t1/bin/native/cpu/syscalls.o
                0x0804bb66                warn
 .text.vwarnx   0x0804bb9f       0xce /home/cutie/RIOT/examples/tutorials/t1/bin/native/cpu/syscalls.o
                0x0804bb9f                vwarnx
 .text.verrx    0x0804bc6d       0x36 /home/cutie/RIOT/examples/tutorials/t1/bin/native/cpu/syscalls.o
                0x0804bc6d                verrx
 .text.warnx    0x0804bca3       0x39 /home/cutie/RIOT/examples/tutorials/t1/bin/native/cpu/syscalls.o
                0x0804bca3                warnx
 .text.vfprintf
                0x0804bcdc       0x90 /home/cutie/RIOT/examples/tutorials/t1/bin/native/cpu/syscalls.o
                0x0804bcdc                vfprintf
 .text.vprintf  0x0804bd6c       0x48 /home/cutie/RIOT/examples/tutorials/t1/bin/native/cpu/syscalls.o
                0x0804bd6c                vprintf
 .text.printf   0x0804bdb4       0x4c /home/cutie/RIOT/examples/tutorials/t1/bin/native/cpu/syscalls.o
                0x0804bdb4                printf
 .text.fprintf  0x0804be00       0x3d /home/cutie/RIOT/examples/tutorials/t1/bin/native/cpu/syscalls.o
                0x0804be00                fprintf
 .text.errx     0x0804be3d       0x24 /home/cutie/RIOT/examples/tutorials/t1/bin/native/cpu/syscalls.o
                0x0804be3d                errx
 .text.getpid   0x0804be61       0x44 /home/cutie/RIOT/examples/tutorials/t1/bin/native/cpu/syscalls.o
                0x0804be61                getpid
 .text._native_init_syscalls
                0x0804bea5      0x5c4 /home/cutie/RIOT/examples/tutorials/t1/bin/native/cpu/syscalls.o
                0x0804bea5                _native_init_syscalls
 .text          0x0804c469       0x3f /home/cutie/RIOT/examples/tutorials/t1/bin/native/cpu/tramp.o
                0x0804c469                _native_sig_leave_tramp
                0x0804c497                _native_sig_leave_handler
 .text.gpio_linux_setup
                0x0804c4a8      0x159 /home/cutie/RIOT/examples/tutorials/t1/bin/native/periph/gpio_linux.o
                0x0804c4a8                gpio_linux_setup
 .text.gpio_linux_teardown
                0x0804c601       0xe4 /home/cutie/RIOT/examples/tutorials/t1/bin/native/periph/gpio_linux.o
                0x0804c601                gpio_linux_teardown
 .text.__x86.get_pc_thunk.bp
                0x0804c6e5        0x4 /home/cutie/RIOT/examples/tutorials/t1/bin/native/periph/gpio_linux.o
                0x0804c6e5                __x86.get_pc_thunk.bp
 .text._native_sleep
                0x0804c6e9       0x72 /home/cutie/RIOT/examples/tutorials/t1/bin/native/periph/pm.o
 .text.pm_set_lowest
                0x0804c75b       0x2a /home/cutie/RIOT/examples/tutorials/t1/bin/native/periph/pm.o
                0x0804c75b                pm_set_lowest
 .text.pm_off   0x0804c785       0x3d /home/cutie/RIOT/examples/tutorials/t1/bin/native/periph/pm.o
                0x0804c785                pm_off
 .text.pm_reboot
                0x0804c7c2       0x73 /home/cutie/RIOT/examples/tutorials/t1/bin/native/periph/pm.o
                0x0804c7c2                pm_reboot
 .text.tty_uart_setup
                0x0804c835       0x51 /home/cutie/RIOT/examples/tutorials/t1/bin/native/periph/uart.o
                0x0804c835                tty_uart_setup
 .text.periph_init
                0x0804c886       0x25 /home/cutie/RIOT/examples/tutorials/t1/bin/native/periph_common/init.o
                0x0804c886                periph_init
 .text.led_init
                0x0804c8ab       0x25 /home/cutie/RIOT/examples/tutorials/t1/bin/native/periph_common/init_leds.o
                0x0804c8ab                led_init
 .text.escape_toggle
                0x0804c8d0       0x29 /home/cutie/RIOT/examples/tutorials/t1/bin/native/shell/shell.o
 .text.search_commands
                0x0804c8f9       0x59 /home/cutie/RIOT/examples/tutorials/t1/bin/native/shell/shell.o
 .text.search_commands_xfa
                0x0804c952       0x82 /home/cutie/RIOT/examples/tutorials/t1/bin/native/shell/shell.o
 .text.find_handler
                0x0804c9d4       0x40 /home/cutie/RIOT/examples/tutorials/t1/bin/native/shell/shell.o
 .text.print_commands
                0x0804ca14       0x57 /home/cutie/RIOT/examples/tutorials/t1/bin/native/shell/shell.o
 .text.print_commands_xfa
                0x0804ca6b       0x75 /home/cutie/RIOT/examples/tutorials/t1/bin/native/shell/shell.o
 .text.print_help
                0x0804cae0       0x55 /home/cutie/RIOT/examples/tutorials/t1/bin/native/shell/shell.o
 .text.print_prompt
                0x0804cb35       0x52 /home/cutie/RIOT/examples/tutorials/t1/bin/native/shell/shell.o
 .text.white_tape
                0x0804cb87       0x5e /home/cutie/RIOT/examples/tutorials/t1/bin/native/shell/shell.o
 .text.new_line
                0x0804cbe5       0x52 /home/cutie/RIOT/examples/tutorials/t1/bin/native/shell/shell.o
 .text.shell_handle_input_line
                0x0804cc37      0x321 /home/cutie/RIOT/examples/tutorials/t1/bin/native/shell/shell.o
                0x0804cc37                shell_handle_input_line
 .text.readline
                0x0804cf58      0x136 /home/cutie/RIOT/examples/tutorials/t1/bin/native/shell/shell.o
                0x0804cf58                readline
 .text.shell_run_once
                0x0804d08e       0x88 /home/cutie/RIOT/examples/tutorials/t1/bin/native/shell/shell.o
                0x0804d08e                shell_run_once
 .text.stdio_init
                0x0804d116       0x25 /home/cutie/RIOT/examples/tutorials/t1/bin/native/stdio_native/stdio_native.o
                0x0804d116                stdio_init
 .text.stdio_read
                0x0804d13b       0x45 /home/cutie/RIOT/examples/tutorials/t1/bin/native/stdio_native/stdio_native.o
                0x0804d13b                stdio_read
 .text.stdio_write
                0x0804d180       0x45 /home/cutie/RIOT/examples/tutorials/t1/bin/native/stdio_native/stdio_native.o
                0x0804d180                stdio_write
 *fill*         0x0804d1c5        0xb 
 .text          0x0804d1d0       0x14 /usr/lib32/libc_nonshared.a(stack_chk_fail_local.oS)
                0x0804d1d0                __stack_chk_fail_local
 *(.gnu.warning)
LOAD /usr/lib/gcc/x86_64-linux-gnu/13/../../../../lib32/crt1.o
LOAD /usr/lib/gcc/x86_64-linux-gnu/13/../../../../lib32/crti.o
LOAD /usr/lib/gcc/x86_64-linux-gnu/13/32/crtbegin.o
LOAD /home/cutie/RIOT/examples/tutorials/t1/bin/native/application_t1/main.o
LOAD /home/cutie/RIOT/examples/tutorials/t1/bin/native/auto_init/auto_init.o
LOAD /home/cutie/RIOT/examples/tutorials/t1/bin/native/board/board_init.o
LOAD /home/cutie/RIOT/examples/tutorials/t1/bin/native/board_common_init/board_common.o
LOAD /home/cutie/RIOT/examples/tutorials/t1/bin/native/core/cond.o
LOAD /home/cutie/RIOT/examples/tutorials/t1/bin/native/core/msg.o
LOAD /home/cutie/RIOT/examples/tutorials/t1/bin/native/core/mutex.o
LOAD /home/cutie/RIOT/examples/tutorials/t1/bin/native/core/sched.o
LOAD /home/cutie/RIOT/examples/tutorials/t1/bin/native/core/thread.o
LOAD /home/cutie/RIOT/examples/tutorials/t1/bin/native/core_lib/assert.o
LOAD /home/cutie/RIOT/examples/tutorials/t1/bin/native/core_lib/atomic_c11.o
LOAD /home/cutie/RIOT/examples/tutorials/t1/bin/native/core_lib/atomic_sync.o
LOAD /home/cutie/RIOT/examples/tutorials/t1/bin/native/core_lib/bitarithm.o
LOAD /home/cutie/RIOT/examples/tutorials/t1/bin/native/core_lib/clist.o
LOAD /home/cutie/RIOT/examples/tutorials/t1/bin/native/core_lib/init.o
LOAD /home/cutie/RIOT/examples/tutorials/t1/bin/native/core_lib/panic.o
LOAD /home/cutie/RIOT/examples/tutorials/t1/bin/native/core_lib/priority_queue.o
LOAD /home/cutie/RIOT/examples/tutorials/t1/bin/native/core_lib/ringbuffer.o
LOAD /home/cutie/RIOT/examples/tutorials/t1/bin/native/core_lib/rmutex.o
LOAD /home/cutie/RIOT/examples/tutorials/t1/bin/native/cpu/async_read.o
LOAD /home/cutie/RIOT/examples/tutorials/t1/bin/native/cpu/irq_cpu.o
LOAD /home/cutie/RIOT/examples/tutorials/t1/bin/native/cpu/native_cpu.o
LOAD /home/cutie/RIOT/examples/tutorials/t1/bin/native/cpu/panic.o
LOAD /home/cutie/RIOT/examples/tutorials/t1/bin/native/cpu/startup.o
LOAD /home/cutie/RIOT/examples/tutorials/t1/bin/native/cpu/syscalls.o
LOAD /home/cutie/RIOT/examples/tutorials/t1/bin/native/cpu/tramp.o
LOAD /home/cutie/RIOT/examples/tutorials/t1/bin/native/isrpipe/isrpipe.o
LOAD /home/cutie/RIOT/examples/tutorials/t1/bin/native/libc/string.o
LOAD /home/cutie/RIOT/examples/tutorials/t1/bin/native/native_drivers/native-led.o
LOAD /home/cutie/RIOT/examples/tutorials/t1/bin/native/native_drivers/native-qdec.o
LOAD /home/cutie/RIOT/examples/tutorials/t1/bin/native/periph/gpio_linux.o
LOAD /home/cutie/RIOT/examples/tutorials/t1/bin/native/periph/pm.o
LOAD /home/cutie/RIOT/examples/tutorials/t1/bin/native/periph/uart.o
LOAD /home/cutie/RIOT/examples/tutorials/t1/bin/native/periph_common/gpio.o
LOAD /home/cutie/RIOT/examples/tutorials/t1/bin/native/periph_common/init.o
LOAD /home/cutie/RIOT/examples/tutorials/t1/bin/native/periph_common/init_leds.o
LOAD /home/cutie/RIOT/examples/tutorials/t1/bin/native/periph_common/pm.o
LOAD /home/cutie/RIOT/examples/tutorials/t1/bin/native/shell/shell.o
LOAD /home/cutie/RIOT/examples/tutorials/t1/bin/native/stdio_native/stdio_native.o
LOAD /home/cutie/RIOT/examples/tutorials/t1/bin/native/tsrb/tsrb.o
LOAD /usr/lib/gcc/x86_64-linux-gnu/13/../../../../lib32/libm.so
LOAD /usr/lib/gcc/x86_64-linux-gnu/13/../../../../lib32/libdl.a
                0x00000000                        _slot_aux_offset = 0x0
                0x00000000                        _slot_aux_len = 0x0
LOAD /usr/lib/gcc/x86_64-linux-gnu/13/32/libgcc.a
LOAD /usr/lib/gcc/x86_64-linux-gnu/13/32/libgcc_s.so
START GROUP
LOAD /usr/lib/gcc/x86_64-linux-gnu/13/../../../../lib32/libgcc_s.so.1
LOAD /usr/lib/gcc/x86_64-linux-gnu/13/32/libgcc.a
END GROUP
LOAD /usr/lib/gcc/x86_64-linux-gnu/13/../../../../lib32/libc.so
START GROUP
LOAD /lib32/libc.so.6
LOAD /usr/lib32/libc_nonshared.a
LOAD /lib/ld-linux.so.2
END GROUP
LOAD /usr/lib/gcc/x86_64-linux-gnu/13/32/libgcc.a
LOAD /usr/lib/gcc/x86_64-linux-gnu/13/32/libgcc_s.so
START GROUP
LOAD /usr/lib/gcc/x86_64-linux-gnu/13/../../../../lib32/libgcc_s.so.1
LOAD /usr/lib/gcc/x86_64-linux-gnu/13/32/libgcc.a
END GROUP
LOAD /usr/lib/gcc/x86_64-linux-gnu/13/32/crtend.o
LOAD /usr/lib/gcc/x86_64-linux-gnu/13/../../../../lib32/crtn.o

.rodata         0x0804d1e4        0x0
 *(SORT_BY_NAME(.roxfa.*))
 .roxfa.auto_init_xfa.0_
                0x0804d1e4        0x0 /home/cutie/RIOT/examples/tutorials/t1/bin/native/auto_init/auto_init.o
                0x0804d1e4                auto_init_xfa
 .roxfa.auto_init_xfa.9_
                0x0804d1e4        0x0 /home/cutie/RIOT/examples/tutorials/t1/bin/native/auto_init/auto_init.o
                0x0804d1e4                auto_init_xfa_end
 .roxfa.shell_commands_xfa.0_
                0x0804d1e4        0x0 /home/cutie/RIOT/examples/tutorials/t1/bin/native/shell/shell.o
                0x0804d1e4                shell_commands_xfa
 .roxfa.shell_commands_xfa.9_
                0x0804d1e4        0x0 /home/cutie/RIOT/examples/tutorials/t1/bin/native/shell/shell.o
                0x0804d1e4                shell_commands_xfa_end

.data
 *(SORT_BY_NAME(.xfa.*))

.tm_clone_table
                0x0804d1e4        0x0
 .tm_clone_table
                0x0804d1e4        0x0 /usr/lib/gcc/x86_64-linux-gnu/13/32/crtbegin.o
 .tm_clone_table
                0x0804d1e4        0x0 /usr/lib/gcc/x86_64-linux-gnu/13/32/crtend.o

.fini           0x0804d1e4       0x14
 *(SORT_NONE(.fini))
 .fini          0x0804d1e4        0xf /usr/lib/gcc/x86_64-linux-gnu/13/../../../../lib32/crti.o
                0x0804d1e4                _fini
 .fini          0x0804d1f3        0x5 /usr/lib/gcc/x86_64-linux-gnu/13/../../../../lib32/crtn.o
                [!provide]                        PROVIDE (__etext = .)
                [!provide]                        PROVIDE (_etext = .)
                [!provide]                        PROVIDE (etext = .)
                0x0804e000                        . = ALIGN (CONSTANT (MAXPAGESIZE))
                0x0804e000                        . = SEGMENT_START ("rodata-segment", (ALIGN (CONSTANT (MAXPAGESIZE)) + (. & (CONSTANT (MAXPAGESIZE) - 0x1))))

.rodata         0x0804e000      0xf28
 *(.rodata .rodata.* .gnu.linkonce.r.*)
 .rodata.cst4   0x0804e000        0x4 /usr/lib/gcc/x86_64-linux-gnu/13/../../../../lib32/crt1.o
                0x0804e000                _IO_stdin_used
 .rodata.main.str1.1
                0x0804e004      0x57e /home/cutie/RIOT/examples/tutorials/t1/bin/native/application_t1/main.o
                                  0x8 (size before relaxing)
 *fill*         0x0804e582        0x2 
 .rodata.board_init.str1.4
                0x0804e584      0x898 /home/cutie/RIOT/examples/tutorials/t1/bin/native/board/board_init.o
                                 0x1f (size before relaxing)
 .rodata._unschedule.str1.4
                0x0804ee1c       0x2e /home/cutie/RIOT/examples/tutorials/t1/bin/native/core/sched.o
 .rodata._unschedule.str1.1
                0x0804ee1c        0xf /home/cutie/RIOT/examples/tutorials/t1/bin/native/core/sched.o
 .rodata.cib_init.str1.1
                0x0804ee1c       0x17 /home/cutie/RIOT/examples/tutorials/t1/bin/native/core/thread.o
 .rodata._assert_common.str1.1
                0x0804ee1c       0x12 /home/cutie/RIOT/examples/tutorials/t1/bin/native/core_lib/assert.o
 .rodata._assert_failure.str1.1
                0x0804ee1c        0xa /home/cutie/RIOT/examples/tutorials/t1/bin/native/core_lib/assert.o
 .rodata.main_trampoline.str1.4
                0x0804ee1c       0x3a /home/cutie/RIOT/examples/tutorials/t1/bin/native/core_lib/init.o
 .rodata.kernel_init.str1.1
                0x0804ee1c        0xa /home/cutie/RIOT/examples/tutorials/t1/bin/native/core_lib/init.o
 .rodata.core_panic.str1.1
                0x0804ee1c       0x29 /home/cutie/RIOT/examples/tutorials/t1/bin/native/core_lib/panic.o
 .rodata._expect_failure.str1.1
                0x0804ee1c       0x2d /home/cutie/RIOT/examples/tutorials/t1/bin/native/cpu/irq_cpu.o
 .rodata.irq_disable.str1.1
                0x0804ee1c       0x19 /home/cutie/RIOT/examples/tutorials/t1/bin/native/cpu/irq_cpu.o
 .rodata.irq_enable.str1.1
                0x0804ee1c       0x35 /home/cutie/RIOT/examples/tutorials/t1/bin/native/cpu/irq_cpu.o
 .rodata._native_popsig.str1.1
                0x0804ee1c       0x1a /home/cutie/RIOT/examples/tutorials/t1/bin/native/cpu/irq_cpu.o
 .rodata.native_irq_handler.str1.4
                0x0804ee1c       0x6b /home/cutie/RIOT/examples/tutorials/t1/bin/native/cpu/irq_cpu.o
 .rodata.native_isr_entry.str1.4
                0x0804ee1c       0x8a /home/cutie/RIOT/examples/tutorials/t1/bin/native/cpu/irq_cpu.o
 .rodata.set_signal_handler.str1.1
                0x0804ee1c       0x3c /home/cutie/RIOT/examples/tutorials/t1/bin/native/cpu/irq_cpu.o
 .rodata.native_interrupt_init.str1.4
                0x0804ee1c      0x104 /home/cutie/RIOT/examples/tutorials/t1/bin/native/cpu/irq_cpu.o
 .rodata.native_interrupt_init.str1.1
                0x0804ee1c       0x31 /home/cutie/RIOT/examples/tutorials/t1/bin/native/cpu/irq_cpu.o
 .rodata.__isr_stack_size
                0x0804ee1c        0x4 /home/cutie/RIOT/examples/tutorials/t1/bin/native/cpu/irq_cpu.o
                0x0804ee1c                __isr_stack_size
 .rodata.isr_cpu_switch_context_exit.str1.4
                0x0804ee20       0x50 /home/cutie/RIOT/examples/tutorials/t1/bin/native/cpu/native_cpu.o
 .rodata.isr_thread_yield.str1.1
                0x0804ee20       0x1d /home/cutie/RIOT/examples/tutorials/t1/bin/native/cpu/native_cpu.o
 .rodata._expect_failure.str1.1
                0x0804ee20       0x2d /home/cutie/RIOT/examples/tutorials/t1/bin/native/cpu/native_cpu.o
 .rodata.thread_stack_init.str1.1
                0x0804ee20       0x1e /home/cutie/RIOT/examples/tutorials/t1/bin/native/cpu/native_cpu.o
 .rodata.thread_stack_init.str1.4
                0x0804ee20       0x1f /home/cutie/RIOT/examples/tutorials/t1/bin/native/cpu/native_cpu.o
 .rodata.cpu_switch_context_exit.str1.4
                0x0804ee20       0x4c /home/cutie/RIOT/examples/tutorials/t1/bin/native/cpu/native_cpu.o
 .rodata.thread_yield_higher.str1.4
                0x0804ee20       0x21 /home/cutie/RIOT/examples/tutorials/t1/bin/native/cpu/native_cpu.o
 .rodata.native_cpu_init.str1.1
                0x0804ee20       0x34 /home/cutie/RIOT/examples/tutorials/t1/bin/native/cpu/native_cpu.o
 .rodata.filter_daemonize_argv.str1.1
                0x0804ee20        0x3 /home/cutie/RIOT/examples/tutorials/t1/bin/native/cpu/startup.o
 .rodata._native_input.str1.1
                0x0804ee20       0x1a /home/cutie/RIOT/examples/tutorials/t1/bin/native/cpu/startup.o
 .rodata._native_input.str1.4
                0x0804ee20       0x24 /home/cutie/RIOT/examples/tutorials/t1/bin/native/cpu/startup.o
 .rodata._native_log_output.str1.1
                0x0804ee20       0x53 /home/cutie/RIOT/examples/tutorials/t1/bin/native/cpu/startup.o
 .rodata._native_log_output.str1.4
                0x0804ee20       0x49 /home/cutie/RIOT/examples/tutorials/t1/bin/native/cpu/startup.o
 .rodata.daemonize.str1.1
                0x0804ee20       0x43 /home/cutie/RIOT/examples/tutorials/t1/bin/native/cpu/startup.o
 .rodata.usage_exit.str1.1
                0x0804ee20       0x2b /home/cutie/RIOT/examples/tutorials/t1/bin/native/cpu/startup.o
 .rodata.usage_exit.str1.4
                0x0804ee20      0x3d4 /home/cutie/RIOT/examples/tutorials/t1/bin/native/cpu/startup.o
 .rodata.startup.str1.4
                0x0804ee20       0x2f /home/cutie/RIOT/examples/tutorials/t1/bin/native/cpu/startup.o
 .rodata.startup
                0x0804ee20       0xbc /home/cutie/RIOT/examples/tutorials/t1/bin/native/cpu/startup.o
 .rodata.str1.1
                0x0804eedc       0x4f /home/cutie/RIOT/examples/tutorials/t1/bin/native/cpu/startup.o
 .rodata.short_opts
                0x0804eedc        0xf /home/cutie/RIOT/examples/tutorials/t1/bin/native/cpu/startup.o
 .rodata._native_syscall_leave.str1.4
                0x0804eeeb       0x23 /home/cutie/RIOT/examples/tutorials/t1/bin/native/cpu/syscalls.o
 .rodata.malloc.str1.1
                0x0804eeeb        0x7 /home/cutie/RIOT/examples/tutorials/t1/bin/native/cpu/syscalls.o
 .rodata.calloc.str1.1
                0x0804eeeb        0x7 /home/cutie/RIOT/examples/tutorials/t1/bin/native/cpu/syscalls.o
 .rodata.vwarn.str1.1
                0x0804eeeb        0xd /home/cutie/RIOT/examples/tutorials/t1/bin/native/cpu/syscalls.o
 .rodata.getpid.str1.1
                0x0804eeeb       0x1a /home/cutie/RIOT/examples/tutorials/t1/bin/native/cpu/syscalls.o
 .rodata._native_init_syscalls.str1.1
                0x0804eeeb      0x1a7 /home/cutie/RIOT/examples/tutorials/t1/bin/native/cpu/syscalls.o
 .rodata.gpio_linux_setup.str1.1
                0x0804eeeb       0x43 /home/cutie/RIOT/examples/tutorials/t1/bin/native/periph/gpio_linux.o
 .rodata.gpio_linux_setup.str1.4
                0x0804eeeb       0x20 /home/cutie/RIOT/examples/tutorials/t1/bin/native/periph/gpio_linux.o
 .rodata.pm_off.str1.1
                0x0804eeeb       0x11 /home/cutie/RIOT/examples/tutorials/t1/bin/native/periph/pm.o
 .rodata.pm_reboot.str1.1
                0x0804eeeb       0x21 /home/cutie/RIOT/examples/tutorials/t1/bin/native/periph/pm.o
 .rodata.pm_reboot.str1.4
                0x0804eeeb       0x2a /home/cutie/RIOT/examples/tutorials/t1/bin/native/periph/pm.o
 .rodata.print_commands.str1.1
                0x0804eeeb        0xa /home/cutie/RIOT/examples/tutorials/t1/bin/native/shell/shell.o
 .rodata.print_help.str1.4
                0x0804eeeb       0x49 /home/cutie/RIOT/examples/tutorials/t1/bin/native/shell/shell.o
 .rodata.shell_handle_input_line.str1.1
                0x0804eeeb       0x3c /home/cutie/RIOT/examples/tutorials/t1/bin/native/shell/shell.o
 .rodata.readline.str1.1
                0x0804eeeb       0x12 /home/cutie/RIOT/examples/tutorials/t1/bin/native/shell/shell.o
 *fill*         0x0804eeeb        0x1 
 .rodata.readline
                0x0804eeec       0x3c /home/cutie/RIOT/examples/tutorials/t1/bin/native/shell/shell.o
 .rodata.shell_run_once.str1.4
                0x0804ef28       0x24 /home/cutie/RIOT/examples/tutorials/t1/bin/native/shell/shell.o

.rodata1
 *(.rodata1)

.eh_frame_hdr   0x0804ef28      0x3a4
 *(.eh_frame_hdr)
 .eh_frame_hdr  0x0804ef28      0x3a4 /usr/lib/gcc/x86_64-linux-gnu/13/../../../../lib32/crt1.o
                0x0804ef28                __GNU_EH_FRAME_HDR
 *(.eh_frame_entry .eh_frame_entry.*)

.eh_frame       0x0804f2cc     0x1ee0
 *(.eh_frame)
 .eh_frame      0x0804f2cc       0x58 /usr/lib/gcc/x86_64-linux-gnu/13/../../../../lib32/crt1.o
 .eh_frame      0x0804f324       0x24 /usr/lib/gcc/x86_64-linux-gnu/13/../../../../lib32/crt1.o
                                 0x40 (size before relaxing)
 .eh_frame      0x0804f348        0x0 /usr/lib/gcc/x86_64-linux-gnu/13/../../../../lib32/crt1.o
 .eh_frame      0x0804f348       0x60 /home/cutie/RIOT/examples/tutorials/t1/bin/native/application_t1/main.o
                                 0x8c (size before relaxing)
 .eh_frame      0x0804f3a8       0x44 /home/cutie/RIOT/examples/tutorials/t1/bin/native/auto_init/auto_init.o
                                 0x5c (size before relaxing)
 .eh_frame      0x0804f3ec       0x2c /home/cutie/RIOT/examples/tutorials/t1/bin/native/board/board_init.o
                                 0x58 (size before relaxing)
 .eh_frame      0x0804f418        0x0 /home/cutie/RIOT/examples/tutorials/t1/bin/native/board_common_init/board_common.o
                                 0x34 (size before relaxing)
 .eh_frame      0x0804f418        0x0 /home/cutie/RIOT/examples/tutorials/t1/bin/native/core/cond.o
                                0x148 (size before relaxing)
 .eh_frame      0x0804f418       0x14 /home/cutie/RIOT/examples/tutorials/t1/bin/native/core/msg.o
                                0x5c8 (size before relaxing)
 .eh_frame      0x0804f42c        0x0 /home/cutie/RIOT/examples/tutorials/t1/bin/native/core/mutex.o
                                0x244 (size before relaxing)
 .eh_frame      0x0804f42c       0xf0 /home/cutie/RIOT/examples/tutorials/t1/bin/native/core/sched.o
                                0x184 (size before relaxing)
 .eh_frame      0x0804f51c      0x100 /home/cutie/RIOT/examples/tutorials/t1/bin/native/core/thread.o
                                0x308 (size before relaxing)
 .eh_frame      0x0804f61c       0x54 /home/cutie/RIOT/examples/tutorials/t1/bin/native/core_lib/assert.o
                                 0xa0 (size before relaxing)
 .eh_frame      0x0804f670        0x0 /home/cutie/RIOT/examples/tutorials/t1/bin/native/core_lib/atomic_c11.o
                               0x1378 (size before relaxing)
 .eh_frame      0x0804f670        0x0 /home/cutie/RIOT/examples/tutorials/t1/bin/native/core_lib/bitarithm.o
                                 0x50 (size before relaxing)
 .eh_frame      0x0804f670        0x0 /home/cutie/RIOT/examples/tutorials/t1/bin/native/core_lib/clist.o
                                 0x68 (size before relaxing)
 .eh_frame      0x0804f670       0xb8 /home/cutie/RIOT/examples/tutorials/t1/bin/native/core_lib/init.o
                                 0xe4 (size before relaxing)
 .eh_frame      0x0804f728       0x50 /home/cutie/RIOT/examples/tutorials/t1/bin/native/core_lib/panic.o
                                 0x98 (size before relaxing)
 .eh_frame      0x0804f778        0x0 /home/cutie/RIOT/examples/tutorials/t1/bin/native/core_lib/priority_queue.o
                                 0x9c (size before relaxing)
 .eh_frame      0x0804f778        0x0 /home/cutie/RIOT/examples/tutorials/t1/bin/native/core_lib/ringbuffer.o
                                0x1e0 (size before relaxing)
 .eh_frame      0x0804f778        0x0 /home/cutie/RIOT/examples/tutorials/t1/bin/native/core_lib/rmutex.o
                                0x100 (size before relaxing)
 .eh_frame      0x0804f778       0x48 /home/cutie/RIOT/examples/tutorials/t1/bin/native/cpu/async_read.o
                                0x358 (size before relaxing)
 .eh_frame      0x0804f7c0      0x554 /home/cutie/RIOT/examples/tutorials/t1/bin/native/cpu/irq_cpu.o
                                0x7a4 (size before relaxing)
 .eh_frame      0x0804fd14      0x22c /home/cutie/RIOT/examples/tutorials/t1/bin/native/cpu/native_cpu.o
                                0x2e4 (size before relaxing)
 .eh_frame      0x0804ff40       0x2c /home/cutie/RIOT/examples/tutorials/t1/bin/native/cpu/panic.o
                                 0x58 (size before relaxing)
 .eh_frame      0x0804ff6c      0x2f0 /home/cutie/RIOT/examples/tutorials/t1/bin/native/cpu/startup.o
                                0x330 (size before relaxing)
 .eh_frame      0x0805025c      0x934 /home/cutie/RIOT/examples/tutorials/t1/bin/native/cpu/syscalls.o
                                0x9e4 (size before relaxing)
 .eh_frame      0x08050b90        0x0 /home/cutie/RIOT/examples/tutorials/t1/bin/native/isrpipe/isrpipe.o
                                0x164 (size before relaxing)
 .eh_frame      0x08050b90        0x0 /home/cutie/RIOT/examples/tutorials/t1/bin/native/libc/string.o
                                 0x64 (size before relaxing)
 .eh_frame      0x08050b90        0x0 /home/cutie/RIOT/examples/tutorials/t1/bin/native/native_drivers/native-led.o
                                0x134 (size before relaxing)
 .eh_frame      0x08050b90      0x128 /home/cutie/RIOT/examples/tutorials/t1/bin/native/periph/gpio_linux.o
                                0x2b0 (size before relaxing)
 .eh_frame      0x08050cb8       0xb0 /home/cutie/RIOT/examples/tutorials/t1/bin/native/periph/pm.o
                                0x10c (size before relaxing)
 .eh_frame      0x08050d68       0x38 /home/cutie/RIOT/examples/tutorials/t1/bin/native/periph/uart.o
                                0x1d4 (size before relaxing)
 .eh_frame      0x08050da0        0x0 /home/cutie/RIOT/examples/tutorials/t1/bin/native/periph_common/gpio.o
                                 0x7c (size before relaxing)
 .eh_frame      0x08050da0       0x1c /home/cutie/RIOT/examples/tutorials/t1/bin/native/periph_common/init.o
                                 0x34 (size before relaxing)
 .eh_frame      0x08050dbc       0x1c /home/cutie/RIOT/examples/tutorials/t1/bin/native/periph_common/init_leds.o
                                 0x34 (size before relaxing)
 .eh_frame      0x08050dd8      0x348 /home/cutie/RIOT/examples/tutorials/t1/bin/native/shell/shell.o
                                0x3dc (size before relaxing)
 .eh_frame      0x08051120       0x6c /home/cutie/RIOT/examples/tutorials/t1/bin/native/stdio_native/stdio_native.o
                                 0x98 (size before relaxing)
 .eh_frame      0x0805118c        0x0 /home/cutie/RIOT/examples/tutorials/t1/bin/native/tsrb/tsrb.o
                                0x334 (size before relaxing)
 .eh_frame      0x0805118c       0x1c /usr/lib32/libc_nonshared.a(stack_chk_fail_local.oS)
                                 0x48 (size before relaxing)
 .eh_frame      0x080511a8        0x4 /usr/lib/gcc/x86_64-linux-gnu/13/32/crtend.o
 *(.eh_frame.*)

.sframe
 *(.sframe)
 *(.sframe.*)

.gcc_except_table
 *(.gcc_except_table .gcc_except_table.*)

.gnu_extab
 *(.gnu_extab*)

.exception_ranges
 *(.exception_ranges*)
                0x08052e34                        . = DATA_SEGMENT_ALIGN (CONSTANT (MAXPAGESIZE), CONSTANT (COMMONPAGESIZE))

.eh_frame
 *(.eh_frame)
 *(.eh_frame.*)

.sframe
 *(.sframe)
 *(.sframe.*)

.gnu_extab
 *(.gnu_extab)

.gcc_except_table
 *(.gcc_except_table .gcc_except_table.*)

.exception_ranges
 *(.exception_ranges*)

.tdata          0x08052e34        0x0
                [!provide]                        PROVIDE (__tdata_start = .)
 *(.tdata .tdata.* .gnu.linkonce.td.*)

.tbss
 *(.tbss .tbss.* .gnu.linkonce.tb.*)
 *(.tcommon)

.preinit_array  0x08052e34        0x0
                [!provide]                        PROVIDE (__preinit_array_start = .)
 *(.preinit_array)
                [!provide]                        PROVIDE (__preinit_array_end = .)

.init_array     0x08052e34        0x8
                0x08052e34                        PROVIDE (__init_array_start = .)
 *(SORT_BY_INIT_PRIORITY(.init_array.*) SORT_BY_INIT_PRIORITY(.ctors.*))
 *(.init_array EXCLUDE_FILE(*crtend?.o *crtend.o *crtbegin?.o *crtbegin.o) .ctors)
 .init_array    0x08052e34        0x4 /usr/lib/gcc/x86_64-linux-gnu/13/32/crtbegin.o
 .init_array    0x08052e38        0x4 /home/cutie/RIOT/examples/tutorials/t1/bin/native/cpu/startup.o
                0x08052e3c                        PROVIDE (__init_array_end = .)

.fini_array     0x08052e3c        0x4
                [!provide]                        PROVIDE (__fini_array_start = .)
 *(SORT_BY_INIT_PRIORITY(.fini_array.*) SORT_BY_INIT_PRIORITY(.dtors.*))
 *(.fini_array EXCLUDE_FILE(*crtend?.o *crtend.o *crtbegin?.o *crtbegin.o) .dtors)
 .fini_array    0x08052e3c        0x4 /usr/lib/gcc/x86_64-linux-gnu/13/32/crtbegin.o
                [!provide]                        PROVIDE (__fini_array_end = .)

.ctors
 *crtbegin.o(.ctors)
 *crtbegin?.o(.ctors)
 *(EXCLUDE_FILE(*crtend?.o *crtend.o) .ctors)
 *(SORT_BY_NAME(.ctors.*))
 *(.ctors)

.dtors
 *crtbegin.o(.dtors)
 *crtbegin?.o(.dtors)
 *(EXCLUDE_FILE(*crtend?.o *crtend.o) .dtors)
 *(SORT_BY_NAME(.dtors.*))
 *(.dtors)

.jcr
 *(.jcr)

.data.rel.ro    0x08052e40       0xa0
 *(.data.rel.ro.local* .gnu.linkonce.d.rel.ro.local.*)
 .data.rel.ro.local.long_opts
                0x08052e40       0xa0 /home/cutie/RIOT/examples/tutorials/t1/bin/native/cpu/startup.o
 *(.data.rel.ro .data.rel.ro.* .gnu.linkonce.d.rel.ro.*)
 .data.rel.ro   0x08052ee0        0x0 /usr/lib/gcc/x86_64-linux-gnu/13/../../../../lib32/crt1.o

.dynamic        0x08052ee0       0xe8
 *(.dynamic)
 .dynamic       0x08052ee0       0xe8 /usr/lib/gcc/x86_64-linux-gnu/13/../../../../lib32/crt1.o
                0x08052ee0                _DYNAMIC

.got            0x08052fc8       0x1c
 *(.got)
 .got           0x08052fc8       0x1c /usr/lib/gcc/x86_64-linux-gnu/13/../../../../lib32/crt1.o
 *(.igot)
                0x08052ff4                        . = DATA_SEGMENT_RELRO_END (., (SIZEOF (.got.plt) >= 0xc)?0xc:0x0)

.got.plt        0x08052ff4       0x78
 *(.got.plt)
 .got.plt       0x08052ff4       0x78 /usr/lib/gcc/x86_64-linux-gnu/13/../../../../lib32/crt1.o
                0x08052ff4                _GLOBAL_OFFSET_TABLE_
 *(.igot.plt)
 .igot.plt      0x0805306c        0x0 /usr/lib/gcc/x86_64-linux-gnu/13/../../../../lib32/crt1.o

.data
 *(.data .data.* .gnu.linkonce.d.*)

.data1
 *(.data1)
                0x0805306c                        _edata = .
                [!provide]                        PROVIDE (edata = .)
                0x0805306c                        . = ALIGN (ALIGNOF (NEXT_SECTION))
                0x08053080                        __bss_start = .

.bss            0x08053080     0x7ae0
 *(.dynbss)
 .dynbss        0x08053080        0x0 /usr/lib/gcc/x86_64-linux-gnu/13/../../../../lib32/crt1.o
 *(.bss .bss.* .gnu.linkonce.b.*)
 .bss           0x08053080        0x1 /usr/lib/gcc/x86_64-linux-gnu/13/32/crtbegin.o
 *fill*         0x08053081        0x3 
 .bss.runqueue_bitcache
                0x08053084        0x4 /home/cutie/RIOT/examples/tutorials/t1/bin/native/core/sched.o
 *fill*         0x08053088       0x18 
 .bss.sched_runqueues
                0x080530a0       0x40 /home/cutie/RIOT/examples/tutorials/t1/bin/native/core/sched.o
                0x080530a0                sched_runqueues
 .bss.sched_context_switch_request
                0x080530e0        0x4 /home/cutie/RIOT/examples/tutorials/t1/bin/native/core/sched.o
                0x080530e0                sched_context_switch_request
 .bss.sched_active_thread
                0x080530e4        0x4 /home/cutie/RIOT/examples/tutorials/t1/bin/native/core/sched.o
                0x080530e4                sched_active_thread
 .bss.sched_num_threads
                0x080530e8        0x4 /home/cutie/RIOT/examples/tutorials/t1/bin/native/core/sched.o
                0x080530e8                sched_num_threads
 *fill*         0x080530ec       0x14 
 .bss.sched_threads
                0x08053100       0x84 /home/cutie/RIOT/examples/tutorials/t1/bin/native/core/sched.o
                0x08053100                sched_threads
 .bss.sched_active_pid
                0x08053184        0x2 /home/cutie/RIOT/examples/tutorials/t1/bin/native/core/sched.o
                0x08053184                sched_active_pid
 *fill*         0x08053186       0x1a 
 .bss.idle_stack
                0x080531a0     0x2000 /home/cutie/RIOT/examples/tutorials/t1/bin/native/core_lib/init.o
 .bss.main_stack
                0x080551a0     0x3000 /home/cutie/RIOT/examples/tutorials/t1/bin/native/core_lib/init.o
 .bss.crashed   0x080581a0        0x4 /home/cutie/RIOT/examples/tutorials/t1/bin/native/core_lib/panic.o
 *fill*         0x080581a4       0x1c 
 .bss.pollers   0x080581c0       0x20 /home/cutie/RIOT/examples/tutorials/t1/bin/native/cpu/async_read.o
 .bss._fds      0x080581e0       0x10 /home/cutie/RIOT/examples/tutorials/t1/bin/native/cpu/async_read.o
 .bss._next_index
                0x080581f0        0x4 /home/cutie/RIOT/examples/tutorials/t1/bin/native/cpu/async_read.o
 .bss.sigstk.0  0x080581f4        0xc /home/cutie/RIOT/examples/tutorials/t1/bin/native/cpu/irq_cpu.o
 .bss.native_irq_handlers
                0x08058200      0x3fc /home/cutie/RIOT/examples/tutorials/t1/bin/native/cpu/irq_cpu.o
 .bss._sig_pipefd
                0x080585fc        0x8 /home/cutie/RIOT/examples/tutorials/t1/bin/native/cpu/irq_cpu.o
                0x080585fc                _sig_pipefd
 .bss._native_sigpend
                0x08058604        0x4 /home/cutie/RIOT/examples/tutorials/t1/bin/native/cpu/irq_cpu.o
                0x08058604                _native_sigpend
 .bss._native_saved_eip
                0x08058608        0x4 /home/cutie/RIOT/examples/tutorials/t1/bin/native/cpu/irq_cpu.o
                0x08058608                _native_saved_eip
 .bss._native_isr_ctx
                0x0805860c        0x4 /home/cutie/RIOT/examples/tutorials/t1/bin/native/cpu/irq_cpu.o
                0x0805860c                _native_isr_ctx
 .bss._native_cur_ctx
                0x08058610        0x4 /home/cutie/RIOT/examples/tutorials/t1/bin/native/cpu/irq_cpu.o
                0x08058610                _native_cur_ctx
 *fill*         0x08058614        0xc 
 .bss.native_isr_context
                0x08058620      0x16c /home/cutie/RIOT/examples/tutorials/t1/bin/native/cpu/irq_cpu.o
                0x08058620                native_isr_context
 *fill*         0x0805878c       0x14 
 .bss.__isr_stack
                0x080587a0     0x2000 /home/cutie/RIOT/examples/tutorials/t1/bin/native/cpu/irq_cpu.o
                0x080587a0                __isr_stack
 .bss._native_sig_set_dint
                0x0805a7a0       0x80 /home/cutie/RIOT/examples/tutorials/t1/bin/native/cpu/irq_cpu.o
 .bss._native_sig_set
                0x0805a820       0x80 /home/cutie/RIOT/examples/tutorials/t1/bin/native/cpu/irq_cpu.o
 .bss._native_in_syscall
                0x0805a8a0        0x4 /home/cutie/RIOT/examples/tutorials/t1/bin/native/cpu/irq_cpu.o
                0x0805a8a0                _native_in_syscall
 .bss._native_in_isr
                0x0805a8a4        0x4 /home/cutie/RIOT/examples/tutorials/t1/bin/native/cpu/irq_cpu.o
                0x0805a8a4                _native_in_isr
 .bss.native_interrupts_enabled
                0x0805a8a8        0x4 /home/cutie/RIOT/examples/tutorials/t1/bin/native/cpu/irq_cpu.o
                0x0805a8a8                native_interrupts_enabled
 *fill*         0x0805a8ac       0x14 
 .bss.end_context
                0x0805a8c0      0x16c /home/cutie/RIOT/examples/tutorials/t1/bin/native/cpu/native_cpu.o
                0x0805a8c0                end_context
 .bss._native_rng_mode
                0x0805aa2c        0x4 /home/cutie/RIOT/examples/tutorials/t1/bin/native/cpu/startup.o
                0x0805aa2c                _native_rng_mode
 .bss._native_rng_seed
                0x0805aa30        0x4 /home/cutie/RIOT/examples/tutorials/t1/bin/native/cpu/startup.o
                0x0805aa30                _native_rng_seed
 .bss._native_id
                0x0805aa34        0x4 /home/cutie/RIOT/examples/tutorials/t1/bin/native/cpu/startup.o
                0x0805aa34                _native_id
 .bss._native_pid
                0x0805aa38        0x4 /home/cutie/RIOT/examples/tutorials/t1/bin/native/cpu/startup.o
                0x0805aa38                _native_pid
 .bss._native_argv
                0x0805aa3c        0x4 /home/cutie/RIOT/examples/tutorials/t1/bin/native/cpu/startup.o
                0x0805aa3c                _native_argv
 .bss._progname
                0x0805aa40        0x4 /home/cutie/RIOT/examples/tutorials/t1/bin/native/cpu/startup.o
                0x0805aa40                _progname
 .bss._native_null_out_file
                0x0805aa44        0x4 /home/cutie/RIOT/examples/tutorials/t1/bin/native/cpu/startup.o
                0x0805aa44                _native_null_out_file
 .bss._native_null_in_pipe
                0x0805aa48        0x8 /home/cutie/RIOT/examples/tutorials/t1/bin/native/cpu/startup.o
                0x0805aa48                _native_null_in_pipe
 .bss._native_in_calloc
                0x0805aa50        0x4 /home/cutie/RIOT/examples/tutorials/t1/bin/native/cpu/syscalls.o
                0x0805aa50                _native_in_calloc
 .bss._native_in_malloc
                0x0805aa54        0x4 /home/cutie/RIOT/examples/tutorials/t1/bin/native/cpu/syscalls.o
                0x0805aa54                _native_in_malloc
 .bss.real_statvfs
                0x0805aa58        0x4 /home/cutie/RIOT/examples/tutorials/t1/bin/native/cpu/syscalls.o
                0x0805aa58                real_statvfs
 .bss.real_rename
                0x0805aa5c        0x4 /home/cutie/RIOT/examples/tutorials/t1/bin/native/cpu/syscalls.o
                0x0805aa5c                real_rename
 .bss.real_closedir
                0x0805aa60        0x4 /home/cutie/RIOT/examples/tutorials/t1/bin/native/cpu/syscalls.o
                0x0805aa60                real_closedir
 .bss.real_readdir
                0x0805aa64        0x4 /home/cutie/RIOT/examples/tutorials/t1/bin/native/cpu/syscalls.o
                0x0805aa64                real_readdir
 .bss.real_opendir
                0x0805aa68        0x4 /home/cutie/RIOT/examples/tutorials/t1/bin/native/cpu/syscalls.o
                0x0805aa68                real_opendir
 .bss.real_rmdir
                0x0805aa6c        0x4 /home/cutie/RIOT/examples/tutorials/t1/bin/native/cpu/syscalls.o
                0x0805aa6c                real_rmdir
 .bss.real_mkdir
                0x0805aa70        0x4 /home/cutie/RIOT/examples/tutorials/t1/bin/native/cpu/syscalls.o
                0x0805aa70                real_mkdir
 .bss.real_fsync
                0x0805aa74        0x4 /home/cutie/RIOT/examples/tutorials/t1/bin/native/cpu/syscalls.o
                0x0805aa74                real_fsync
 .bss.real_fstat
                0x0805aa78        0x4 /home/cutie/RIOT/examples/tutorials/t1/bin/native/cpu/syscalls.o
                0x0805aa78                real_fstat
 .bss.real_lseek
                0x0805aa7c        0x4 /home/cutie/RIOT/examples/tutorials/t1/bin/native/cpu/syscalls.o
                0x0805aa7c                real_lseek
 .bss.real_send
                0x0805aa80        0x4 /home/cutie/RIOT/examples/tutorials/t1/bin/native/cpu/syscalls.o
                0x0805aa80                real_send
 .bss.real_writev
                0x0805aa84        0x4 /home/cutie/RIOT/examples/tutorials/t1/bin/native/cpu/syscalls.o
                0x0805aa84                real_writev
 .bss.real_umask
                0x0805aa88        0x4 /home/cutie/RIOT/examples/tutorials/t1/bin/native/cpu/syscalls.o
                0x0805aa88                real_umask
 .bss.real_fgetc
                0x0805aa8c        0x4 /home/cutie/RIOT/examples/tutorials/t1/bin/native/cpu/syscalls.o
                0x0805aa8c                real_fgetc
 .bss.real_fputc
                0x0805aa90        0x4 /home/cutie/RIOT/examples/tutorials/t1/bin/native/cpu/syscalls.o
                0x0805aa90                real_fputc
 .bss.real_ftell
                0x0805aa94        0x4 /home/cutie/RIOT/examples/tutorials/t1/bin/native/cpu/syscalls.o
                0x0805aa94                real_ftell
 .bss.real_fseek
                0x0805aa98        0x4 /home/cutie/RIOT/examples/tutorials/t1/bin/native/cpu/syscalls.o
                0x0805aa98                real_fseek
 .bss.real_fclose
                0x0805aa9c        0x4 /home/cutie/RIOT/examples/tutorials/t1/bin/native/cpu/syscalls.o
                0x0805aa9c                real_fclose
 .bss.real_fopen
                0x0805aaa0        0x4 /home/cutie/RIOT/examples/tutorials/t1/bin/native/cpu/syscalls.o
                0x0805aaa0                real_fopen
 .bss.real_gai_strerror
                0x0805aaa4        0x4 /home/cutie/RIOT/examples/tutorials/t1/bin/native/cpu/syscalls.o
                0x0805aaa4                real_gai_strerror
 .bss.real_random
                0x0805aaa8        0x4 /home/cutie/RIOT/examples/tutorials/t1/bin/native/cpu/syscalls.o
                0x0805aaa8                real_random
 .bss.real_unlink
                0x0805aaac        0x4 /home/cutie/RIOT/examples/tutorials/t1/bin/native/cpu/syscalls.o
                0x0805aaac                real_unlink
 .bss.real_socket
                0x0805aab0        0x4 /home/cutie/RIOT/examples/tutorials/t1/bin/native/cpu/syscalls.o
                0x0805aab0                real_socket
 .bss.real_setsockopt
                0x0805aab4        0x4 /home/cutie/RIOT/examples/tutorials/t1/bin/native/cpu/syscalls.o
                0x0805aab4                real_setsockopt
 .bss.real_setsid
                0x0805aab8        0x4 /home/cutie/RIOT/examples/tutorials/t1/bin/native/cpu/syscalls.o
                0x0805aab8                real_setsid
 .bss.real_poll
                0x0805aabc        0x4 /home/cutie/RIOT/examples/tutorials/t1/bin/native/cpu/syscalls.o
                0x0805aabc                real_poll
 .bss.real_select
                0x0805aac0        0x4 /home/cutie/RIOT/examples/tutorials/t1/bin/native/cpu/syscalls.o
                0x0805aac0                real_select
 .bss.real_pipe
                0x0805aac4        0x4 /home/cutie/RIOT/examples/tutorials/t1/bin/native/cpu/syscalls.o
                0x0805aac4                real_pipe
 .bss.real_pause
                0x0805aac8        0x4 /home/cutie/RIOT/examples/tutorials/t1/bin/native/cpu/syscalls.o
                0x0805aac8                real_pause
 .bss.real_open
                0x0805aacc        0x4 /home/cutie/RIOT/examples/tutorials/t1/bin/native/cpu/syscalls.o
                0x0805aacc                real_open
 .bss.real_ioctl
                0x0805aad0        0x4 /home/cutie/RIOT/examples/tutorials/t1/bin/native/cpu/syscalls.o
                0x0805aad0                real_ioctl
 .bss.real_listen
                0x0805aad4        0x4 /home/cutie/RIOT/examples/tutorials/t1/bin/native/cpu/syscalls.o
                0x0805aad4                real_listen
 .bss.real_ferror
                0x0805aad8        0x4 /home/cutie/RIOT/examples/tutorials/t1/bin/native/cpu/syscalls.o
                0x0805aad8                real_ferror
 .bss.real_feof
                0x0805aadc        0x4 /home/cutie/RIOT/examples/tutorials/t1/bin/native/cpu/syscalls.o
                0x0805aadc                real_feof
 .bss.real_fork
                0x0805aae0        0x4 /home/cutie/RIOT/examples/tutorials/t1/bin/native/cpu/syscalls.o
                0x0805aae0                real_fork
 .bss.real_execve
                0x0805aae4        0x4 /home/cutie/RIOT/examples/tutorials/t1/bin/native/cpu/syscalls.o
                0x0805aae4                real_execve
 .bss.real_dup2
                0x0805aae8        0x4 /home/cutie/RIOT/examples/tutorials/t1/bin/native/cpu/syscalls.o
                0x0805aae8                real_dup2
 .bss.real_creat
                0x0805aaec        0x4 /home/cutie/RIOT/examples/tutorials/t1/bin/native/cpu/syscalls.o
                0x0805aaec                real_creat
 .bss.real_fcntl
                0x0805aaf0        0x4 /home/cutie/RIOT/examples/tutorials/t1/bin/native/cpu/syscalls.o
                0x0805aaf0                real_fcntl
 .bss.real_close
                0x0805aaf4        0x4 /home/cutie/RIOT/examples/tutorials/t1/bin/native/cpu/syscalls.o
                0x0805aaf4                real_close
 .bss.real_chdir
                0x0805aaf8        0x4 /home/cutie/RIOT/examples/tutorials/t1/bin/native/cpu/syscalls.o
                0x0805aaf8                real_chdir
 .bss.real_getpid
                0x0805aafc        0x4 /home/cutie/RIOT/examples/tutorials/t1/bin/native/cpu/syscalls.o
                0x0805aafc                real_getpid
 .bss.real_gettimeofday
                0x0805ab00        0x4 /home/cutie/RIOT/examples/tutorials/t1/bin/native/cpu/syscalls.o
                0x0805ab00                real_gettimeofday
 .bss.real_getifaddrs
                0x0805ab04        0x4 /home/cutie/RIOT/examples/tutorials/t1/bin/native/cpu/syscalls.o
                0x0805ab04                real_getifaddrs
 .bss.real_getaddrinfo
                0x0805ab08        0x4 /home/cutie/RIOT/examples/tutorials/t1/bin/native/cpu/syscalls.o
                0x0805ab08                real_getaddrinfo
 .bss.real_printf
                0x0805ab0c        0x4 /home/cutie/RIOT/examples/tutorials/t1/bin/native/cpu/syscalls.o
                0x0805ab0c                real_printf
 .bss.real_connect
                0x0805ab10        0x4 /home/cutie/RIOT/examples/tutorials/t1/bin/native/cpu/syscalls.o
                0x0805ab10                real_connect
 .bss.real_bind
                0x0805ab14        0x4 /home/cutie/RIOT/examples/tutorials/t1/bin/native/cpu/syscalls.o
                0x0805ab14                real_bind
 .bss.real_accept
                0x0805ab18        0x4 /home/cutie/RIOT/examples/tutorials/t1/bin/native/cpu/syscalls.o
                0x0805ab18                real_accept
 .bss.real_srandom
                0x0805ab1c        0x4 /home/cutie/RIOT/examples/tutorials/t1/bin/native/cpu/syscalls.o
                0x0805ab1c                real_srandom
 .bss.real_freeifaddrs
                0x0805ab20        0x4 /home/cutie/RIOT/examples/tutorials/t1/bin/native/cpu/syscalls.o
                0x0805ab20                real_freeifaddrs
 .bss.real_freeaddrinfo
                0x0805ab24        0x4 /home/cutie/RIOT/examples/tutorials/t1/bin/native/cpu/syscalls.o
                0x0805ab24                real_freeaddrinfo
 .bss.real_realloc
                0x0805ab28        0x4 /home/cutie/RIOT/examples/tutorials/t1/bin/native/cpu/syscalls.o
                0x0805ab28                real_realloc
 .bss.real_calloc
                0x0805ab2c        0x4 /home/cutie/RIOT/examples/tutorials/t1/bin/native/cpu/syscalls.o
                0x0805ab2c                real_calloc
 .bss.real_malloc
                0x0805ab30        0x4 /home/cutie/RIOT/examples/tutorials/t1/bin/native/cpu/syscalls.o
                0x0805ab30                real_malloc
 .bss.real_free
                0x0805ab34        0x4 /home/cutie/RIOT/examples/tutorials/t1/bin/native/cpu/syscalls.o
                0x0805ab34                real_free
 .bss.real_exit
                0x0805ab38        0x4 /home/cutie/RIOT/examples/tutorials/t1/bin/native/cpu/syscalls.o
                0x0805ab38                real_exit
 .bss.real_clearerr
                0x0805ab3c        0x4 /home/cutie/RIOT/examples/tutorials/t1/bin/native/cpu/syscalls.o
                0x0805ab3c                real_clearerr
 .bss.real_recv
                0x0805ab40        0x4 /home/cutie/RIOT/examples/tutorials/t1/bin/native/cpu/syscalls.o
                0x0805ab40                real_recv
 .bss.real_fread
                0x0805ab44        0x4 /home/cutie/RIOT/examples/tutorials/t1/bin/native/cpu/syscalls.o
                0x0805ab44                real_fread
 .bss.real_write
                0x0805ab48        0x4 /home/cutie/RIOT/examples/tutorials/t1/bin/native/cpu/syscalls.o
                0x0805ab48                real_write
 .bss.real_read
                0x0805ab4c        0x4 /home/cutie/RIOT/examples/tutorials/t1/bin/native/cpu/syscalls.o
                0x0805ab4c                real_read
 .bss.port_numof
                0x0805ab50        0x4 /home/cutie/RIOT/examples/tutorials/t1/bin/native/periph/gpio_linux.o
 .bss.ports     0x0805ab54        0x4 /home/cutie/RIOT/examples/tutorials/t1/bin/native/periph/gpio_linux.o
 .bss._native_retval
                0x0805ab58        0x4 /home/cutie/RIOT/examples/tutorials/t1/bin/native/periph/pm.o
                0x0805ab58                _native_retval
 .bss.tty_device_filenames
                0x0805ab5c        0x4 /home/cutie/RIOT/examples/tutorials/t1/bin/native/periph/uart.o
 *(COMMON)
                0x0805ab60                        . = ALIGN ((. != 0x0)?0x4:0x1)
                0x0805ab60                        . = ALIGN (0x4)
                0x0805ab60                        . = SEGMENT_START ("ldata-segment", .)
                0x0805ab60                        . = ALIGN (0x4)
                0x0805ab60                        _end = .
                [!provide]                        PROVIDE (end = .)
                0x0805ab60                        . = DATA_SEGMENT_END (.)

.stab
 *(.stab)

.stabstr
 *(.stabstr)

.stab.excl
 *(.stab.excl)

.stab.exclstr
 *(.stab.exclstr)

.stab.index
 *(.stab.index)

.stab.indexstr
 *(.stab.indexstr)

.comment        0x00000000       0x1f
 *(.comment)
 .comment       0x00000000       0x1f /usr/lib/gcc/x86_64-linux-gnu/13/32/crtbegin.o
                                 0x20 (size before relaxing)
 .comment       0x0000001f       0x20 /home/cutie/RIOT/examples/tutorials/t1/bin/native/application_t1/main.o
 .comment       0x0000001f       0x20 /home/cutie/RIOT/examples/tutorials/t1/bin/native/auto_init/auto_init.o
 .comment       0x0000001f       0x20 /home/cutie/RIOT/examples/tutorials/t1/bin/native/board/board_init.o
 .comment       0x0000001f       0x20 /home/cutie/RIOT/examples/tutorials/t1/bin/native/board_common_init/board_common.o
 .comment       0x0000001f       0x20 /home/cutie/RIOT/examples/tutorials/t1/bin/native/core/cond.o
 .comment       0x0000001f       0x20 /home/cutie/RIOT/examples/tutorials/t1/bin/native/core/msg.o
 .comment       0x0000001f       0x20 /home/cutie/RIOT/examples/tutorials/t1/bin/native/core/mutex.o
 .comment       0x0000001f       0x20 /home/cutie/RIOT/examples/tutorials/t1/bin/native/core/sched.o
 .comment       0x0000001f       0x20 /home/cutie/RIOT/examples/tutorials/t1/bin/native/core/thread.o
 .comment       0x0000001f       0x20 /home/cutie/RIOT/examples/tutorials/t1/bin/native/core_lib/assert.o
 .comment       0x0000001f       0x20 /home/cutie/RIOT/examples/tutorials/t1/bin/native/core_lib/atomic_c11.o
 .comment       0x0000001f       0x20 /home/cutie/RIOT/examples/tutorials/t1/bin/native/core_lib/bitarithm.o
 .comment       0x0000001f       0x20 /home/cutie/RIOT/examples/tutorials/t1/bin/native/core_lib/clist.o
 .comment       0x0000001f       0x20 /home/cutie/RIOT/examples/tutorials/t1/bin/native/core_lib/init.o
 .comment       0x0000001f       0x20 /home/cutie/RIOT/examples/tutorials/t1/bin/native/core_lib/panic.o
 .comment       0x0000001f       0x20 /home/cutie/RIOT/examples/tutorials/t1/bin/native/core_lib/priority_queue.o
 .comment       0x0000001f       0x20 /home/cutie/RIOT/examples/tutorials/t1/bin/native/core_lib/ringbuffer.o
 .comment       0x0000001f       0x20 /home/cutie/RIOT/examples/tutorials/t1/bin/native/core_lib/rmutex.o
 .comment       0x0000001f       0x20 /home/cutie/RIOT/examples/tutorials/t1/bin/native/cpu/async_read.o
 .comment       0x0000001f       0x20 /home/cutie/RIOT/examples/tutorials/t1/bin/native/cpu/irq_cpu.o
 .comment       0x0000001f       0x20 /home/cutie/RIOT/examples/tutorials/t1/bin/native/cpu/native_cpu.o
 .comment       0x0000001f       0x20 /home/cutie/RIOT/examples/tutorials/t1/bin/native/cpu/panic.o
 .comment       0x0000001f       0x20 /home/cutie/RIOT/examples/tutorials/t1/bin/native/cpu/startup.o
 .comment       0x0000001f       0x20 /home/cutie/RIOT/examples/tutorials/t1/bin/native/cpu/syscalls.o
 .comment       0x0000001f       0x20 /home/cutie/RIOT/examples/tutorials/t1/bin/native/isrpipe/isrpipe.o
 .comment       0x0000001f       0x20 /home/cutie/RIOT/examples/tutorials/t1/bin/native/libc/string.o
 .comment       0x0000001f       0x20 /home/cutie/RIOT/examples/tutorials/t1/bin/native/native_drivers/native-led.o
 .comment       0x0000001f       0x20 /home/cutie/RIOT/examples/tutorials/t1/bin/native/periph/gpio_linux.o
 .comment       0x0000001f       0x20 /home/cutie/RIOT/examples/tutorials/t1/bin/native/periph/pm.o
 .comment       0x0000001f       0x20 /home/cutie/RIOT/examples/tutorials/t1/bin/native/periph/uart.o
 .comment       0x0000001f       0x20 /home/cutie/RIOT/examples/tutorials/t1/bin/native/periph_common/gpio.o
 .comment       0x0000001f       0x20 /home/cutie/RIOT/examples/tutorials/t1/bin/native/periph_common/init.o
 .comment       0x0000001f       0x20 /home/cutie/RIOT/examples/tutorials/t1/bin/native/periph_common/init_leds.o
 .comment       0x0000001f       0x20 /home/cutie/RIOT/examples/tutorials/t1/bin/native/shell/shell.o
 .comment       0x0000001f       0x20 /home/cutie/RIOT/examples/tutorials/t1/bin/native/stdio_native/stdio_native.o
 .comment       0x0000001f       0x20 /home/cutie/RIOT/examples/tutorials/t1/bin/native/tsrb/tsrb.o
 .comment       0x0000001f       0x20 /usr/lib/gcc/x86_64-linux-gnu/13/32/crtend.o

.gnu.build.attributes
 *(.gnu.build.attributes .gnu.build.attributes.*)

.debug
 *(.debug)

.line
 *(.line)

.debug_srcinfo
 *(.debug_srcinfo)

.debug_sfnames
 *(.debug_sfnames)

.debug_aranges  0x00000000      0xcd0
 *(.debug_aranges)
 .debug_aranges
                0x00000000       0x28 /home/cutie/RIOT/examples/tutorials/t1/bin/native/application_t1/main.o
 .debug_aranges
                0x00000028       0x20 /home/cutie/RIOT/examples/tutorials/t1/bin/native/auto_init/auto_init.o
 .debug_aranges
                0x00000048       0x20 /home/cutie/RIOT/examples/tutorials/t1/bin/native/board/board_init.o
 .debug_aranges
                0x00000068       0x20 /home/cutie/RIOT/examples/tutorials/t1/bin/native/board_common_init/board_common.o
 .debug_aranges
                0x00000088       0x40 /home/cutie/RIOT/examples/tutorials/t1/bin/native/core/cond.o
 .debug_aranges
                0x000000c8       0xc0 /home/cutie/RIOT/examples/tutorials/t1/bin/native/core/msg.o
 .debug_aranges
                0x00000188       0x40 /home/cutie/RIOT/examples/tutorials/t1/bin/native/core/mutex.o
 .debug_aranges
                0x000001c8       0x48 /home/cutie/RIOT/examples/tutorials/t1/bin/native/core/sched.o
 .debug_aranges
                0x00000210       0x78 /home/cutie/RIOT/examples/tutorials/t1/bin/native/core/thread.o
 .debug_aranges
                0x00000288       0x30 /home/cutie/RIOT/examples/tutorials/t1/bin/native/core_lib/assert.o
 .debug_aranges
                0x000002b8      0x240 /home/cutie/RIOT/examples/tutorials/t1/bin/native/core_lib/atomic_c11.o
 .debug_aranges
                0x000004f8       0x28 /home/cutie/RIOT/examples/tutorials/t1/bin/native/core_lib/bitarithm.o
 .debug_aranges
                0x00000520       0x20 /home/cutie/RIOT/examples/tutorials/t1/bin/native/core_lib/clist.o
 .debug_aranges
                0x00000540       0x38 /home/cutie/RIOT/examples/tutorials/t1/bin/native/core_lib/init.o
 .debug_aranges
                0x00000578       0x30 /home/cutie/RIOT/examples/tutorials/t1/bin/native/core_lib/panic.o
 .debug_aranges
                0x000005a8       0x30 /home/cutie/RIOT/examples/tutorials/t1/bin/native/core_lib/priority_queue.o
 .debug_aranges
                0x000005d8       0x60 /home/cutie/RIOT/examples/tutorials/t1/bin/native/core_lib/ringbuffer.o
 .debug_aranges
                0x00000638       0x38 /home/cutie/RIOT/examples/tutorials/t1/bin/native/core_lib/rmutex.o
 .debug_aranges
                0x00000670       0x60 /home/cutie/RIOT/examples/tutorials/t1/bin/native/cpu/async_read.o
 .debug_aranges
                0x000006d0       0xb8 /home/cutie/RIOT/examples/tutorials/t1/bin/native/cpu/irq_cpu.o
 .debug_aranges
                0x00000788       0x70 /home/cutie/RIOT/examples/tutorials/t1/bin/native/cpu/native_cpu.o
 .debug_aranges
                0x000007f8       0x20 /home/cutie/RIOT/examples/tutorials/t1/bin/native/cpu/panic.o
 .debug_aranges
                0x00000818       0x50 /home/cutie/RIOT/examples/tutorials/t1/bin/native/cpu/startup.o
 .debug_aranges
                0x00000868      0x108 /home/cutie/RIOT/examples/tutorials/t1/bin/native/cpu/syscalls.o
 .debug_aranges
                0x00000970       0x20 /home/cutie/RIOT/examples/tutorials/t1/bin/native/cpu/tramp.o
 .debug_aranges
                0x00000990       0x40 /home/cutie/RIOT/examples/tutorials/t1/bin/native/isrpipe/isrpipe.o
 .debug_aranges
                0x000009d0       0x28 /home/cutie/RIOT/examples/tutorials/t1/bin/native/libc/string.o
 .debug_aranges
                0x000009f8       0x48 /home/cutie/RIOT/examples/tutorials/t1/bin/native/native_drivers/native-led.o
 .debug_aranges
                0x00000a40       0x60 /home/cutie/RIOT/examples/tutorials/t1/bin/native/periph/gpio_linux.o
 .debug_aranges
                0x00000aa0       0x40 /home/cutie/RIOT/examples/tutorials/t1/bin/native/periph/pm.o
 .debug_aranges
                0x00000ae0       0x48 /home/cutie/RIOT/examples/tutorials/t1/bin/native/periph/uart.o
 .debug_aranges
                0x00000b28       0x20 /home/cutie/RIOT/examples/tutorials/t1/bin/native/periph_common/gpio.o
 .debug_aranges
                0x00000b48       0x20 /home/cutie/RIOT/examples/tutorials/t1/bin/native/periph_common/init.o
 .debug_aranges
                0x00000b68       0x20 /home/cutie/RIOT/examples/tutorials/t1/bin/native/periph_common/init_leds.o
 .debug_aranges
                0x00000b88       0x98 /home/cutie/RIOT/examples/tutorials/t1/bin/native/shell/shell.o
 .debug_aranges
                0x00000c20       0x30 /home/cutie/RIOT/examples/tutorials/t1/bin/native/stdio_native/stdio_native.o
 .debug_aranges
                0x00000c50       0x80 /home/cutie/RIOT/examples/tutorials/t1/bin/native/tsrb/tsrb.o

.debug_pubnames
 *(.debug_pubnames)

.debug_info     0x00000000    0x11f4d
 *(.debug_info .gnu.linkonce.wi.*)
 .debug_info    0x00000000      0x262 /home/cutie/RIOT/examples/tutorials/t1/bin/native/application_t1/main.o
 .debug_info    0x00000262      0x19b /home/cutie/RIOT/examples/tutorials/t1/bin/native/auto_init/auto_init.o
 .debug_info    0x000003fd       0xcc /home/cutie/RIOT/examples/tutorials/t1/bin/native/board/board_init.o
 .debug_info    0x000004c9       0xaf /home/cutie/RIOT/examples/tutorials/t1/bin/native/board_common_init/board_common.o
 .debug_info    0x00000578      0x713 /home/cutie/RIOT/examples/tutorials/t1/bin/native/core/cond.o
 .debug_info    0x00000c8b     0x184e /home/cutie/RIOT/examples/tutorials/t1/bin/native/core/msg.o
 .debug_info    0x000024d9      0x9e2 /home/cutie/RIOT/examples/tutorials/t1/bin/native/core/mutex.o
 .debug_info    0x00002ebb      0xbc5 /home/cutie/RIOT/examples/tutorials/t1/bin/native/core/sched.o
 .debug_info    0x00003a80      0xd60 /home/cutie/RIOT/examples/tutorials/t1/bin/native/core/thread.o
 .debug_info    0x000047e0      0x222 /home/cutie/RIOT/examples/tutorials/t1/bin/native/core_lib/assert.o
 .debug_info    0x00004a02     0x2460 /home/cutie/RIOT/examples/tutorials/t1/bin/native/core_lib/atomic_c11.o
 .debug_info    0x00006e62      0x169 /home/cutie/RIOT/examples/tutorials/t1/bin/native/core_lib/bitarithm.o
 .debug_info    0x00006fcb      0x1d1 /home/cutie/RIOT/examples/tutorials/t1/bin/native/core_lib/clist.o
 .debug_info    0x0000719c      0x31f /home/cutie/RIOT/examples/tutorials/t1/bin/native/core_lib/init.o
 .debug_info    0x000074bb      0x224 /home/cutie/RIOT/examples/tutorials/t1/bin/native/core_lib/panic.o
 .debug_info    0x000076df      0x228 /home/cutie/RIOT/examples/tutorials/t1/bin/native/core_lib/priority_queue.o
 .debug_info    0x00007907      0x4f1 /home/cutie/RIOT/examples/tutorials/t1/bin/native/core_lib/ringbuffer.o
 .debug_info    0x00007df8      0x61c /home/cutie/RIOT/examples/tutorials/t1/bin/native/core_lib/rmutex.o
 .debug_info    0x00008414      0x760 /home/cutie/RIOT/examples/tutorials/t1/bin/native/cpu/async_read.o
 .debug_info    0x00008b74     0x1cd2 /home/cutie/RIOT/examples/tutorials/t1/bin/native/cpu/irq_cpu.o
 .debug_info    0x0000a846     0x1261 /home/cutie/RIOT/examples/tutorials/t1/bin/native/cpu/native_cpu.o
 .debug_info    0x0000baa7      0x104 /home/cutie/RIOT/examples/tutorials/t1/bin/native/cpu/panic.o
 .debug_info    0x0000bbab      0xab5 /home/cutie/RIOT/examples/tutorials/t1/bin/native/cpu/startup.o
 .debug_info    0x0000c660     0x26fc /home/cutie/RIOT/examples/tutorials/t1/bin/native/cpu/syscalls.o
 .debug_info    0x0000ed5c       0x24 /home/cutie/RIOT/examples/tutorials/t1/bin/native/cpu/tramp.o
 .debug_info    0x0000ed80      0x4e4 /home/cutie/RIOT/examples/tutorials/t1/bin/native/isrpipe/isrpipe.o
 .debug_info    0x0000f264      0x1c7 /home/cutie/RIOT/examples/tutorials/t1/bin/native/libc/string.o
 .debug_info    0x0000f42b      0x176 /home/cutie/RIOT/examples/tutorials/t1/bin/native/native_drivers/native-led.o
 .debug_info    0x0000f5a1      0x6a4 /home/cutie/RIOT/examples/tutorials/t1/bin/native/periph/gpio_linux.o
 .debug_info    0x0000fc45      0x299 /home/cutie/RIOT/examples/tutorials/t1/bin/native/periph/pm.o
 .debug_info    0x0000fede      0x6a5 /home/cutie/RIOT/examples/tutorials/t1/bin/native/periph/uart.o
 .debug_info    0x00010583      0x164 /home/cutie/RIOT/examples/tutorials/t1/bin/native/periph_common/gpio.o
 .debug_info    0x000106e7       0xbd /home/cutie/RIOT/examples/tutorials/t1/bin/native/periph_common/init.o
 .debug_info    0x000107a4       0xaf /home/cutie/RIOT/examples/tutorials/t1/bin/native/periph_common/init_leds.o
 .debug_info    0x00010853      0xd6e /home/cutie/RIOT/examples/tutorials/t1/bin/native/shell/shell.o
 .debug_info    0x000115c1      0x1a8 /home/cutie/RIOT/examples/tutorials/t1/bin/native/stdio_native/stdio_native.o
 .debug_info    0x00011769      0x7e4 /home/cutie/RIOT/examples/tutorials/t1/bin/native/tsrb/tsrb.o

.debug_abbrev   0x00000000     0x4bd6
 *(.debug_abbrev)
 .debug_abbrev  0x00000000      0x1bb /home/cutie/RIOT/examples/tutorials/t1/bin/native/application_t1/main.o
 .debug_abbrev  0x000001bb      0x137 /home/cutie/RIOT/examples/tutorials/t1/bin/native/auto_init/auto_init.o
 .debug_abbrev  0x000002f2       0x8b /home/cutie/RIOT/examples/tutorials/t1/bin/native/board/board_init.o
 .debug_abbrev  0x0000037d       0x5d /home/cutie/RIOT/examples/tutorials/t1/bin/native/board_common_init/board_common.o
 .debug_abbrev  0x000003da      0x2c9 /home/cutie/RIOT/examples/tutorials/t1/bin/native/core/cond.o
 .debug_abbrev  0x000006a3      0x4f9 /home/cutie/RIOT/examples/tutorials/t1/bin/native/core/msg.o
 .debug_abbrev  0x00000b9c      0x353 /home/cutie/RIOT/examples/tutorials/t1/bin/native/core/mutex.o
 .debug_abbrev  0x00000eef      0x41e /home/cutie/RIOT/examples/tutorials/t1/bin/native/core/sched.o
 .debug_abbrev  0x0000130d      0x42f /home/cutie/RIOT/examples/tutorials/t1/bin/native/core/thread.o
 .debug_abbrev  0x0000173c      0x14f /home/cutie/RIOT/examples/tutorials/t1/bin/native/core_lib/assert.o
 .debug_abbrev  0x0000188b      0x1f4 /home/cutie/RIOT/examples/tutorials/t1/bin/native/core_lib/atomic_c11.o
 .debug_abbrev  0x00001a7f       0xe9 /home/cutie/RIOT/examples/tutorials/t1/bin/native/core_lib/bitarithm.o
 .debug_abbrev  0x00001b68      0x11d /home/cutie/RIOT/examples/tutorials/t1/bin/native/core_lib/clist.o
 .debug_abbrev  0x00001c85      0x1ba /home/cutie/RIOT/examples/tutorials/t1/bin/native/core_lib/init.o
 .debug_abbrev  0x00001e3f      0x139 /home/cutie/RIOT/examples/tutorials/t1/bin/native/core_lib/panic.o
 .debug_abbrev  0x00001f78      0x115 /home/cutie/RIOT/examples/tutorials/t1/bin/native/core_lib/priority_queue.o
 .debug_abbrev  0x0000208d      0x1fa /home/cutie/RIOT/examples/tutorials/t1/bin/native/core_lib/ringbuffer.o
 .debug_abbrev  0x00002287      0x273 /home/cutie/RIOT/examples/tutorials/t1/bin/native/core_lib/rmutex.o
 .debug_abbrev  0x000024fa      0x26b /home/cutie/RIOT/examples/tutorials/t1/bin/native/cpu/async_read.o
 .debug_abbrev  0x00002765      0x4e5 /home/cutie/RIOT/examples/tutorials/t1/bin/native/cpu/irq_cpu.o
 .debug_abbrev  0x00002c4a      0x405 /home/cutie/RIOT/examples/tutorials/t1/bin/native/cpu/native_cpu.o
 .debug_abbrev  0x0000304f       0xac /home/cutie/RIOT/examples/tutorials/t1/bin/native/cpu/panic.o
 .debug_abbrev  0x000030fb      0x3d2 /home/cutie/RIOT/examples/tutorials/t1/bin/native/cpu/startup.o
 .debug_abbrev  0x000034cd      0x4e8 /home/cutie/RIOT/examples/tutorials/t1/bin/native/cpu/syscalls.o
 .debug_abbrev  0x000039b5       0x14 /home/cutie/RIOT/examples/tutorials/t1/bin/native/cpu/tramp.o
 .debug_abbrev  0x000039c9      0x225 /home/cutie/RIOT/examples/tutorials/t1/bin/native/isrpipe/isrpipe.o
 .debug_abbrev  0x00003bee      0x107 /home/cutie/RIOT/examples/tutorials/t1/bin/native/libc/string.o
 .debug_abbrev  0x00003cf5       0x70 /home/cutie/RIOT/examples/tutorials/t1/bin/native/native_drivers/native-led.o
 .debug_abbrev  0x00003d65      0x297 /home/cutie/RIOT/examples/tutorials/t1/bin/native/periph/gpio_linux.o
 .debug_abbrev  0x00003ffc      0x17a /home/cutie/RIOT/examples/tutorials/t1/bin/native/periph/pm.o
 .debug_abbrev  0x00004176      0x25c /home/cutie/RIOT/examples/tutorials/t1/bin/native/periph/uart.o
 .debug_abbrev  0x000043d2       0xe7 /home/cutie/RIOT/examples/tutorials/t1/bin/native/periph_common/gpio.o
 .debug_abbrev  0x000044b9       0x77 /home/cutie/RIOT/examples/tutorials/t1/bin/native/periph_common/init.o
 .debug_abbrev  0x00004530       0x5d /home/cutie/RIOT/examples/tutorials/t1/bin/native/periph_common/init_leds.o
 .debug_abbrev  0x0000458d      0x3e0 /home/cutie/RIOT/examples/tutorials/t1/bin/native/shell/shell.o
 .debug_abbrev  0x0000496d       0xeb /home/cutie/RIOT/examples/tutorials/t1/bin/native/stdio_native/stdio_native.o
 .debug_abbrev  0x00004a58      0x17e /home/cutie/RIOT/examples/tutorials/t1/bin/native/tsrb/tsrb.o

.debug_line     0x00000000     0xc1ce
 *(.debug_line .debug_line.* .debug_line_end)
 .debug_line    0x00000000      0x218 /home/cutie/RIOT/examples/tutorials/t1/bin/native/application_t1/main.o
 .debug_line    0x00000218      0x22e /home/cutie/RIOT/examples/tutorials/t1/bin/native/auto_init/auto_init.o
 .debug_line    0x00000446      0x1dc /home/cutie/RIOT/examples/tutorials/t1/bin/native/board/board_init.o
 .debug_line    0x00000622      0x1af /home/cutie/RIOT/examples/tutorials/t1/bin/native/board_common_init/board_common.o
 .debug_line    0x000007d1      0x300 /home/cutie/RIOT/examples/tutorials/t1/bin/native/core/cond.o
 .debug_line    0x00000ad1      0xe91 /home/cutie/RIOT/examples/tutorials/t1/bin/native/core/msg.o
 .debug_line    0x00001962      0x618 /home/cutie/RIOT/examples/tutorials/t1/bin/native/core/mutex.o
 .debug_line    0x00001f7a      0x70c /home/cutie/RIOT/examples/tutorials/t1/bin/native/core/sched.o
 .debug_line    0x00002686      0x87f /home/cutie/RIOT/examples/tutorials/t1/bin/native/core/thread.o
 .debug_line    0x00002f05      0x23e /home/cutie/RIOT/examples/tutorials/t1/bin/native/core_lib/assert.o
 .debug_line    0x00003143     0x1134 /home/cutie/RIOT/examples/tutorials/t1/bin/native/core_lib/atomic_c11.o
 .debug_line    0x00004277      0x23c /home/cutie/RIOT/examples/tutorials/t1/bin/native/core_lib/bitarithm.o
 .debug_line    0x000044b3      0x234 /home/cutie/RIOT/examples/tutorials/t1/bin/native/core_lib/clist.o
 .debug_line    0x000046e7      0x348 /home/cutie/RIOT/examples/tutorials/t1/bin/native/core_lib/init.o
 .debug_line    0x00004a2f      0x23f /home/cutie/RIOT/examples/tutorials/t1/bin/native/core_lib/panic.o
 .debug_line    0x00004c6e      0x28d /home/cutie/RIOT/examples/tutorials/t1/bin/native/core_lib/priority_queue.o
 .debug_line    0x00004efb      0x37f /home/cutie/RIOT/examples/tutorials/t1/bin/native/core_lib/ringbuffer.o
 .debug_line    0x0000527a      0x47f /home/cutie/RIOT/examples/tutorials/t1/bin/native/core_lib/rmutex.o
 .debug_line    0x000056f9      0x6f9 /home/cutie/RIOT/examples/tutorials/t1/bin/native/cpu/async_read.o
 .debug_line    0x00005df2      0xd3a /home/cutie/RIOT/examples/tutorials/t1/bin/native/cpu/irq_cpu.o
 .debug_line    0x00006b2c      0x82f /home/cutie/RIOT/examples/tutorials/t1/bin/native/cpu/native_cpu.o
 .debug_line    0x0000735b      0x397 /home/cutie/RIOT/examples/tutorials/t1/bin/native/cpu/panic.o
 .debug_line    0x000076f2      0x927 /home/cutie/RIOT/examples/tutorials/t1/bin/native/cpu/startup.o
 .debug_line    0x00008019      0xf4d /home/cutie/RIOT/examples/tutorials/t1/bin/native/cpu/syscalls.o
 .debug_line    0x00008f66       0x5a /home/cutie/RIOT/examples/tutorials/t1/bin/native/cpu/tramp.o
 .debug_line    0x00008fc0      0x2fb /home/cutie/RIOT/examples/tutorials/t1/bin/native/isrpipe/isrpipe.o
 .debug_line    0x000092bb      0x21a /home/cutie/RIOT/examples/tutorials/t1/bin/native/libc/string.o
 .debug_line    0x000094d5      0x262 /home/cutie/RIOT/examples/tutorials/t1/bin/native/native_drivers/native-led.o
 .debug_line    0x00009737      0x745 /home/cutie/RIOT/examples/tutorials/t1/bin/native/periph/gpio_linux.o
 .debug_line    0x00009e7c      0x4e2 /home/cutie/RIOT/examples/tutorials/t1/bin/native/periph/pm.o
 .debug_line    0x0000a35e      0x6fd /home/cutie/RIOT/examples/tutorials/t1/bin/native/periph/uart.o
 .debug_line    0x0000aa5b      0x1c2 /home/cutie/RIOT/examples/tutorials/t1/bin/native/periph_common/gpio.o
 .debug_line    0x0000ac1d      0x16a /home/cutie/RIOT/examples/tutorials/t1/bin/native/periph_common/init.o
 .debug_line    0x0000ad87      0x1b5 /home/cutie/RIOT/examples/tutorials/t1/bin/native/periph_common/init_leds.o
 .debug_line    0x0000af3c      0x9b4 /home/cutie/RIOT/examples/tutorials/t1/bin/native/shell/shell.o
 .debug_line    0x0000b8f0      0x40e /home/cutie/RIOT/examples/tutorials/t1/bin/native/stdio_native/stdio_native.o
 .debug_line    0x0000bcfe      0x4d0 /home/cutie/RIOT/examples/tutorials/t1/bin/native/tsrb/tsrb.o

.debug_frame
 *(.debug_frame)

.debug_str      0x00000000    0x62fb5
 *(.debug_str)
 .debug_str     0x00000000    0x62fb5 /home/cutie/RIOT/examples/tutorials/t1/bin/native/application_t1/main.o
                               0x98a8 (size before relaxing)
 .debug_str     0x00062fb5    0x4da2f /home/cutie/RIOT/examples/tutorials/t1/bin/native/auto_init/auto_init.o
 .debug_str     0x00062fb5     0x843e /home/cutie/RIOT/examples/tutorials/t1/bin/native/board/board_init.o
 .debug_str     0x00062fb5     0x7fdf /home/cutie/RIOT/examples/tutorials/t1/bin/native/board_common_init/board_common.o
 .debug_str     0x00062fb5     0x9276 /home/cutie/RIOT/examples/tutorials/t1/bin/native/core/cond.o
 .debug_str     0x00062fb5     0x9485 /home/cutie/RIOT/examples/tutorials/t1/bin/native/core/msg.o
 .debug_str     0x00062fb5     0x995a /home/cutie/RIOT/examples/tutorials/t1/bin/native/core/mutex.o
 .debug_str     0x00062fb5     0x984e /home/cutie/RIOT/examples/tutorials/t1/bin/native/core/sched.o
 .debug_str     0x00062fb5     0x9d12 /home/cutie/RIOT/examples/tutorials/t1/bin/native/core/thread.o
 .debug_str     0x00062fb5     0x8f8f /home/cutie/RIOT/examples/tutorials/t1/bin/native/core_lib/assert.o
 .debug_str     0x00062fb5     0x89e5 /home/cutie/RIOT/examples/tutorials/t1/bin/native/core_lib/atomic_c11.o
 .debug_str     0x00062fb5     0x675c /home/cutie/RIOT/examples/tutorials/t1/bin/native/core_lib/bitarithm.o
 .debug_str     0x00062fb5     0x3316 /home/cutie/RIOT/examples/tutorials/t1/bin/native/core_lib/clist.o
 .debug_str     0x00062fb5     0xed72 /home/cutie/RIOT/examples/tutorials/t1/bin/native/core_lib/init.o
 .debug_str     0x00062fb5     0x8578 /home/cutie/RIOT/examples/tutorials/t1/bin/native/core_lib/panic.o
 .debug_str     0x00062fb5     0x8f7e /home/cutie/RIOT/examples/tutorials/t1/bin/native/core_lib/priority_queue.o
 .debug_str     0x00062fb5     0x4939 /home/cutie/RIOT/examples/tutorials/t1/bin/native/core_lib/ringbuffer.o
 .debug_str     0x00062fb5     0xa9ac /home/cutie/RIOT/examples/tutorials/t1/bin/native/core_lib/rmutex.o
 .debug_str     0x00062fb5    0x12ccb /home/cutie/RIOT/examples/tutorials/t1/bin/native/cpu/async_read.o
 .debug_str     0x00062fb5    0x17eec /home/cutie/RIOT/examples/tutorials/t1/bin/native/cpu/irq_cpu.o
 .debug_str     0x00062fb5    0x167f8 /home/cutie/RIOT/examples/tutorials/t1/bin/native/cpu/native_cpu.o
 .debug_str     0x00062fb5    0x12749 /home/cutie/RIOT/examples/tutorials/t1/bin/native/cpu/panic.o
 .debug_str     0x00062fb5    0x17e7d /home/cutie/RIOT/examples/tutorials/t1/bin/native/cpu/startup.o
 .debug_str     0x00062fb5    0x170a8 /home/cutie/RIOT/examples/tutorials/t1/bin/native/cpu/syscalls.o
 .debug_str     0x00062fb5       0x4c /home/cutie/RIOT/examples/tutorials/t1/bin/native/cpu/tramp.o
 .debug_str     0x00062fb5     0x8e87 /home/cutie/RIOT/examples/tutorials/t1/bin/native/isrpipe/isrpipe.o
 .debug_str     0x00062fb5     0x68f2 /home/cutie/RIOT/examples/tutorials/t1/bin/native/libc/string.o
 .debug_str     0x00062fb5     0x84ba /home/cutie/RIOT/examples/tutorials/t1/bin/native/native_drivers/native-led.o
 .debug_str     0x00062fb5    0x16e4d /home/cutie/RIOT/examples/tutorials/t1/bin/native/periph/gpio_linux.o
 .debug_str     0x00062fb5    0x11534 /home/cutie/RIOT/examples/tutorials/t1/bin/native/periph/pm.o
 .debug_str     0x00062fb5    0x126b9 /home/cutie/RIOT/examples/tutorials/t1/bin/native/periph/uart.o
 .debug_str     0x00062fb5     0x74f0 /home/cutie/RIOT/examples/tutorials/t1/bin/native/periph_common/gpio.o
 .debug_str     0x00062fb5     0x73a1 /home/cutie/RIOT/examples/tutorials/t1/bin/native/periph_common/init.o
 .debug_str     0x00062fb5     0x805b /home/cutie/RIOT/examples/tutorials/t1/bin/native/periph_common/init_leds.o
 .debug_str     0x00062fb5     0xb43b /home/cutie/RIOT/examples/tutorials/t1/bin/native/shell/shell.o
 .debug_str     0x00062fb5    0x1341b /home/cutie/RIOT/examples/tutorials/t1/bin/native/stdio_native/stdio_native.o
 .debug_str     0x00062fb5     0x5c0d /home/cutie/RIOT/examples/tutorials/t1/bin/native/tsrb/tsrb.o

.debug_loc
 *(.debug_loc)

.debug_macinfo
 *(.debug_macinfo)

.debug_weaknames
 *(.debug_weaknames)

.debug_funcnames
 *(.debug_funcnames)

.debug_typenames
 *(.debug_typenames)

.debug_varnames
 *(.debug_varnames)

.debug_pubtypes
 *(.debug_pubtypes)

.debug_ranges
 *(.debug_ranges)

.debug_addr
 *(.debug_addr)

.debug_line_str
                0x00000000     0x1461
 *(.debug_line_str)
 .debug_line_str
                0x00000000     0x1461 /home/cutie/RIOT/examples/tutorials/t1/bin/native/application_t1/main.o
                                0x56b (size before relaxing)
 .debug_line_str
                0x00001461      0x5cf /home/cutie/RIOT/examples/tutorials/t1/bin/native/auto_init/auto_init.o
 .debug_line_str
                0x00001461      0x566 /home/cutie/RIOT/examples/tutorials/t1/bin/native/board/board_init.o
 .debug_line_str
                0x00001461      0x52f /home/cutie/RIOT/examples/tutorials/t1/bin/native/board_common_init/board_common.o
 .debug_line_str