Archive member included to satisfy reference by file (symbol)

/usr/lib32/libc_nonshared.a(stack_chk_fail_local.oS)
                              /home/cutie/RIOT/examples/tutorials/t3/bin/native/application_t3/main.o (__stack_chk_fail_local)

Merging program properties

Removed property 0xc0000002 to merge /usr/lib/gcc/x86_64-linux-gnu/13/32/crtbegin.o (0x3) and /usr/lib/gcc/x86_64-linux-gnu/13/../../../../lib32/crt1.o (not found)
Removed property 0xc0000002 to merge /usr/lib/gcc/x86_64-linux-gnu/13/32/crtbegin.o (not found) and /usr/lib/gcc/x86_64-linux-gnu/13/32/crtend.o (0x3)

As-needed library included to satisfy reference by file (symbol)

libc.so.6                     /home/cutie/RIOT/examples/tutorials/t3/bin/native/cpu/irq_cpu.o (sigaction@@GLIBC_2.0)

Discarded input sections

 .rodata        0x00000000        0x4 /usr/lib/gcc/x86_64-linux-gnu/13/../../../../lib32/crt1.o
 .data          0x00000000        0x4 /usr/lib/gcc/x86_64-linux-gnu/13/../../../../lib32/crt1.o
 .bss           0x00000000        0x0 /usr/lib/gcc/x86_64-linux-gnu/13/../../../../lib32/crt1.o
 .note.GNU-stack
                0x00000000        0x0 /usr/lib/gcc/x86_64-linux-gnu/13/../../../../lib32/crt1.o
 .group         0x00000000        0x8 /usr/lib/gcc/x86_64-linux-gnu/13/../../../../lib32/crti.o
 .text          0x00000000        0x0 /usr/lib/gcc/x86_64-linux-gnu/13/../../../../lib32/crti.o
 .data          0x00000000        0x0 /usr/lib/gcc/x86_64-linux-gnu/13/../../../../lib32/crti.o
 .bss           0x00000000        0x0 /usr/lib/gcc/x86_64-linux-gnu/13/../../../../lib32/crti.o
 .note.GNU-stack
                0x00000000        0x0 /usr/lib/gcc/x86_64-linux-gnu/13/../../../../lib32/crti.o
 .data          0x00000000        0x4 /usr/lib/gcc/x86_64-linux-gnu/13/32/crtbegin.o
 .note.GNU-stack
                0x00000000        0x0 /usr/lib/gcc/x86_64-linux-gnu/13/32/crtbegin.o
 .note.gnu.property
                0x00000000       0x1c /usr/lib/gcc/x86_64-linux-gnu/13/32/crtbegin.o
 .group         0x00000000        0x8 /home/cutie/RIOT/examples/tutorials/t3/bin/native/application_t3/main.o
 .group         0x00000000        0xc /home/cutie/RIOT/examples/tutorials/t3/bin/native/application_t3/main.o
 .group         0x00000000        0xc /home/cutie/RIOT/examples/tutorials/t3/bin/native/application_t3/main.o
 .group         0x00000000        0xc /home/cutie/RIOT/examples/tutorials/t3/bin/native/application_t3/main.o
 .group         0x00000000        0xc /home/cutie/RIOT/examples/tutorials/t3/bin/native/application_t3/main.o
 .group         0x00000000        0xc /home/cutie/RIOT/examples/tutorials/t3/bin/native/application_t3/main.o
 .group         0x00000000        0xc /home/cutie/RIOT/examples/tutorials/t3/bin/native/application_t3/main.o
 .group         0x00000000        0xc /home/cutie/RIOT/examples/tutorials/t3/bin/native/application_t3/main.o
 .group         0x00000000        0xc /home/cutie/RIOT/examples/tutorials/t3/bin/native/application_t3/main.o
 .group         0x00000000        0xc /home/cutie/RIOT/examples/tutorials/t3/bin/native/application_t3/main.o
 .group         0x00000000        0xc /home/cutie/RIOT/examples/tutorials/t3/bin/native/application_t3/main.o
 .group         0x00000000        0xc /home/cutie/RIOT/examples/tutorials/t3/bin/native/application_t3/main.o
 .group         0x00000000        0xc /home/cutie/RIOT/examples/tutorials/t3/bin/native/application_t3/main.o
 .group         0x00000000        0xc /home/cutie/RIOT/examples/tutorials/t3/bin/native/application_t3/main.o
 .group         0x00000000        0xc /home/cutie/RIOT/examples/tutorials/t3/bin/native/application_t3/main.o
 .group         0x00000000        0xc /home/cutie/RIOT/examples/tutorials/t3/bin/native/application_t3/main.o
 .group         0x00000000        0xc /home/cutie/RIOT/examples/tutorials/t3/bin/native/application_t3/main.o
 .group         0x00000000        0xc /home/cutie/RIOT/examples/tutorials/t3/bin/native/application_t3/main.o
 .group         0x00000000        0xc /home/cutie/RIOT/examples/tutorials/t3/bin/native/application_t3/main.o
 .group         0x00000000        0xc /home/cutie/RIOT/examples/tutorials/t3/bin/native/application_t3/main.o
 .group         0x00000000        0xc /home/cutie/RIOT/examples/tutorials/t3/bin/native/application_t3/main.o
 .group         0x00000000        0xc /home/cutie/RIOT/examples/tutorials/t3/bin/native/application_t3/main.o
 .group         0x00000000        0xc /home/cutie/RIOT/examples/tutorials/t3/bin/native/application_t3/main.o
 .group         0x00000000        0xc /home/cutie/RIOT/examples/tutorials/t3/bin/native/application_t3/main.o
 .group         0x00000000        0xc /home/cutie/RIOT/examples/tutorials/t3/bin/native/application_t3/main.o
 .group         0x00000000        0xc /home/cutie/RIOT/examples/tutorials/t3/bin/native/application_t3/main.o
 .group         0x00000000        0xc /home/cutie/RIOT/examples/tutorials/t3/bin/native/application_t3/main.o
[...]
Memory Configuration

Name             Origin             Length             Attributes
*default*        0x00000000         0xffffffff

Linker script and memory map

                [!provide]                        PROVIDE (__executable_start = SEGMENT_START ("text-segment", 0x8048000))
                0x08048194                        . = (SEGMENT_START ("text-segment", 0x8048000) + SIZEOF_HEADERS)

.interp         0x08048194       0x13
 *(.interp)
 .interp        0x08048194       0x13 /usr/lib/gcc/x86_64-linux-gnu/13/../../../../lib32/crt1.o

.note.gnu.build-id
                0x080481a8       0x24
 *(.note.gnu.build-id)
 .note.gnu.build-id
                0x080481a8       0x24 /usr/lib/gcc/x86_64-linux-gnu/13/../../../../lib32/crt1.o

.note.ABI-tag   0x080481cc       0x20
 .note.ABI-tag  0x080481cc       0x20 /usr/lib/gcc/x86_64-linux-gnu/13/../../../../lib32/crt1.o

.hash
 *(.hash)

.gnu.hash       0x080481ec       0xd4
 *(.gnu.hash)
 .gnu.hash      0x080481ec       0xd4 /usr/lib/gcc/x86_64-linux-gnu/13/../../../../lib32/crt1.o

.dynsym         0x080482c0      0x3b0
 *(.dynsym)
 .dynsym        0x080482c0      0x3b0 /usr/lib/gcc/x86_64-linux-gnu/13/../../../../lib32/crt1.o

.dynstr         0x08048670      0x217
 *(.dynstr)
 .dynstr        0x08048670      0x217 /usr/lib/gcc/x86_64-linux-gnu/13/../../../../lib32/crt1.o

.gnu.version    0x08048888       0x76
 *(.gnu.version)
 .gnu.version   0x08048888       0x76 /usr/lib/gcc/x86_64-linux-gnu/13/../../../../lib32/crt1.o

.gnu.version_d  0x08048900        0x0
 *(.gnu.version_d)
 .gnu.version_d
                0x08048900        0x0 /usr/lib/gcc/x86_64-linux-gnu/13/../../../../lib32/crt1.o

.gnu.version_r  0x08048900       0x70
 *(.gnu.version_r)
 .gnu.version_r
                0x08048900       0x70 /usr/lib/gcc/x86_64-linux-gnu/13/../../../../lib32/crt1.o

.rel.dyn        0x08048970       0x28
 *(.rel.init)
 *(.rel.text .rel.text.* .rel.gnu.linkonce.t.*)
 .rel.text      0x08048970        0x0 /usr/lib/gcc/x86_64-linux-gnu/13/../../../../lib32/crt1.o
 .rel.text.core_panic
                0x08048970        0x0 /usr/lib/gcc/x86_64-linux-gnu/13/../../../../lib32/crt1.o
 *(.rel.fini)
 *(.rel.rodata .rel.rodata.* .rel.gnu.linkonce.r.*)
 *(.rel.data.rel.ro .rel.data.rel.ro.* .rel.gnu.linkonce.d.rel.ro.*)
 .rel.data.rel.ro
                0x08048970        0x0 /usr/lib/gcc/x86_64-linux-gnu/13/../../../../lib32/crt1.o
 *(.rel.data .rel.data.* .rel.gnu.linkonce.d.*)
 *(.rel.tdata .rel.tdata.* .rel.gnu.linkonce.td.*)
 *(.rel.tbss .rel.tbss.* .rel.gnu.linkonce.tb.*)
 *(.rel.ctors)
 *(.rel.dtors)
 *(.rel.got)
 .rel.got       0x08048970       0x28 /usr/lib/gcc/x86_64-linux-gnu/13/../../../../lib32/crt1.o
 *(.rel.bss .rel.bss.* .rel.gnu.linkonce.b.*)
 .rel.bss       0x08048998        0x0 /usr/lib/gcc/x86_64-linux-gnu/13/../../../../lib32/crt1.o
 *(.rel.ifunc)

.rel.plt        0x08048998       0xe8
 *(.rel.plt)
 .rel.plt       0x08048998       0xe8 /usr/lib/gcc/x86_64-linux-gnu/13/../../../../lib32/crt1.o
                [!provide]                        PROVIDE (__rel_iplt_start = .)
 *(.rel.iplt)
 .rel.iplt      0x08048a80        0x0 /usr/lib/gcc/x86_64-linux-gnu/13/../../../../lib32/crt1.o
                [!provide]                        PROVIDE (__rel_iplt_end = .)

.relr.dyn
 *(.relr.dyn)
                0x08049000                        . = ALIGN (CONSTANT (MAXPAGESIZE))

.init           0x08049000       0x20
 *(SORT_NONE(.init))
 .init          0x08049000       0x1b /usr/lib/gcc/x86_64-linux-gnu/13/../../../../lib32/crti.o
                0x08049000                _init
 .init          0x0804901b        0x5 /usr/lib/gcc/x86_64-linux-gnu/13/../../../../lib32/crtn.o

.plt            0x08049020      0x1e0
 *(.plt)
 .plt           0x08049020      0x1e0 /usr/lib/gcc/x86_64-linux-gnu/13/../../../../lib32/crt1.o
                0x08049030                strcmp@@GLIBC_2.0
                0x08049040                __libc_start_main@@GLIBC_2.34
                0x08049050                sigprocmask@@GLIBC_2.0
                0x08049060                reallocarray@@GLIBC_2.26
                0x08049070                setcontext@@GLIBC_2.0
                0x08049080                __stack_chk_fail@@GLIBC_2.4
                0x08049090                sysconf@@GLIBC_2.0
                0x080490a0                strerror@@GLIBC_2.0
                0x080490b0                exit@@GLIBC_2.0
                0x080490c0                kill@@GLIBC_2.0
                0x080490d0                getopt_long@@GLIBC_2.0
                0x080490e0                __isoc23_strtol@@GLIBC_2.38
                0x080490f0                strlen@@GLIBC_2.0
                0x08049100                sigdelset@@GLIBC_2.0
                0x08049110                getcontext@@GLIBC_2.1
                0x08049120                sigaddset@@GLIBC_2.0
                0x08049130                sigfillset@@GLIBC_2.0
                0x08049140                snprintf@@GLIBC_2.0
                0x08049150                swapcontext@@GLIBC_2.1
                0x08049160                __errno_location@@GLIBC_2.0
                0x08049170                fileno@@GLIBC_2.0
                0x08049180                asprintf@@GLIBC_2.0
                0x08049190                makecontext@@GLIBC_2.1
                0x080491a0                strndup@@GLIBC_2.0
                0x080491b0                sigemptyset@@GLIBC_2.0
                0x080491c0                dlsym@@GLIBC_2.34
                0x080491d0                vsnprintf@@GLIBC_2.0
                0x080491e0                sigaction@@GLIBC_2.0
                0x080491f0                sigaltstack@@GLIBC_2.0
 *(.iplt)
 .iplt          0x08049200        0x0 /usr/lib/gcc/x86_64-linux-gnu/13/../../../../lib32/crt1.o

.plt.got        0x08049200        0x0
 *(.plt.got)
 .plt.got       0x08049200        0x0 /usr/lib/gcc/x86_64-linux-gnu/13/../../../../lib32/crt1.o

.plt.sec
 *(.plt.sec)

.text           0x08049200     0x40a4
 *(.text.unlikely .text.*_unlikely .text.unlikely.*)
 *(.text.exit .text.exit.*)
 *(.text.startup .text.startup.*)
 .text.startup  0x08049200      0x2e0 /home/cutie/RIOT/examples/tutorials/t3/bin/native/cpu/startup.o
 *(.text.hot .text.hot.*)
 *(SORT_BY_NAME(.text.sorted.*))
 *(.text .stub .text.* .gnu.linkonce.t.*)
 .text          0x080494e0       0x41 /usr/lib/gcc/x86_64-linux-gnu/13/../../../../lib32/crt1.o
                0x080494e0                _start
                0x08049520                _dl_relocate_static_pie
 *fill*         0x08049521        0xf 
 .text.__x86.get_pc_thunk.bx
                0x08049530        0x4 /usr/lib/gcc/x86_64-linux-gnu/13/../../../../lib32/crti.o
                0x08049530                __x86.get_pc_thunk.bx
 *fill*         0x08049534        0xc 
 .text          0x08049540       0xb6 /usr/lib/gcc/x86_64-linux-gnu/13/32/crtbegin.o
 .text.thread_handler
                0x080495f6       0x49 /home/cutie/RIOT/examples/tutorials/t3/bin/native/application_t3/main.o
                0x080495f6                thread_handler
 .text.shell_run_forever
                0x0804963f       0x39 /home/cutie/RIOT/examples/tutorials/t3/bin/native/application_t3/main.o
 .text.main     0x08049678       0xaa /home/cutie/RIOT/examples/tutorials/t3/bin/native/application_t3/main.o
                0x08049678                main
 .text.auto_init
                0x08049722       0x5e /home/cutie/RIOT/examples/tutorials/t3/bin/native/auto_init/auto_init.o
                0x08049722                auto_init
 .text.__x86.get_pc_thunk.si
                0x08049780        0x4 /home/cutie/RIOT/examples/tutorials/t3/bin/native/auto_init/auto_init.o
                0x08049780                __x86.get_pc_thunk.si
 .text.board_init
                0x08049784       0x41 /home/cutie/RIOT/examples/tutorials/t3/bin/native/board/board_init.o
                0x08049784                board_init
 .text.__x86.get_pc_thunk.ax
                0x080497c5        0x4 /home/cutie/RIOT/examples/tutorials/t3/bin/native/core/msg.o
                0x080497c5                __x86.get_pc_thunk.ax
 .text._unschedule
                0x080497c9       0x6e /home/cutie/RIOT/examples/tutorials/t3/bin/native/core/sched.o
 .text.sched_run
                0x08049837       0x8f /home/cutie/RIOT/examples/tutorials/t3/bin/native/core/sched.o
                0x08049837                sched_run
 .text.sched_set_status
                0x080498c6       0xd8 /home/cutie/RIOT/examples/tutorials/t3/bin/native/core/sched.o
                0x080498c6                sched_set_status
 .text.sched_switch
                0x0804999e       0x6b /home/cutie/RIOT/examples/tutorials/t3/bin/native/core/sched.o
                0x0804999e                sched_switch
 .text.sched_task_exit
                0x08049a09       0x61 /home/cutie/RIOT/examples/tutorials/t3/bin/native/core/sched.o
                0x08049a09                sched_task_exit
 .text.cib_init
                0x08049a6a       0x6e /home/cutie/RIOT/examples/tutorials/t3/bin/native/core/thread.o
 .text.thread_sleep
                0x08049ad8       0x68 /home/cutie/RIOT/examples/tutorials/t3/bin/native/core/thread.o
                0x08049ad8                thread_sleep
 .text.thread_create
                0x08049b40      0x1db /home/cutie/RIOT/examples/tutorials/t3/bin/native/core/thread.o
                0x08049b40                thread_create
 .text.__x86.get_pc_thunk.dx
                0x08049d1b        0x4 /home/cutie/RIOT/examples/tutorials/t3/bin/native/core/thread.o
                0x08049d1b                __x86.get_pc_thunk.dx
 .text._assert_common
                0x08049d1f       0x57 /home/cutie/RIOT/examples/tutorials/t3/bin/native/core_lib/assert.o
 .text._assert_failure
                0x08049d76       0x34 /home/cutie/RIOT/examples/tutorials/t3/bin/native/core_lib/assert.o
                0x08049d76                _assert_failure
 .text.main_trampoline
                0x08049daa       0x60 /home/cutie/RIOT/examples/tutorials/t3/bin/native/core_lib/init.o
 .text.idle_thread
                0x08049e0a       0x22 /home/cutie/RIOT/examples/tutorials/t3/bin/native/core_lib/init.o
 .text.kernel_init
                0x08049e2c       0x78 /home/cutie/RIOT/examples/tutorials/t3/bin/native/core_lib/init.o
                0x08049e2c                kernel_init
 .text.early_init
                0x08049ea4       0x3c /home/cutie/RIOT/examples/tutorials/t3/bin/native/core_lib/init.o
                0x08049ea4                early_init
 .text.panic_app
                0x08049ee0       0x25 /home/cutie/RIOT/examples/tutorials/t3/bin/native/core_lib/panic.o
                0x08049ee0                panic_app
 .text.core_panic
                0x08049f05       0x74 /home/cutie/RIOT/examples/tutorials/t3/bin/native/core_lib/panic.o
                0x08049f05                core_panic
 .text.native_async_read_cleanup
                0x08049f79       0x85 /home/cutie/RIOT/examples/tutorials/t3/bin/native/cpu/async_read.o
                0x08049f79                native_async_read_cleanup
 .text.native_shutdown
                0x08049ffe       0x37 /home/cutie/RIOT/examples/tutorials/t3/bin/native/cpu/irq_cpu.o
 .text._expect_failure
                0x0804a035       0x3b /home/cutie/RIOT/examples/tutorials/t3/bin/native/cpu/irq_cpu.o
 .text.irq_disable
                0x0804a070       0x82 /home/cutie/RIOT/examples/tutorials/t3/bin/native/cpu/irq_cpu.o
                0x0804a070                irq_disable
 .text.irq_enable
                0x0804a0f2       0xbf /home/cutie/RIOT/examples/tutorials/t3/bin/native/cpu/irq_cpu.o
                0x0804a0f2                irq_enable
 .text.irq_restore
                0x0804a1b1       0x38 /home/cutie/RIOT/examples/tutorials/t3/bin/native/cpu/irq_cpu.o
                0x0804a1b1                irq_restore
 .text.irq_is_enabled
                0x0804a1e9       0x3b /home/cutie/RIOT/examples/tutorials/t3/bin/native/cpu/irq_cpu.o
                0x0804a1e9                irq_is_enabled
 .text.irq_is_in
                0x0804a224       0x3b /home/cutie/RIOT/examples/tutorials/t3/bin/native/cpu/irq_cpu.o
                0x0804a224                irq_is_in
 .text._native_popsig
                0x0804a25f       0x8e /home/cutie/RIOT/examples/tutorials/t3/bin/native/cpu/irq_cpu.o
                0x0804a25f                _native_popsig
 .text.native_irq_handler
                0x0804a2ed       0x78 /home/cutie/RIOT/examples/tutorials/t3/bin/native/cpu/irq_cpu.o
                0x0804a2ed                native_irq_handler
 .text.isr_set_sigmask
                0x0804a365       0x52 /home/cutie/RIOT/examples/tutorials/t3/bin/native/cpu/irq_cpu.o
                0x0804a365                isr_set_sigmask
 .text.native_isr_entry
                0x0804a3b7      0x165 /home/cutie/RIOT/examples/tutorials/t3/bin/native/cpu/irq_cpu.o
                0x0804a3b7                native_isr_entry
 .text.set_signal_handler
                0x0804a51c      0x147 /home/cutie/RIOT/examples/tutorials/t3/bin/native/cpu/irq_cpu.o
                0x0804a51c                set_signal_handler
 .text.register_interrupt
                0x0804a663       0x69 /home/cutie/RIOT/examples/tutorials/t3/bin/native/cpu/irq_cpu.o
                0x0804a663                register_interrupt
 .text.unregister_interrupt
                0x0804a6cc       0x67 /home/cutie/RIOT/examples/tutorials/t3/bin/native/cpu/irq_cpu.o
                0x0804a6cc                unregister_interrupt
 .text.native_interrupt_init
                0x0804a733      0x3ca /home/cutie/RIOT/examples/tutorials/t3/bin/native/cpu/irq_cpu.o
                0x0804a733                native_interrupt_init
 .text.__x86.get_pc_thunk.di
                0x0804aafd        0x4 /home/cutie/RIOT/examples/tutorials/t3/bin/native/cpu/irq_cpu.o
                0x0804aafd                __x86.get_pc_thunk.di
 .text._native_mod_ctx_leave_sigh
                0x0804ab01       0x47 /home/cutie/RIOT/examples/tutorials/t3/bin/native/cpu/native_cpu.o
 .text.isr_cpu_switch_context_exit
                0x0804ab48       0x8b /home/cutie/RIOT/examples/tutorials/t3/bin/native/cpu/native_cpu.o
                0x0804ab48                isr_cpu_switch_context_exit
 .text.isr_thread_yield
                0x0804abd3       0x8b /home/cutie/RIOT/examples/tutorials/t3/bin/native/cpu/native_cpu.o
                0x0804abd3                isr_thread_yield
 .text._expect_failure
                0x0804ac5e       0x3b /home/cutie/RIOT/examples/tutorials/t3/bin/native/cpu/native_cpu.o
 .text.thread_stack_init
                0x0804ac99      0x110 /home/cutie/RIOT/examples/tutorials/t3/bin/native/cpu/native_cpu.o
                0x0804ac99                thread_stack_init
 .text.cpu_switch_context_exit
                0x0804ada9       0xa3 /home/cutie/RIOT/examples/tutorials/t3/bin/native/cpu/native_cpu.o
                0x0804ada9                cpu_switch_context_exit
 .text.thread_yield_higher
                0x0804ae4c       0xd2 /home/cutie/RIOT/examples/tutorials/t3/bin/native/cpu/native_cpu.o
                0x0804ae4c                thread_yield_higher
 .text.native_cpu_init
                0x0804af1e       0xd4 /home/cutie/RIOT/examples/tutorials/t3/bin/native/cpu/native_cpu.o
                0x0804af1e                native_cpu_init
 .text.panic_arch
                0x0804aff2       0x50 /home/cutie/RIOT/examples/tutorials/t3/bin/native/cpu/panic.o
                0x0804aff2                panic_arch
 .text._reset_handler
                0x0804b042       0x37 /home/cutie/RIOT/examples/tutorials/t3/bin/native/cpu/startup.o
 .text.filter_daemonize_argv
                0x0804b079       0x83 /home/cutie/RIOT/examples/tutorials/t3/bin/native/cpu/startup.o
 .text._native_input
                0x0804b0fc       0x90 /home/cutie/RIOT/examples/tutorials/t3/bin/native/cpu/startup.o
                0x0804b0fc                _native_input
 .text._native_log_output
                0x0804b18c      0x14e /home/cutie/RIOT/examples/tutorials/t3/bin/native/cpu/startup.o
                0x0804b18c                _native_log_output
 .text.daemonize
                0x0804b2da       0xe3 /home/cutie/RIOT/examples/tutorials/t3/bin/native/cpu/startup.o
                0x0804b2da                daemonize
 .text.usage_exit
                0x0804b3bd       0x85 /home/cutie/RIOT/examples/tutorials/t3/bin/native/cpu/startup.o
                0x0804b3bd                usage_exit
 .text._native_syscall_enter
                0x0804b442       0x3d /home/cutie/RIOT/examples/tutorials/t3/bin/native/cpu/syscalls.o
                0x0804b442                _native_syscall_enter
 .text.err      0x0804b47f       0x24 /home/cutie/RIOT/examples/tutorials/t3/bin/native/cpu/syscalls.o
                0x0804b47f                err
 .text._native_syscall_leave
                0x0804b4a3       0xfa /home/cutie/RIOT/examples/tutorials/t3/bin/native/cpu/syscalls.o
                0x0804b4a3                _native_syscall_leave
 .text.malloc   0x0804b59d       0x9c /home/cutie/RIOT/examples/tutorials/t3/bin/native/cpu/syscalls.o
                0x0804b59d                malloc
 .text.free     0x0804b639       0x4f /home/cutie/RIOT/examples/tutorials/t3/bin/native/cpu/syscalls.o
                0x0804b639                free
 .text.calloc   0x0804b688       0xa3 /home/cutie/RIOT/examples/tutorials/t3/bin/native/cpu/syscalls.o
                0x0804b688                calloc
 .text.realloc  0x0804b72b       0x5a /home/cutie/RIOT/examples/tutorials/t3/bin/native/cpu/syscalls.o
                0x0804b72b                realloc
 .text.make_message
                0x0804b785       0xb7 /home/cutie/RIOT/examples/tutorials/t3/bin/native/cpu/syscalls.o
                0x0804b785                make_message
 .text._native_read
                0x0804b83c       0x78 /home/cutie/RIOT/examples/tutorials/t3/bin/native/cpu/syscalls.o
                0x0804b83c                _native_read
 .text.getc     0x0804b8b4       0x5e /home/cutie/RIOT/examples/tutorials/t3/bin/native/cpu/syscalls.o
                0x0804b8b4                getc
 .text.getchar  0x0804b912       0x40 /home/cutie/RIOT/examples/tutorials/t3/bin/native/cpu/syscalls.o
                0x0804b912                getchar
 .text.fgetc    0x0804b952       0x31 /home/cutie/RIOT/examples/tutorials/t3/bin/native/cpu/syscalls.o
                0x0804b952                fgetc
 .text._native_write
                0x0804b983       0x7c /home/cutie/RIOT/examples/tutorials/t3/bin/native/cpu/syscalls.o
                0x0804b983                _native_write
 .text.putchar  0x0804b9ff       0x3e /home/cutie/RIOT/examples/tutorials/t3/bin/native/cpu/syscalls.o
                0x0804b9ff                putchar
 .text.putc     0x0804ba3d       0x56 /home/cutie/RIOT/examples/tutorials/t3/bin/native/cpu/syscalls.o
                0x0804ba3d                putc
 .text.puts     0x0804ba93       0x5d /home/cutie/RIOT/examples/tutorials/t3/bin/native/cpu/syscalls.o
                0x0804ba93                puts
 .text.vwarn    0x0804baf0      0x107 /home/cutie/RIOT/examples/tutorials/t3/bin/native/cpu/syscalls.o
                0x0804baf0                vwarn
 .text.verr     0x0804bbf7       0x36 /home/cutie/RIOT/examples/tutorials/t3/bin/native/cpu/syscalls.o
                0x0804bbf7                verr
 .text.warn     0x0804bc2d       0x39 /home/cutie/RIOT/examples/tutorials/t3/bin/native/cpu/syscalls.o
                0x0804bc2d                warn
 .text.vwarnx   0x0804bc66       0xce /home/cutie/RIOT/examples/tutorials/t3/bin/native/cpu/syscalls.o
                0x0804bc66                vwarnx
 .text.verrx    0x0804bd34       0x36 /home/cutie/RIOT/examples/tutorials/t3/bin/native/cpu/syscalls.o
                0x0804bd34                verrx
 .text.warnx    0x0804bd6a       0x39 /home/cutie/RIOT/examples/tutorials/t3/bin/native/cpu/syscalls.o
                0x0804bd6a                warnx
 .text.vfprintf
                0x0804bda3       0x90 /home/cutie/RIOT/examples/tutorials/t3/bin/native/cpu/syscalls.o
                0x0804bda3                vfprintf
 .text.vprintf  0x0804be33       0x48 /home/cutie/RIOT/examples/tutorials/t3/bin/native/cpu/syscalls.o
                0x0804be33                vprintf
 .text.printf   0x0804be7b       0x4c /home/cutie/RIOT/examples/tutorials/t3/bin/native/cpu/syscalls.o
                0x0804be7b                printf
 .text.fprintf  0x0804bec7       0x3d /home/cutie/RIOT/examples/tutorials/t3/bin/native/cpu/syscalls.o
                0x0804bec7                fprintf
 .text.errx     0x0804bf04       0x24 /home/cutie/RIOT/examples/tutorials/t3/bin/native/cpu/syscalls.o
                0x0804bf04                errx
 .text.getpid   0x0804bf28       0x44 /home/cutie/RIOT/examples/tutorials/t3/bin/native/cpu/syscalls.o
                0x0804bf28                getpid
 .text._native_init_syscalls
                0x0804bf6c      0x5c4 /home/cutie/RIOT/examples/tutorials/t3/bin/native/cpu/syscalls.o
                0x0804bf6c                _native_init_syscalls
 .text          0x0804c530       0x3f /home/cutie/RIOT/examples/tutorials/t3/bin/native/cpu/tramp.o
                0x0804c530                _native_sig_leave_tramp
                0x0804c55e                _native_sig_leave_handler
 .text.gpio_linux_setup
                0x0804c56f      0x159 /home/cutie/RIOT/examples/tutorials/t3/bin/native/periph/gpio_linux.o
                0x0804c56f                gpio_linux_setup
 .text.gpio_linux_teardown
                0x0804c6c8       0xe4 /home/cutie/RIOT/examples/tutorials/t3/bin/native/periph/gpio_linux.o
                0x0804c6c8                gpio_linux_teardown
 .text.__x86.get_pc_thunk.bp
                0x0804c7ac        0x4 /home/cutie/RIOT/examples/tutorials/t3/bin/native/periph/gpio_linux.o
                0x0804c7ac                __x86.get_pc_thunk.bp
 .text._native_sleep
                0x0804c7b0       0x72 /home/cutie/RIOT/examples/tutorials/t3/bin/native/periph/pm.o
 .text.pm_set_lowest
                0x0804c822       0x2a /home/cutie/RIOT/examples/tutorials/t3/bin/native/periph/pm.o
                0x0804c822                pm_set_lowest
 .text.pm_off   0x0804c84c       0x3d /home/cutie/RIOT/examples/tutorials/t3/bin/native/periph/pm.o
                0x0804c84c                pm_off
 .text.pm_reboot
                0x0804c889       0x73 /home/cutie/RIOT/examples/tutorials/t3/bin/native/periph/pm.o
                0x0804c889                pm_reboot
 .text.tty_uart_setup
                0x0804c8fc       0x51 /home/cutie/RIOT/examples/tutorials/t3/bin/native/periph/uart.o
                0x0804c8fc                tty_uart_setup
 .text.periph_init
                0x0804c94d       0x25 /home/cutie/RIOT/examples/tutorials/t3/bin/native/periph_common/init.o
                0x0804c94d                periph_init
 .text.led_init
                0x0804c972       0x25 /home/cutie/RIOT/examples/tutorials/t3/bin/native/periph_common/init_leds.o
                0x0804c972                led_init
 .text.escape_toggle
                0x0804c997       0x29 /home/cutie/RIOT/examples/tutorials/t3/bin/native/shell/shell.o
 .text.search_commands
                0x0804c9c0       0x59 /home/cutie/RIOT/examples/tutorials/t3/bin/native/shell/shell.o
 .text.search_commands_xfa
                0x0804ca19       0x82 /home/cutie/RIOT/examples/tutorials/t3/bin/native/shell/shell.o
 .text.find_handler
                0x0804ca9b       0x40 /home/cutie/RIOT/examples/tutorials/t3/bin/native/shell/shell.o
 .text.print_commands
                0x0804cadb       0x57 /home/cutie/RIOT/examples/tutorials/t3/bin/native/shell/shell.o
 .text.print_commands_xfa
                0x0804cb32       0x75 /home/cutie/RIOT/examples/tutorials/t3/bin/native/shell/shell.o
 .text.print_help
                0x0804cba7       0x55 /home/cutie/RIOT/examples/tutorials/t3/bin/native/shell/shell.o
 .text.print_prompt
                0x0804cbfc       0x52 /home/cutie/RIOT/examples/tutorials/t3/bin/native/shell/shell.o
 .text.white_tape
                0x0804cc4e       0x5e /home/cutie/RIOT/examples/tutorials/t3/bin/native/shell/shell.o
 .text.new_line
                0x0804ccac       0x52 /home/cutie/RIOT/examples/tutorials/t3/bin/native/shell/shell.o
 .text.shell_handle_input_line
                0x0804ccfe      0x321 /home/cutie/RIOT/examples/tutorials/t3/bin/native/shell/shell.o
                0x0804ccfe                shell_handle_input_line
 .text.readline
                0x0804d01f      0x136 /home/cutie/RIOT/examples/tutorials/t3/bin/native/shell/shell.o
                0x0804d01f                readline
 .text.shell_run_once
                0x0804d155       0x88 /home/cutie/RIOT/examples/tutorials/t3/bin/native/shell/shell.o
                0x0804d155                shell_run_once
 .text.stdio_init
                0x0804d1dd       0x25 /home/cutie/RIOT/examples/tutorials/t3/bin/native/stdio_native/stdio_native.o
                0x0804d1dd                stdio_init
 .text.stdio_read
                0x0804d202       0x45 /home/cutie/RIOT/examples/tutorials/t3/bin/native/stdio_native/stdio_native.o
                0x0804d202                stdio_read
 .text.stdio_write
                0x0804d247       0x45 /home/cutie/RIOT/examples/tutorials/t3/bin/native/stdio_native/stdio_native.o
                0x0804d247                stdio_write
 *fill*         0x0804d28c        0x4 
 .text          0x0804d290       0x14 /usr/lib32/libc_nonshared.a(stack_chk_fail_local.oS)
                0x0804d290                __stack_chk_fail_local
 *(.gnu.warning)
LOAD /usr/lib/gcc/x86_64-linux-gnu/13/../../../../lib32/crt1.o
LOAD /usr/lib/gcc/x86_64-linux-gnu/13/../../../../lib32/crti.o
LOAD /usr/lib/gcc/x86_64-linux-gnu/13/32/crtbegin.o
LOAD /home/cutie/RIOT/examples/tutorials/t3/bin/native/application_t3/main.o
LOAD /home/cutie/RIOT/examples/tutorials/t3/bin/native/auto_init/auto_init.o
LOAD /home/cutie/RIOT/examples/tutorials/t3/bin/native/board/board_init.o
LOAD /home/cutie/RIOT/examples/tutorials/t3/bin/native/board_common_init/board_common.o
LOAD /home/cutie/RIOT/examples/tutorials/t3/bin/native/core/cond.o
LOAD /home/cutie/RIOT/examples/tutorials/t3/bin/native/core/msg.o
LOAD /home/cutie/RIOT/examples/tutorials/t3/bin/native/core/mutex.o
LOAD /home/cutie/RIOT/examples/tutorials/t3/bin/native/core/sched.o
LOAD /home/cutie/RIOT/examples/tutorials/t3/bin/native/core/thread.o
LOAD /home/cutie/RIOT/examples/tutorials/t3/bin/native/core_lib/assert.o
LOAD /home/cutie/RIOT/examples/tutorials/t3/bin/native/core_lib/atomic_c11.o
LOAD /home/cutie/RIOT/examples/tutorials/t3/bin/native/core_lib/atomic_sync.o
LOAD /home/cutie/RIOT/examples/tutorials/t3/bin/native/core_lib/bitarithm.o
LOAD /home/cutie/RIOT/examples/tutorials/t3/bin/native/core_lib/clist.o
LOAD /home/cutie/RIOT/examples/tutorials/t3/bin/native/core_lib/init.o
LOAD /home/cutie/RIOT/examples/tutorials/t3/bin/native/core_lib/panic.o
LOAD /home/cutie/RIOT/examples/tutorials/t3/bin/native/core_lib/priority_queue.o
LOAD /home/cutie/RIOT/examples/tutorials/t3/bin/native/core_lib/ringbuffer.o
LOAD /home/cutie/RIOT/examples/tutorials/t3/bin/native/core_lib/rmutex.o
LOAD /home/cutie/RIOT/examples/tutorials/t3/bin/native/cpu/async_read.o
LOAD /home/cutie/RIOT/examples/tutorials/t3/bin/native/cpu/irq_cpu.o
LOAD /home/cutie/RIOT/examples/tutorials/t3/bin/native/cpu/native_cpu.o
LOAD /home/cutie/RIOT/examples/tutorials/t3/bin/native/cpu/panic.o
LOAD /home/cutie/RIOT/examples/tutorials/t3/bin/native/cpu/startup.o
LOAD /home/cutie/RIOT/examples/tutorials/t3/bin/native/cpu/syscalls.o
LOAD /home/cutie/RIOT/examples/tutorials/t3/bin/native/cpu/tramp.o
LOAD /home/cutie/RIOT/examples/tutorials/t3/bin/native/isrpipe/isrpipe.o
LOAD /home/cutie/RIOT/examples/tutorials/t3/bin/native/libc/string.o
LOAD /home/cutie/RIOT/examples/tutorials/t3/bin/native/native_drivers/native-led.o
LOAD /home/cutie/RIOT/examples/tutorials/t3/bin/native/native_drivers/native-qdec.o
LOAD /home/cutie/RIOT/examples/tutorials/t3/bin/native/periph/gpio_linux.o
LOAD /home/cutie/RIOT/examples/tutorials/t3/bin/native/periph/pm.o
LOAD /home/cutie/RIOT/examples/tutorials/t3/bin/native/periph/uart.o
LOAD /home/cutie/RIOT/examples/tutorials/t3/bin/native/periph_common/gpio.o
LOAD /home/cutie/RIOT/examples/tutorials/t3/bin/native/periph_common/init.o
LOAD /home/cutie/RIOT/examples/tutorials/t3/bin/native/periph_common/init_leds.o
LOAD /home/cutie/RIOT/examples/tutorials/t3/bin/native/periph_common/pm.o
LOAD /home/cutie/RIOT/examples/tutorials/t3/bin/native/shell/shell.o
LOAD /home/cutie/RIOT/examples/tutorials/t3/bin/native/stdio_native/stdio_native.o
LOAD /home/cutie/RIOT/examples/tutorials/t3/bin/native/tsrb/tsrb.o
LOAD /usr/lib/gcc/x86_64-linux-gnu/13/../../../../lib32/libm.so
LOAD /usr/lib/gcc/x86_64-linux-gnu/13/../../../../lib32/libdl.a
                0x00000000                        _slot_aux_offset = 0x0
                0x00000000                        _slot_aux_len = 0x0
LOAD /usr/lib/gcc/x86_64-linux-gnu/13/32/libgcc.a
LOAD /usr/lib/gcc/x86_64-linux-gnu/13/32/libgcc_s.so
START GROUP
LOAD /usr/lib/gcc/x86_64-linux-gnu/13/../../../../lib32/libgcc_s.so.1
LOAD /usr/lib/gcc/x86_64-linux-gnu/13/32/libgcc.a
END GROUP
LOAD /usr/lib/gcc/x86_64-linux-gnu/13/../../../../lib32/libc.so
START GROUP
LOAD /lib32/libc.so.6
LOAD /usr/lib32/libc_nonshared.a
LOAD /lib/ld-linux.so.2
END GROUP
LOAD /usr/lib/gcc/x86_64-linux-gnu/13/32/libgcc.a
LOAD /usr/lib/gcc/x86_64-linux-gnu/13/32/libgcc_s.so
START GROUP
LOAD /usr/lib/gcc/x86_64-linux-gnu/13/../../../../lib32/libgcc_s.so.1
LOAD /usr/lib/gcc/x86_64-linux-gnu/13/32/libgcc.a
END GROUP
LOAD /usr/lib/gcc/x86_64-linux-gnu/13/32/crtend.o
LOAD /usr/lib/gcc/x86_64-linux-gnu/13/../../../../lib32/crtn.o

.rodata         0x0804d2a4        0x0
 *(SORT_BY_NAME(.roxfa.*))
 .roxfa.auto_init_xfa.0_
                0x0804d2a4        0x0 /home/cutie/RIOT/examples/tutorials/t3/bin/native/auto_init/auto_init.o
                0x0804d2a4                auto_init_xfa
 .roxfa.auto_init_xfa.9_
                0x0804d2a4        0x0 /home/cutie/RIOT/examples/tutorials/t3/bin/native/auto_init/auto_init.o
                0x0804d2a4                auto_init_xfa_end
 .roxfa.shell_commands_xfa.0_
                0x0804d2a4        0x0 /home/cutie/RIOT/examples/tutorials/t3/bin/native/shell/shell.o
                0x0804d2a4                shell_commands_xfa
 .roxfa.shell_commands_xfa.9_
                0x0804d2a4        0x0 /home/cutie/RIOT/examples/tutorials/t3/bin/native/shell/shell.o
                0x0804d2a4                shell_commands_xfa_end

.data
 *(SORT_BY_NAME(.xfa.*))

.tm_clone_table
                0x0804d2a4        0x0
 .tm_clone_table
                0x0804d2a4        0x0 /usr/lib/gcc/x86_64-linux-gnu/13/32/crtbegin.o
 .tm_clone_table
                0x0804d2a4        0x0 /usr/lib/gcc/x86_64-linux-gnu/13/32/crtend.o

.fini           0x0804d2a4       0x14
 *(SORT_NONE(.fini))
 .fini          0x0804d2a4        0xf /usr/lib/gcc/x86_64-linux-gnu/13/../../../../lib32/crti.o
                0x0804d2a4                _fini
 .fini          0x0804d2b3        0x5 /usr/lib/gcc/x86_64-linux-gnu/13/../../../../lib32/crtn.o
                [!provide]                        PROVIDE (__etext = .)
                [!provide]                        PROVIDE (_etext = .)
                [!provide]                        PROVIDE (etext = .)
                0x0804e000                        . = ALIGN (CONSTANT (MAXPAGESIZE))
                0x0804e000                        . = SEGMENT_START ("rodata-segment", (ALIGN (CONSTANT (MAXPAGESIZE)) + (. & (CONSTANT (MAXPAGESIZE) - 0x1))))

.rodata         0x0804e000      0xf44
 *(.rodata .rodata.* .gnu.linkonce.r.*)
 .rodata.cst4   0x0804e000        0x4 /usr/lib/gcc/x86_64-linux-gnu/13/../../../../lib32/crt1.o
                0x0804e000                _IO_stdin_used
 .rodata.thread_handler.str1.1
                0x0804e004      0x59a /home/cutie/RIOT/examples/tutorials/t3/bin/native/application_t3/main.o
                                  0xa (size before relaxing)
 .rodata.main.str1.1
                0x0804e59e       0x1a /home/cutie/RIOT/examples/tutorials/t3/bin/native/application_t3/main.o
 *fill*         0x0804e59e        0x2 
 .rodata.board_init.str1.4
                0x0804e5a0      0x898 /home/cutie/RIOT/examples/tutorials/t3/bin/native/board/board_init.o
                                 0x1f (size before relaxing)
 .rodata._unschedule.str1.4
                0x0804ee38       0x2e /home/cutie/RIOT/examples/tutorials/t3/bin/native/core/sched.o
 .rodata._unschedule.str1.1
                0x0804ee38        0xf /home/cutie/RIOT/examples/tutorials/t3/bin/native/core/sched.o
 .rodata.cib_init.str1.1
                0x0804ee38       0x17 /home/cutie/RIOT/examples/tutorials/t3/bin/native/core/thread.o
 .rodata._assert_common.str1.1
                0x0804ee38       0x12 /home/cutie/RIOT/examples/tutorials/t3/bin/native/core_lib/assert.o
 .rodata._assert_failure.str1.1
                0x0804ee38        0xa /home/cutie/RIOT/examples/tutorials/t3/bin/native/core_lib/assert.o
 .rodata.main_trampoline.str1.4
                0x0804ee38       0x3a /home/cutie/RIOT/examples/tutorials/t3/bin/native/core_lib/init.o
 .rodata.kernel_init.str1.1
                0x0804ee38        0xa /home/cutie/RIOT/examples/tutorials/t3/bin/native/core_lib/init.o
 .rodata.core_panic.str1.1
                0x0804ee38       0x29 /home/cutie/RIOT/examples/tutorials/t3/bin/native/core_lib/panic.o
 .rodata._expect_failure.str1.1
                0x0804ee38       0x2d /home/cutie/RIOT/examples/tutorials/t3/bin/native/cpu/irq_cpu.o
 .rodata.irq_disable.str1.1
                0x0804ee38       0x19 /home/cutie/RIOT/examples/tutorials/t3/bin/native/cpu/irq_cpu.o
 .rodata.irq_enable.str1.1
                0x0804ee38       0x35 /home/cutie/RIOT/examples/tutorials/t3/bin/native/cpu/irq_cpu.o
 .rodata._native_popsig.str1.1
                0x0804ee38       0x1a /home/cutie/RIOT/examples/tutorials/t3/bin/native/cpu/irq_cpu.o
 .rodata.native_irq_handler.str1.4
                0x0804ee38       0x6b /home/cutie/RIOT/examples/tutorials/t3/bin/native/cpu/irq_cpu.o
 .rodata.native_isr_entry.str1.4
                0x0804ee38       0x8a /home/cutie/RIOT/examples/tutorials/t3/bin/native/cpu/irq_cpu.o
 .rodata.set_signal_handler.str1.1
                0x0804ee38       0x3c /home/cutie/RIOT/examples/tutorials/t3/bin/native/cpu/irq_cpu.o
 .rodata.native_interrupt_init.str1.4
                0x0804ee38      0x104 /home/cutie/RIOT/examples/tutorials/t3/bin/native/cpu/irq_cpu.o
 .rodata.native_interrupt_init.str1.1
                0x0804ee38       0x31 /home/cutie/RIOT/examples/tutorials/t3/bin/native/cpu/irq_cpu.o
 .rodata.__isr_stack_size
                0x0804ee38        0x4 /home/cutie/RIOT/examples/tutorials/t3/bin/native/cpu/irq_cpu.o
                0x0804ee38                __isr_stack_size
 .rodata.isr_cpu_switch_context_exit.str1.4
                0x0804ee3c       0x50 /home/cutie/RIOT/examples/tutorials/t3/bin/native/cpu/native_cpu.o
 .rodata.isr_thread_yield.str1.1
                0x0804ee3c       0x1d /home/cutie/RIOT/examples/tutorials/t3/bin/native/cpu/native_cpu.o
 .rodata._expect_failure.str1.1
                0x0804ee3c       0x2d /home/cutie/RIOT/examples/tutorials/t3/bin/native/cpu/native_cpu.o
 .rodata.thread_stack_init.str1.1
                0x0804ee3c       0x1e /home/cutie/RIOT/examples/tutorials/t3/bin/native/cpu/native_cpu.o
 .rodata.thread_stack_init.str1.4
                0x0804ee3c       0x1f /home/cutie/RIOT/examples/tutorials/t3/bin/native/cpu/native_cpu.o
 .rodata.cpu_switch_context_exit.str1.4
                0x0804ee3c       0x4c /home/cutie/RIOT/examples/tutorials/t3/bin/native/cpu/native_cpu.o
 .rodata.thread_yield_higher.str1.4
                0x0804ee3c       0x21 /home/cutie/RIOT/examples/tutorials/t3/bin/native/cpu/native_cpu.o
 .rodata.native_cpu_init.str1.1
                0x0804ee3c       0x34 /home/cutie/RIOT/examples/tutorials/t3/bin/native/cpu/native_cpu.o
 .rodata.filter_daemonize_argv.str1.1
                0x0804ee3c        0x3 /home/cutie/RIOT/examples/tutorials/t3/bin/native/cpu/startup.o
 .rodata._native_input.str1.1
                0x0804ee3c       0x1a /home/cutie/RIOT/examples/tutorials/t3/bin/native/cpu/startup.o
 .rodata._native_input.str1.4
                0x0804ee3c       0x24 /home/cutie/RIOT/examples/tutorials/t3/bin/native/cpu/startup.o
 .rodata._native_log_output.str1.1
                0x0804ee3c       0x53 /home/cutie/RIOT/examples/tutorials/t3/bin/native/cpu/startup.o
 .rodata._native_log_output.str1.4
                0x0804ee3c       0x49 /home/cutie/RIOT/examples/tutorials/t3/bin/native/cpu/startup.o
 .rodata.daemonize.str1.1
                0x0804ee3c       0x43 /home/cutie/RIOT/examples/tutorials/t3/bin/native/cpu/startup.o
 .rodata.usage_exit.str1.1
                0x0804ee3c       0x2b /home/cutie/RIOT/examples/tutorials/t3/bin/native/cpu/startup.o
 .rodata.usage_exit.str1.4
                0x0804ee3c      0x3d4 /home/cutie/RIOT/examples/tutorials/t3/bin/native/cpu/startup.o
 .rodata.startup.str1.4
                0x0804ee3c       0x2f /home/cutie/RIOT/examples/tutorials/t3/bin/native/cpu/startup.o
 .rodata.startup
                0x0804ee3c       0xbc /home/cutie/RIOT/examples/tutorials/t3/bin/native/cpu/startup.o
 .rodata.str1.1
                0x0804eef8       0x4f /home/cutie/RIOT/examples/tutorials/t3/bin/native/cpu/startup.o
 .rodata.short_opts
                0x0804eef8        0xf /home/cutie/RIOT/examples/tutorials/t3/bin/native/cpu/startup.o
 .rodata._native_syscall_leave.str1.4
                0x0804ef07       0x23 /home/cutie/RIOT/examples/tutorials/t3/bin/native/cpu/syscalls.o
 .rodata.malloc.str1.1
                0x0804ef07        0x7 /home/cutie/RIOT/examples/tutorials/t3/bin/native/cpu/syscalls.o
 .rodata.calloc.str1.1
                0x0804ef07        0x7 /home/cutie/RIOT/examples/tutorials/t3/bin/native/cpu/syscalls.o
 .rodata.vwarn.str1.1
                0x0804ef07        0xd /home/cutie/RIOT/examples/tutorials/t3/bin/native/cpu/syscalls.o
 .rodata.getpid.str1.1
                0x0804ef07       0x1a /home/cutie/RIOT/examples/tutorials/t3/bin/native/cpu/syscalls.o
 .rodata._native_init_syscalls.str1.1
                0x0804ef07      0x1a7 /home/cutie/RIOT/examples/tutorials/t3/bin/native/cpu/syscalls.o
 .rodata.gpio_linux_setup.str1.1
                0x0804ef07       0x43 /home/cutie/RIOT/examples/tutorials/t3/bin/native/periph/gpio_linux.o
 .rodata.gpio_linux_setup.str1.4
                0x0804ef07       0x20 /home/cutie/RIOT/examples/tutorials/t3/bin/native/periph/gpio_linux.o
 .rodata.pm_off.str1.1
                0x0804ef07       0x11 /home/cutie/RIOT/examples/tutorials/t3/bin/native/periph/pm.o
 .rodata.pm_reboot.str1.1
                0x0804ef07       0x21 /home/cutie/RIOT/examples/tutorials/t3/bin/native/periph/pm.o
 .rodata.pm_reboot.str1.4
                0x0804ef07       0x2a /home/cutie/RIOT/examples/tutorials/t3/bin/native/periph/pm.o
 .rodata.print_commands.str1.1
                0x0804ef07        0xa /home/cutie/RIOT/examples/tutorials/t3/bin/native/shell/shell.o
 .rodata.print_help.str1.4
                0x0804ef07       0x49 /home/cutie/RIOT/examples/tutorials/t3/bin/native/shell/shell.o
 .rodata.shell_handle_input_line.str1.1
                0x0804ef07       0x3c /home/cutie/RIOT/examples/tutorials/t3/bin/native/shell/shell.o
 .rodata.readline.str1.1
                0x0804ef07       0x12 /home/cutie/RIOT/examples/tutorials/t3/bin/native/shell/shell.o
 *fill*         0x0804ef07        0x1 
 .rodata.readline
                0x0804ef08       0x3c /home/cutie/RIOT/examples/tutorials/t3/bin/native/shell/shell.o
 .rodata.shell_run_once.str1.4
                0x0804ef44       0x24 /home/cutie/RIOT/examples/tutorials/t3/bin/native/shell/shell.o

.rodata1
 *(.rodata1)

.eh_frame_hdr   0x0804ef44      0x3ac
 *(.eh_frame_hdr)
 .eh_frame_hdr  0x0804ef44      0x3ac /usr/lib/gcc/x86_64-linux-gnu/13/../../../../lib32/crt1.o
                0x0804ef44                __GNU_EH_FRAME_HDR
 *(.eh_frame_entry .eh_frame_entry.*)

.eh_frame       0x0804f2f0     0x1f14
 *(.eh_frame)
 .eh_frame      0x0804f2f0       0x58 /usr/lib/gcc/x86_64-linux-gnu/13/../../../../lib32/crt1.o
 .eh_frame      0x0804f348       0x24 /usr/lib/gcc/x86_64-linux-gnu/13/../../../../lib32/crt1.o
                                 0x40 (size before relaxing)
 .eh_frame      0x0804f36c        0x0 /usr/lib/gcc/x86_64-linux-gnu/13/../../../../lib32/crt1.o
 .eh_frame      0x0804f36c       0x94 /home/cutie/RIOT/examples/tutorials/t3/bin/native/application_t3/main.o
                                 0xc0 (size before relaxing)
 .eh_frame      0x0804f400       0x44 /home/cutie/RIOT/examples/tutorials/t3/bin/native/auto_init/auto_init.o
                                 0x5c (size before relaxing)
 .eh_frame      0x0804f444       0x2c /home/cutie/RIOT/examples/tutorials/t3/bin/native/board/board_init.o
                                 0x58 (size before relaxing)
 .eh_frame      0x0804f470        0x0 /home/cutie/RIOT/examples/tutorials/t3/bin/native/board_common_init/board_common.o
                                 0x34 (size before relaxing)
 .eh_frame      0x0804f470        0x0 /home/cutie/RIOT/examples/tutorials/t3/bin/native/core/cond.o
                                0x148 (size before relaxing)
 .eh_frame      0x0804f470       0x14 /home/cutie/RIOT/examples/tutorials/t3/bin/native/core/msg.o
                                0x5c8 (size before relaxing)
 .eh_frame      0x0804f484        0x0 /home/cutie/RIOT/examples/tutorials/t3/bin/native/core/mutex.o
                                0x244 (size before relaxing)
 .eh_frame      0x0804f484       0xf0 /home/cutie/RIOT/examples/tutorials/t3/bin/native/core/sched.o
                                0x184 (size before relaxing)
 .eh_frame      0x0804f574      0x100 /home/cutie/RIOT/examples/tutorials/t3/bin/native/core/thread.o
                                0x308 (size before relaxing)
 .eh_frame      0x0804f674       0x54 /home/cutie/RIOT/examples/tutorials/t3/bin/native/core_lib/assert.o
                                 0xa0 (size before relaxing)
 .eh_frame      0x0804f6c8        0x0 /home/cutie/RIOT/examples/tutorials/t3/bin/native/core_lib/atomic_c11.o
                               0x1378 (size before relaxing)
 .eh_frame      0x0804f6c8        0x0 /home/cutie/RIOT/examples/tutorials/t3/bin/native/core_lib/bitarithm.o
                                 0x50 (size before relaxing)
 .eh_frame      0x0804f6c8        0x0 /home/cutie/RIOT/examples/tutorials/t3/bin/native/core_lib/clist.o
                                 0x68 (size before relaxing)
 .eh_frame      0x0804f6c8       0xb8 /home/cutie/RIOT/examples/tutorials/t3/bin/native/core_lib/init.o
                                 0xe4 (size before relaxing)
 .eh_frame      0x0804f780       0x50 /home/cutie/RIOT/examples/tutorials/t3/bin/native/core_lib/panic.o
                                 0x98 (size before relaxing)
 .eh_frame      0x0804f7d0        0x0 /home/cutie/RIOT/examples/tutorials/t3/bin/native/core_lib/priority_queue.o
                                 0x9c (size before relaxing)
 .eh_frame      0x0804f7d0        0x0 /home/cutie/RIOT/examples/tutorials/t3/bin/native/core_lib/ringbuffer.o
                                0x1e0 (size before relaxing)
 .eh_frame      0x0804f7d0        0x0 /home/cutie/RIOT/examples/tutorials/t3/bin/native/core_lib/rmutex.o
                                0x100 (size before relaxing)
 .eh_frame      0x0804f7d0       0x48 /home/cutie/RIOT/examples/tutorials/t3/bin/native/cpu/async_read.o
                                0x358 (size before relaxing)
 .eh_frame      0x0804f818      0x554 /home/cutie/RIOT/examples/tutorials/t3/bin/native/cpu/irq_cpu.o
                                0x7a4 (size before relaxing)
 .eh_frame      0x0804fd6c      0x22c /home/cutie/RIOT/examples/tutorials/t3/bin/native/cpu/native_cpu.o
                                0x2e4 (size before relaxing)
 .eh_frame      0x0804ff98       0x2c /home/cutie/RIOT/examples/tutorials/t3/bin/native/cpu/panic.o
                                 0x58 (size before relaxing)
 .eh_frame      0x0804ffc4      0x2f0 /home/cutie/RIOT/examples/tutorials/t3/bin/native/cpu/startup.o
                                0x330 (size before relaxing)
 .eh_frame      0x080502b4      0x934 /home/cutie/RIOT/examples/tutorials/t3/bin/native/cpu/syscalls.o
                                0x9e4 (size before relaxing)
 .eh_frame      0x08050be8        0x0 /home/cutie/RIOT/examples/tutorials/t3/bin/native/isrpipe/isrpipe.o
                                0x164 (size before relaxing)
 .eh_frame      0x08050be8        0x0 /home/cutie/RIOT/examples/tutorials/t3/bin/native/libc/string.o
                                 0x64 (size before relaxing)
 .eh_frame      0x08050be8        0x0 /home/cutie/RIOT/examples/tutorials/t3/bin/native/native_drivers/native-led.o
                                0x134 (size before relaxing)
 .eh_frame      0x08050be8      0x128 /home/cutie/RIOT/examples/tutorials/t3/bin/native/periph/gpio_linux.o
                                0x2b0 (size before relaxing)
 .eh_frame      0x08050d10       0xb0 /home/cutie/RIOT/examples/tutorials/t3/bin/native/periph/pm.o
                                0x10c (size before relaxing)
 .eh_frame      0x08050dc0       0x38 /home/cutie/RIOT/examples/tutorials/t3/bin/native/periph/uart.o
                                0x1d4 (size before relaxing)
 .eh_frame      0x08050df8        0x0 /home/cutie/RIOT/examples/tutorials/t3/bin/native/periph_common/gpio.o
                                 0x7c (size before relaxing)
 .eh_frame      0x08050df8       0x1c /home/cutie/RIOT/examples/tutorials/t3/bin/native/periph_common/init.o
                                 0x34 (size before relaxing)
 .eh_frame      0x08050e14       0x1c /home/cutie/RIOT/examples/tutorials/t3/bin/native/periph_common/init_leds.o
                                 0x34 (size before relaxing)
 .eh_frame      0x08050e30      0x348 /home/cutie/RIOT/examples/tutorials/t3/bin/native/shell/shell.o
                                0x3dc (size before relaxing)
 .eh_frame      0x08051178       0x6c /home/cutie/RIOT/examples/tutorials/t3/bin/native/stdio_native/stdio_native.o
                                 0x98 (size before relaxing)
 .eh_frame      0x080511e4        0x0 /home/cutie/RIOT/examples/tutorials/t3/bin/native/tsrb/tsrb.o
                                0x334 (size before relaxing)
 .eh_frame      0x080511e4       0x1c /usr/lib32/libc_nonshared.a(stack_chk_fail_local.oS)
                                 0x48 (size before relaxing)
 .eh_frame      0x08051200        0x4 /usr/lib/gcc/x86_64-linux-gnu/13/32/crtend.o
 *(.eh_frame.*)

.sframe
 *(.sframe)
 *(.sframe.*)

.gcc_except_table
 *(.gcc_except_table .gcc_except_table.*)

.gnu_extab
 *(.gnu_extab*)

.exception_ranges
 *(.exception_ranges*)
                0x08052e34                        . = DATA_SEGMENT_ALIGN (CONSTANT (MAXPAGESIZE), CONSTANT (COMMONPAGESIZE))

.eh_frame
 *(.eh_frame)
 *(.eh_frame.*)

.sframe
 *(.sframe)
 *(.sframe.*)

.gnu_extab
 *(.gnu_extab)

.gcc_except_table
 *(.gcc_except_table .gcc_except_table.*)

.exception_ranges
 *(.exception_ranges*)

.tdata          0x08052e34        0x0
                [!provide]                        PROVIDE (__tdata_start = .)
 *(.tdata .tdata.* .gnu.linkonce.td.*)

.tbss
 *(.tbss .tbss.* .gnu.linkonce.tb.*)
 *(.tcommon)

.preinit_array  0x08052e34        0x0
                [!provide]                        PROVIDE (__preinit_array_start = .)
 *(.preinit_array)
                [!provide]                        PROVIDE (__preinit_array_end = .)

.init_array     0x08052e34        0x8
                0x08052e34                        PROVIDE (__init_array_start = .)
 *(SORT_BY_INIT_PRIORITY(.init_array.*) SORT_BY_INIT_PRIORITY(.ctors.*))
 *(.init_array EXCLUDE_FILE(*crtend?.o *crtend.o *crtbegin?.o *crtbegin.o) .ctors)
 .init_array    0x08052e34        0x4 /usr/lib/gcc/x86_64-linux-gnu/13/32/crtbegin.o
 .init_array    0x08052e38        0x4 /home/cutie/RIOT/examples/tutorials/t3/bin/native/cpu/startup.o
                0x08052e3c                        PROVIDE (__init_array_end = .)

.fini_array     0x08052e3c        0x4
                [!provide]                        PROVIDE (__fini_array_start = .)
 *(SORT_BY_INIT_PRIORITY(.fini_array.*) SORT_BY_INIT_PRIORITY(.dtors.*))
 *(.fini_array EXCLUDE_FILE(*crtend?.o *crtend.o *crtbegin?.o *crtbegin.o) .dtors)
 .fini_array    0x08052e3c        0x4 /usr/lib/gcc/x86_64-linux-gnu/13/32/crtbegin.o
                [!provide]                        PROVIDE (__fini_array_end = .)

.ctors
 *crtbegin.o(.ctors)
 *crtbegin?.o(.ctors)
 *(EXCLUDE_FILE(*crtend?.o *crtend.o) .ctors)
 *(SORT_BY_NAME(.ctors.*))
 *(.ctors)

.dtors
 *crtbegin.o(.dtors)
 *crtbegin?.o(.dtors)
 *(EXCLUDE_FILE(*crtend?.o *crtend.o) .dtors)
 *(SORT_BY_NAME(.dtors.*))
 *(.dtors)

.jcr
 *(.jcr)

.data.rel.ro    0x08052e40       0xa0
 *(.data.rel.ro.local* .gnu.linkonce.d.rel.ro.local.*)
 .data.rel.ro.local.long_opts
                0x08052e40       0xa0 /home/cutie/RIOT/examples/tutorials/t3/bin/native/cpu/startup.o
 *(.data.rel.ro .data.rel.ro.* .gnu.linkonce.d.rel.ro.*)
 .data.rel.ro   0x08052ee0        0x0 /usr/lib/gcc/x86_64-linux-gnu/13/../../../../lib32/crt1.o

.dynamic        0x08052ee0       0xe8
 *(.dynamic)
 .dynamic       0x08052ee0       0xe8 /usr/lib/gcc/x86_64-linux-gnu/13/../../../../lib32/crt1.o
                0x08052ee0                _DYNAMIC

.got            0x08052fc8       0x1c
 *(.got)
 .got           0x08052fc8       0x1c /usr/lib/gcc/x86_64-linux-gnu/13/../../../../lib32/crt1.o
 *(.igot)
                0x08052ff4                        . = DATA_SEGMENT_RELRO_END (., (SIZEOF (.got.plt) >= 0xc)?0xc:0x0)

.got.plt        0x08052ff4       0x80
 *(.got.plt)
 .got.plt       0x08052ff4       0x80 /usr/lib/gcc/x86_64-linux-gnu/13/../../../../lib32/crt1.o
                0x08052ff4                _GLOBAL_OFFSET_TABLE_
 *(.igot.plt)
 .igot.plt      0x08053074        0x0 /usr/lib/gcc/x86_64-linux-gnu/13/../../../../lib32/crt1.o

.data
 *(.data .data.* .gnu.linkonce.d.*)

.data1
 *(.data1)
                0x08053074                        _edata = .
                [!provide]                        PROVIDE (edata = .)
                0x08053074                        . = ALIGN (ALIGNOF (NEXT_SECTION))
                0x08053080                        __bss_start = .

.bss            0x08053080     0xab00
 *(.dynbss)
 .dynbss        0x08053080        0x0 /usr/lib/gcc/x86_64-linux-gnu/13/../../../../lib32/crt1.o
 *(.bss .bss.* .gnu.linkonce.b.*)
 .bss           0x08053080        0x1 /usr/lib/gcc/x86_64-linux-gnu/13/32/crtbegin.o
 *fill*         0x08053081       0x1f 
 .bss.thread_stack
                0x080530a0     0x3000 /home/cutie/RIOT/examples/tutorials/t3/bin/native/application_t3/main.o
                0x080530a0                thread_stack
 .bss.runqueue_bitcache
                0x080560a0        0x4 /home/cutie/RIOT/examples/tutorials/t3/bin/native/core/sched.o
 *fill*         0x080560a4       0x1c 
 .bss.sched_runqueues
                0x080560c0       0x40 /home/cutie/RIOT/examples/tutorials/t3/bin/native/core/sched.o
                0x080560c0                sched_runqueues
 .bss.sched_context_switch_request
                0x08056100        0x4 /home/cutie/RIOT/examples/tutorials/t3/bin/native/core/sched.o
                0x08056100                sched_context_switch_request
 .bss.sched_active_thread
                0x08056104        0x4 /home/cutie/RIOT/examples/tutorials/t3/bin/native/core/sched.o
                0x08056104                sched_active_thread
 .bss.sched_num_threads
                0x08056108        0x4 /home/cutie/RIOT/examples/tutorials/t3/bin/native/core/sched.o
                0x08056108                sched_num_threads
 *fill*         0x0805610c       0x14 
 .bss.sched_threads
                0x08056120       0x84 /home/cutie/RIOT/examples/tutorials/t3/bin/native/core/sched.o
                0x08056120                sched_threads
 .bss.sched_active_pid
                0x080561a4        0x2 /home/cutie/RIOT/examples/tutorials/t3/bin/native/core/sched.o
                0x080561a4                sched_active_pid
 *fill*         0x080561a6       0x1a 
 .bss.idle_stack
                0x080561c0     0x2000 /home/cutie/RIOT/examples/tutorials/t3/bin/native/core_lib/init.o
 .bss.main_stack
                0x080581c0     0x3000 /home/cutie/RIOT/examples/tutorials/t3/bin/native/core_lib/init.o
 .bss.crashed   0x0805b1c0        0x4 /home/cutie/RIOT/examples/tutorials/t3/bin/native/core_lib/panic.o
 *fill*         0x0805b1c4       0x1c 
 .bss.pollers   0x0805b1e0       0x20 /home/cutie/RIOT/examples/tutorials/t3/bin/native/cpu/async_read.o
 .bss._fds      0x0805b200       0x10 /home/cutie/RIOT/examples/tutorials/t3/bin/native/cpu/async_read.o
 .bss._next_index
                0x0805b210        0x4 /home/cutie/RIOT/examples/tutorials/t3/bin/native/cpu/async_read.o
 .bss.sigstk.0  0x0805b214        0xc /home/cutie/RIOT/examples/tutorials/t3/bin/native/cpu/irq_cpu.o
 .bss.native_irq_handlers
                0x0805b220      0x3fc /home/cutie/RIOT/examples/tutorials/t3/bin/native/cpu/irq_cpu.o
 .bss._sig_pipefd
                0x0805b61c        0x8 /home/cutie/RIOT/examples/tutorials/t3/bin/native/cpu/irq_cpu.o
                0x0805b61c                _sig_pipefd
 .bss._native_sigpend
                0x0805b624        0x4 /home/cutie/RIOT/examples/tutorials/t3/bin/native/cpu/irq_cpu.o
                0x0805b624                _native_sigpend
 .bss._native_saved_eip
                0x0805b628        0x4 /home/cutie/RIOT/examples/tutorials/t3/bin/native/cpu/irq_cpu.o
                0x0805b628                _native_saved_eip
 .bss._native_isr_ctx
                0x0805b62c        0x4 /home/cutie/RIOT/examples/tutorials/t3/bin/native/cpu/irq_cpu.o
                0x0805b62c                _native_isr_ctx
 .bss._native_cur_ctx
                0x0805b630        0x4 /home/cutie/RIOT/examples/tutorials/t3/bin/native/cpu/irq_cpu.o
                0x0805b630                _native_cur_ctx
 *fill*         0x0805b634        0xc 
 .bss.native_isr_context
                0x0805b640      0x16c /home/cutie/RIOT/examples/tutorials/t3/bin/native/cpu/irq_cpu.o
                0x0805b640                native_isr_context
 *fill*         0x0805b7ac       0x14 
 .bss.__isr_stack
                0x0805b7c0     0x2000 /home/cutie/RIOT/examples/tutorials/t3/bin/native/cpu/irq_cpu.o
                0x0805b7c0                __isr_stack
 .bss._native_sig_set_dint
                0x0805d7c0       0x80 /home/cutie/RIOT/examples/tutorials/t3/bin/native/cpu/irq_cpu.o
 .bss._native_sig_set
                0x0805d840       0x80 /home/cutie/RIOT/examples/tutorials/t3/bin/native/cpu/irq_cpu.o
 .bss._native_in_syscall
                0x0805d8c0        0x4 /home/cutie/RIOT/examples/tutorials/t3/bin/native/cpu/irq_cpu.o
                0x0805d8c0                _native_in_syscall
 .bss._native_in_isr
                0x0805d8c4        0x4 /home/cutie/RIOT/examples/tutorials/t3/bin/native/cpu/irq_cpu.o
                0x0805d8c4                _native_in_isr
 .bss.native_interrupts_enabled
                0x0805d8c8        0x4 /home/cutie/RIOT/examples/tutorials/t3/bin/native/cpu/irq_cpu.o
                0x0805d8c8                native_interrupts_enabled
 *fill*         0x0805d8cc       0x14 
 .bss.end_context
                0x0805d8e0      0x16c /home/cutie/RIOT/examples/tutorials/t3/bin/native/cpu/native_cpu.o
                0x0805d8e0                end_context
 .bss._native_rng_mode
                0x0805da4c        0x4 /home/cutie/RIOT/examples/tutorials/t3/bin/native/cpu/startup.o
                0x0805da4c                _native_rng_mode
 .bss._native_rng_seed
                0x0805da50        0x4 /home/cutie/RIOT/examples/tutorials/t3/bin/native/cpu/startup.o
                0x0805da50                _native_rng_seed
 .bss._native_id
                0x0805da54        0x4 /home/cutie/RIOT/examples/tutorials/t3/bin/native/cpu/startup.o
                0x0805da54                _native_id
 .bss._native_pid
                0x0805da58        0x4 /home/cutie/RIOT/examples/tutorials/t3/bin/native/cpu/startup.o
                0x0805da58                _native_pid
 .bss._native_argv
                0x0805da5c        0x4 /home/cutie/RIOT/examples/tutorials/t3/bin/native/cpu/startup.o
                0x0805da5c                _native_argv
 .bss._progname
                0x0805da60        0x4 /home/cutie/RIOT/examples/tutorials/t3/bin/native/cpu/startup.o
                0x0805da60                _progname
 .bss._native_null_out_file
                0x0805da64        0x4 /home/cutie/RIOT/examples/tutorials/t3/bin/native/cpu/startup.o
                0x0805da64                _native_null_out_file
 .bss._native_null_in_pipe
                0x0805da68        0x8 /home/cutie/RIOT/examples/tutorials/t3/bin/native/cpu/startup.o
                0x0805da68                _native_null_in_pipe
 .bss._native_in_calloc
                0x0805da70        0x4 /home/cutie/RIOT/examples/tutorials/t3/bin/native/cpu/syscalls.o
                0x0805da70                _native_in_calloc
 .bss._native_in_malloc
                0x0805da74        0x4 /home/cutie/RIOT/examples/tutorials/t3/bin/native/cpu/syscalls.o
                0x0805da74                _native_in_malloc
 .bss.real_statvfs
                0x0805da78        0x4 /home/cutie/RIOT/examples/tutorials/t3/bin/native/cpu/syscalls.o
                0x0805da78                real_statvfs
 .bss.real_rename
                0x0805da7c        0x4 /home/cutie/RIOT/examples/tutorials/t3/bin/native/cpu/syscalls.o
                0x0805da7c                real_rename
 .bss.real_closedir
                0x0805da80        0x4 /home/cutie/RIOT/examples/tutorials/t3/bin/native/cpu/syscalls.o
                0x0805da80                real_closedir
 .bss.real_readdir
                0x0805da84        0x4 /home/cutie/RIOT/examples/tutorials/t3/bin/native/cpu/syscalls.o
                0x0805da84                real_readdir
 .bss.real_opendir
                0x0805da88        0x4 /home/cutie/RIOT/examples/tutorials/t3/bin/native/cpu/syscalls.o
                0x0805da88                real_opendir
 .bss.real_rmdir
                0x0805da8c        0x4 /home/cutie/RIOT/examples/tutorials/t3/bin/native/cpu/syscalls.o
                0x0805da8c                real_rmdir
 .bss.real_mkdir
                0x0805da90        0x4 /home/cutie/RIOT/examples/tutorials/t3/bin/native/cpu/syscalls.o
                0x0805da90                real_mkdir
 .bss.real_fsync
                0x0805da94        0x4 /home/cutie/RIOT/examples/tutorials/t3/bin/native/cpu/syscalls.o
                0x0805da94                real_fsync
 .bss.real_fstat
                0x0805da98        0x4 /home/cutie/RIOT/examples/tutorials/t3/bin/native/cpu/syscalls.o
                0x0805da98                real_fstat
 .bss.real_lseek
                0x0805da9c        0x4 /home/cutie/RIOT/examples/tutorials/t3/bin/native/cpu/syscalls.o
                0x0805da9c                real_lseek
 .bss.real_send
                0x0805daa0        0x4 /home/cutie/RIOT/examples/tutorials/t3/bin/native/cpu/syscalls.o
                0x0805daa0                real_send
 .bss.real_writev
                0x0805daa4        0x4 /home/cutie/RIOT/examples/tutorials/t3/bin/native/cpu/syscalls.o
                0x0805daa4                real_writev
 .bss.real_umask
                0x0805daa8        0x4 /home/cutie/RIOT/examples/tutorials/t3/bin/native/cpu/syscalls.o
                0x0805daa8                real_umask
 .bss.real_fgetc
                0x0805daac        0x4 /home/cutie/RIOT/examples/tutorials/t3/bin/native/cpu/syscalls.o
                0x0805daac                real_fgetc
 .bss.real_fputc
                0x0805dab0        0x4 /home/cutie/RIOT/examples/tutorials/t3/bin/native/cpu/syscalls.o
                0x0805dab0                real_fputc
 .bss.real_ftell
                0x0805dab4        0x4 /home/cutie/RIOT/examples/tutorials/t3/bin/native/cpu/syscalls.o
                0x0805dab4                real_ftell
 .bss.real_fseek
                0x0805dab8        0x4 /home/cutie/RIOT/examples/tutorials/t3/bin/native/cpu/syscalls.o
                0x0805dab8                real_fseek
 .bss.real_fclose
                0x0805dabc        0x4 /home/cutie/RIOT/examples/tutorials/t3/bin/native/cpu/syscalls.o
                0x0805dabc                real_fclose
 .bss.real_fopen
                0x0805dac0        0x4 /home/cutie/RIOT/examples/tutorials/t3/bin/native/cpu/syscalls.o
                0x0805dac0                real_fopen
 .bss.real_gai_strerror
                0x0805dac4        0x4 /home/cutie/RIOT/examples/tutorials/t3/bin/native/cpu/syscalls.o
                0x0805dac4                real_gai_strerror
 .bss.real_random
                0x0805dac8        0x4 /home/cutie/RIOT/examples/tutorials/t3/bin/native/cpu/syscalls.o
                0x0805dac8                real_random
 .bss.real_unlink
                0x0805dacc        0x4 /home/cutie/RIOT/examples/tutorials/t3/bin/native/cpu/syscalls.o
                0x0805dacc                real_unlink
 .bss.real_socket
                0x0805dad0        0x4 /home/cutie/RIOT/examples/tutorials/t3/bin/native/cpu/syscalls.o
                0x0805dad0                real_socket
 .bss.real_setsockopt
                0x0805dad4        0x4 /home/cutie/RIOT/examples/tutorials/t3/bin/native/cpu/syscalls.o
                0x0805dad4                real_setsockopt
 .bss.real_setsid
                0x0805dad8        0x4 /home/cutie/RIOT/examples/tutorials/t3/bin/native/cpu/syscalls.o
                0x0805dad8                real_setsid
 .bss.real_poll
                0x0805dadc        0x4 /home/cutie/RIOT/examples/tutorials/t3/bin/native/cpu/syscalls.o
                0x0805dadc                real_poll
 .bss.real_select
                0x0805dae0        0x4 /home/cutie/RIOT/examples/tutorials/t3/bin/native/cpu/syscalls.o
                0x0805dae0                real_select
 .bss.real_pipe
                0x0805dae4        0x4 /home/cutie/RIOT/examples/tutorials/t3/bin/native/cpu/syscalls.o
                0x0805dae4                real_pipe
 .bss.real_pause
                0x0805dae8        0x4 /home/cutie/RIOT/examples/tutorials/t3/bin/native/cpu/syscalls.o
                0x0805dae8                real_pause
 .bss.real_open
                0x0805daec        0x4 /home/cutie/RIOT/examples/tutorials/t3/bin/native/cpu/syscalls.o
                0x0805daec                real_open
 .bss.real_ioctl
                0x0805daf0        0x4 /home/cutie/RIOT/examples/tutorials/t3/bin/native/cpu/syscalls.o
                0x0805daf0                real_ioctl
 .bss.real_listen
                0x0805daf4        0x4 /home/cutie/RIOT/examples/tutorials/t3/bin/native/cpu/syscalls.o
                0x0805daf4                real_listen
 .bss.real_ferror
                0x0805daf8        0x4 /home/cutie/RIOT/examples/tutorials/t3/bin/native/cpu/syscalls.o
                0x0805daf8                real_ferror
 .bss.real_feof
                0x0805dafc        0x4 /home/cutie/RIOT/examples/tutorials/t3/bin/native/cpu/syscalls.o
                0x0805dafc                real_feof
 .bss.real_fork
                0x0805db00        0x4 /home/cutie/RIOT/examples/tutorials/t3/bin/native/cpu/syscalls.o
                0x0805db00                real_fork
 .bss.real_execve
                0x0805db04        0x4 /home/cutie/RIOT/examples/tutorials/t3/bin/native/cpu/syscalls.o
                0x0805db04                real_execve
 .bss.real_dup2
                0x0805db08        0x4 /home/cutie/RIOT/examples/tutorials/t3/bin/native/cpu/syscalls.o
                0x0805db08                real_dup2
 .bss.real_creat
                0x0805db0c        0x4 /home/cutie/RIOT/examples/tutorials/t3/bin/native/cpu/syscalls.o
                0x0805db0c                real_creat
 .bss.real_fcntl
                0x0805db10        0x4 /home/cutie/RIOT/examples/tutorials/t3/bin/native/cpu/syscalls.o
                0x0805db10                real_fcntl
 .bss.real_close
                0x0805db14        0x4 /home/cutie/RIOT/examples/tutorials/t3/bin/native/cpu/syscalls.o
                0x0805db14                real_close
 .bss.real_chdir
                0x0805db18        0x4 /home/cutie/RIOT/examples/tutorials/t3/bin/native/cpu/syscalls.o
                0x0805db18                real_chdir
 .bss.real_getpid
                0x0805db1c        0x4 /home/cutie/RIOT/examples/tutorials/t3/bin/native/cpu/syscalls.o
                0x0805db1c                real_getpid
 .bss.real_gettimeofday
                0x0805db20        0x4 /home/cutie/RIOT/examples/tutorials/t3/bin/native/cpu/syscalls.o
                0x0805db20                real_gettimeofday
 .bss.real_getifaddrs
                0x0805db24        0x4 /home/cutie/RIOT/examples/tutorials/t3/bin/native/cpu/syscalls.o
                0x0805db24                real_getifaddrs
 .bss.real_getaddrinfo
                0x0805db28        0x4 /home/cutie/RIOT/examples/tutorials/t3/bin/native/cpu/syscalls.o
                0x0805db28                real_getaddrinfo
 .bss.real_printf
                0x0805db2c        0x4 /home/cutie/RIOT/examples/tutorials/t3/bin/native/cpu/syscalls.o
                0x0805db2c                real_printf
 .bss.real_connect
                0x0805db30        0x4 /home/cutie/RIOT/examples/tutorials/t3/bin/native/cpu/syscalls.o
                0x0805db30                real_connect
 .bss.real_bind
                0x0805db34        0x4 /home/cutie/RIOT/examples/tutorials/t3/bin/native/cpu/syscalls.o
                0x0805db34                real_bind
 .bss.real_accept
                0x0805db38        0x4 /home/cutie/RIOT/examples/tutorials/t3/bin/native/cpu/syscalls.o
                0x0805db38                real_accept
 .bss.real_srandom
                0x0805db3c        0x4 /home/cutie/RIOT/examples/tutorials/t3/bin/native/cpu/syscalls.o
                0x0805db3c                real_srandom
 .bss.real_freeifaddrs
                0x0805db40        0x4 /home/cutie/RIOT/examples/tutorials/t3/bin/native/cpu/syscalls.o
                0x0805db40                real_freeifaddrs
 .bss.real_freeaddrinfo
                0x0805db44        0x4 /home/cutie/RIOT/examples/tutorials/t3/bin/native/cpu/syscalls.o
                0x0805db44                real_freeaddrinfo
 .bss.real_realloc
                0x0805db48        0x4 /home/cutie/RIOT/examples/tutorials/t3/bin/native/cpu/syscalls.o
                0x0805db48                real_realloc
 .bss.real_calloc
                0x0805db4c        0x4 /home/cutie/RIOT/examples/tutorials/t3/bin/native/cpu/syscalls.o
                0x0805db4c                real_calloc
 .bss.real_malloc
                0x0805db50        0x4 /home/cutie/RIOT/examples/tutorials/t3/bin/native/cpu/syscalls.o
                0x0805db50                real_malloc
 .bss.real_free
                0x0805db54        0x4 /home/cutie/RIOT/examples/tutorials/t3/bin/native/cpu/syscalls.o
                0x0805db54                real_free
 .bss.real_exit
                0x0805db58        0x4 /home/cutie/RIOT/examples/tutorials/t3/bin/native/cpu/syscalls.o
                0x0805db58                real_exit
 .bss.real_clearerr
                0x0805db5c        0x4 /home/cutie/RIOT/examples/tutorials/t3/bin/native/cpu/syscalls.o
                0x0805db5c                real_clearerr
 .bss.real_recv
                0x0805db60        0x4 /home/cutie/RIOT/examples/tutorials/t3/bin/native/cpu/syscalls.o
                0x0805db60                real_recv
 .bss.real_fread
                0x0805db64        0x4 /home/cutie/RIOT/examples/tutorials/t3/bin/native/cpu/syscalls.o
                0x0805db64                real_fread
 .bss.real_write
                0x0805db68        0x4 /home/cutie/RIOT/examples/tutorials/t3/bin/native/cpu/syscalls.o
                0x0805db68                real_write
 .bss.real_read
                0x0805db6c        0x4 /home/cutie/RIOT/examples/tutorials/t3/bin/native/cpu/syscalls.o
                0x0805db6c                real_read
 .bss.port_numof
                0x0805db70        0x4 /home/cutie/RIOT/examples/tutorials/t3/bin/native/periph/gpio_linux.o
 .bss.ports     0x0805db74        0x4 /home/cutie/RIOT/examples/tutorials/t3/bin/native/periph/gpio_linux.o
 .bss._native_retval
                0x0805db78        0x4 /home/cutie/RIOT/examples/tutorials/t3/bin/native/periph/pm.o
                0x0805db78                _native_retval
 .bss.tty_device_filenames
                0x0805db7c        0x4 /home/cutie/RIOT/examples/tutorials/t3/bin/native/periph/uart.o
 *(COMMON)
                0x0805db80                        . = ALIGN ((. != 0x0)?0x4:0x1)
                0x0805db80                        . = ALIGN (0x4)
                0x0805db80                        . = SEGMENT_START ("ldata-segment", .)
                0x0805db80                        . = ALIGN (0x4)
                0x0805db80                        _end = .
                [!provide]                        PROVIDE (end = .)
                0x0805db80                        . = DATA_SEGMENT_END (.)

.stab
 *(.stab)

.stabstr
 *(.stabstr)

.stab.excl
 *(.stab.excl)

.stab.exclstr
 *(.stab.exclstr)

.stab.index
 *(.stab.index)

.stab.indexstr
 *(.stab.indexstr)

.comment        0x00000000       0x1f
 *(.comment)
 .comment       0x00000000       0x1f /usr/lib/gcc/x86_64-linux-gnu/13/32/crtbegin.o
                                 0x20 (size before relaxing)
 .comment       0x0000001f       0x20 /home/cutie/RIOT/examples/tutorials/t3/bin/native/application_t3/main.o
 .comment       0x0000001f       0x20 /home/cutie/RIOT/examples/tutorials/t3/bin/native/auto_init/auto_init.o
 .comment       0x0000001f       0x20 /home/cutie/RIOT/examples/tutorials/t3/bin/native/board/board_init.o
 .comment       0x0000001f       0x20 /home/cutie/RIOT/examples/tutorials/t3/bin/native/board_common_init/board_common.o
 .comment       0x0000001f       0x20 /home/cutie/RIOT/examples/tutorials/t3/bin/native/core/cond.o
 .comment       0x0000001f       0x20 /home/cutie/RIOT/examples/tutorials/t3/bin/native/core/msg.o
 .comment       0x0000001f       0x20 /home/cutie/RIOT/examples/tutorials/t3/bin/native/core/mutex.o
 .comment       0x0000001f       0x20 /home/cutie/RIOT/examples/tutorials/t3/bin/native/core/sched.o
 .comment       0x0000001f       0x20 /home/cutie/RIOT/examples/tutorials/t3/bin/native/core/thread.o
 .comment       0x0000001f       0x20 /home/cutie/RIOT/examples/tutorials/t3/bin/native/core_lib/assert.o
 .comment       0x0000001f       0x20 /home/cutie/RIOT/examples/tutorials/t3/bin/native/core_lib/atomic_c11.o
 .comment       0x0000001f       0x20 /home/cutie/RIOT/examples/tutorials/t3/bin/native/core_lib/bitarithm.o
 .comment       0x0000001f       0x20 /home/cutie/RIOT/examples/tutorials/t3/bin/native/core_lib/clist.o
 .comment       0x0000001f       0x20 /home/cutie/RIOT/examples/tutorials/t3/bin/native/core_lib/init.o
 .comment       0x0000001f       0x20 /home/cutie/RIOT/examples/tutorials/t3/bin/native/core_lib/panic.o
 .comment       0x0000001f       0x20 /home/cutie/RIOT/examples/tutorials/t3/bin/native/core_lib/priority_queue.o
 .comment       0x0000001f       0x20 /home/cutie/RIOT/examples/tutorials/t3/bin/native/core_lib/ringbuffer.o
 .comment       0x0000001f       0x20 /home/cutie/RIOT/examples/tutorials/t3/bin/native/core_lib/rmutex.o
 .comment       0x0000001f       0x20 /home/cutie/RIOT/examples/tutorials/t3/bin/native/cpu/async_read.o
 .comment       0x0000001f       0x20 /home/cutie/RIOT/examples/tutorials/t3/bin/native/cpu/irq_cpu.o
 .comment       0x0000001f       0x20 /home/cutie/RIOT/examples/tutorials/t3/bin/native/cpu/native_cpu.o
 .comment       0x0000001f       0x20 /home/cutie/RIOT/examples/tutorials/t3/bin/native/cpu/panic.o
 .comment       0x0000001f       0x20 /home/cutie/RIOT/examples/tutorials/t3/bin/native/cpu/startup.o
 .comment       0x0000001f       0x20 /home/cutie/RIOT/examples/tutorials/t3/bin/native/cpu/syscalls.o
 .comment       0x0000001f       0x20 /home/cutie/RIOT/examples/tutorials/t3/bin/native/isrpipe/isrpipe.o
 .comment       0x0000001f       0x20 /home/cutie/RIOT/examples/tutorials/t3/bin/native/libc/string.o
 .comment       0x0000001f       0x20 /home/cutie/RIOT/examples/tutorials/t3/bin/native/native_drivers/native-led.o
 .comment       0x0000001f       0x20 /home/cutie/RIOT/examples/tutorials/t3/bin/native/periph/gpio_linux.o
 .comment       0x0000001f       0x20 /home/cutie/RIOT/examples/tutorials/t3/bin/native/periph/pm.o
 .comment       0x0000001f       0x20 /home/cutie/RIOT/examples/tutorials/t3/bin/native/periph/uart.o
 .comment       0x0000001f       0x20 /home/cutie/RIOT/examples/tutorials/t3/bin/native/periph_common/gpio.o
 .comment       0x0000001f       0x20 /home/cutie/RIOT/examples/tutorials/t3/bin/native/periph_common/init.o
 .comment       0x0000001f       0x20 /home/cutie/RIOT/examples/tutorials/t3/bin/native/periph_common/init_leds.o
 .comment       0x0000001f       0x20 /home/cutie/RIOT/examples/tutorials/t3/bin/native/shell/shell.o
 .comment       0x0000001f       0x20 /home/cutie/RIOT/examples/tutorials/t3/bin/native/stdio_native/stdio_native.o
 .comment       0x0000001f       0x20 /home/cutie/RIOT/examples/tutorials/t3/bin/native/tsrb/tsrb.o
 .comment       0x0000001f       0x20 /usr/lib/gcc/x86_64-linux-gnu/13/32/crtend.o

.gnu.build.attributes
 *(.gnu.build.attributes .gnu.build.attributes.*)

.debug
 *(.debug)

.line
 *(.line)

.debug_srcinfo
 *(.debug_srcinfo)

.debug_sfnames
 *(.debug_sfnames)

.debug_aranges  0x00000000      0xcd8
 *(.debug_aranges)
 .debug_aranges
                0x00000000       0x30 /home/cutie/RIOT/examples/tutorials/t3/bin/native/application_t3/main.o
 .debug_aranges
                0x00000030       0x20 /home/cutie/RIOT/examples/tutorials/t3/bin/native/auto_init/auto_init.o
 .debug_aranges
                0x00000050       0x20 /home/cutie/RIOT/examples/tutorials/t3/bin/native/board/board_init.o
 .debug_aranges
                0x00000070       0x20 /home/cutie/RIOT/examples/tutorials/t3/bin/native/board_common_init/board_common.o
 .debug_aranges
                0x00000090       0x40 /home/cutie/RIOT/examples/tutorials/t3/bin/native/core/cond.o
 .debug_aranges
                0x000000d0       0xc0 /home/cutie/RIOT/examples/tutorials/t3/bin/native/core/msg.o
 .debug_aranges
                0x00000190       0x40 /home/cutie/RIOT/examples/tutorials/t3/bin/native/core/mutex.o
 .debug_aranges
                0x000001d0       0x48 /home/cutie/RIOT/examples/tutorials/t3/bin/native/core/sched.o
 .debug_aranges
                0x00000218       0x78 /home/cutie/RIOT/examples/tutorials/t3/bin/native/core/thread.o
 .debug_aranges
                0x00000290       0x30 /home/cutie/RIOT/examples/tutorials/t3/bin/native/core_lib/assert.o
 .debug_aranges
                0x000002c0      0x240 /home/cutie/RIOT/examples/tutorials/t3/bin/native/core_lib/atomic_c11.o
 .debug_aranges
                0x00000500       0x28 /home/cutie/RIOT/examples/tutorials/t3/bin/native/core_lib/bitarithm.o
 .debug_aranges
                0x00000528       0x20 /home/cutie/RIOT/examples/tutorials/t3/bin/native/core_lib/clist.o
 .debug_aranges
                0x00000548       0x38 /home/cutie/RIOT/examples/tutorials/t3/bin/native/core_lib/init.o
 .debug_aranges
                0x00000580       0x30 /home/cutie/RIOT/examples/tutorials/t3/bin/native/core_lib/panic.o
 .debug_aranges
                0x000005b0       0x30 /home/cutie/RIOT/examples/tutorials/t3/bin/native/core_lib/priority_queue.o
 .debug_aranges
                0x000005e0       0x60 /home/cutie/RIOT/examples/tutorials/t3/bin/native/core_lib/ringbuffer.o
 .debug_aranges
                0x00000640       0x38 /home/cutie/RIOT/examples/tutorials/t3/bin/native/core_lib/rmutex.o
 .debug_aranges
                0x00000678       0x60 /home/cutie/RIOT/examples/tutorials/t3/bin/native/cpu/async_read.o
 .debug_aranges
                0x000006d8       0xb8 /home/cutie/RIOT/examples/tutorials/t3/bin/native/cpu/irq_cpu.o
 .debug_aranges
                0x00000790       0x70 /home/cutie/RIOT/examples/tutorials/t3/bin/native/cpu/native_cpu.o
 .debug_aranges
                0x00000800       0x20 /home/cutie/RIOT/examples/tutorials/t3/bin/native/cpu/panic.o
 .debug_aranges
                0x00000820       0x50 /home/cutie/RIOT/examples/tutorials/t3/bin/native/cpu/startup.o
 .debug_aranges
                0x00000870      0x108 /home/cutie/RIOT/examples/tutorials/t3/bin/native/cpu/syscalls.o
 .debug_aranges
                0x00000978       0x20 /home/cutie/RIOT/examples/tutorials/t3/bin/native/cpu/tramp.o
 .debug_aranges
                0x00000998       0x40 /home/cutie/RIOT/examples/tutorials/t3/bin/native/isrpipe/isrpipe.o
 .debug_aranges
                0x000009d8       0x28 /home/cutie/RIOT/examples/tutorials/t3/bin/native/libc/string.o
 .debug_aranges
                0x00000a00       0x48 /home/cutie/RIOT/examples/tutorials/t3/bin/native/native_drivers/native-led.o
 .debug_aranges
                0x00000a48       0x60 /home/cutie/RIOT/examples/tutorials/t3/bin/native/periph/gpio_linux.o
 .debug_aranges
                0x00000aa8       0x40 /home/cutie/RIOT/examples/tutorials/t3/bin/native/periph/pm.o
 .debug_aranges
                0x00000ae8       0x48 /home/cutie/RIOT/examples/tutorials/t3/bin/native/periph/uart.o
 .debug_aranges
                0x00000b30       0x20 /home/cutie/RIOT/examples/tutorials/t3/bin/native/periph_common/gpio.o
 .debug_aranges
                0x00000b50       0x20 /home/cutie/RIOT/examples/tutorials/t3/bin/native/periph_common/init.o
 .debug_aranges
                0x00000b70       0x20 /home/cutie/RIOT/examples/tutorials/t3/bin/native/periph_common/init_leds.o
 .debug_aranges
                0x00000b90       0x98 /home/cutie/RIOT/examples/tutorials/t3/bin/native/shell/shell.o
 .debug_aranges
                0x00000c28       0x30 /home/cutie/RIOT/examples/tutorials/t3/bin/native/stdio_native/stdio_native.o
 .debug_aranges
                0x00000c58       0x80 /home/cutie/RIOT/examples/tutorials/t3/bin/native/tsrb/tsrb.o

.debug_pubnames
 *(.debug_pubnames)

.debug_info     0x00000000    0x120ea
 *(.debug_info .gnu.linkonce.wi.*)
 .debug_info    0x00000000      0x3ff /home/cutie/RIOT/examples/tutorials/t3/bin/native/application_t3/main.o
 .debug_info    0x000003ff      0x19b /home/cutie/RIOT/examples/tutorials/t3/bin/native/auto_init/auto_init.o
 .debug_info    0x0000059a       0xcc /home/cutie/RIOT/examples/tutorials/t3/bin/native/board/board_init.o
 .debug_info    0x00000666       0xaf /home/cutie/RIOT/examples/tutorials/t3/bin/native/board_common_init/board_common.o
 .debug_info    0x00000715      0x713 /home/cutie/RIOT/examples/tutorials/t3/bin/native/core/cond.o
 .debug_info    0x00000e28     0x184e /home/cutie/RIOT/examples/tutorials/t3/bin/native/core/msg.o
 .debug_info    0x00002676      0x9e2 /home/cutie/RIOT/examples/tutorials/t3/bin/native/core/mutex.o
 .debug_info    0x00003058      0xbc5 /home/cutie/RIOT/examples/tutorials/t3/bin/native/core/sched.o
 .debug_info    0x00003c1d      0xd60 /home/cutie/RIOT/examples/tutorials/t3/bin/native/core/thread.o
 .debug_info    0x0000497d      0x222 /home/cutie/RIOT/examples/tutorials/t3/bin/native/core_lib/assert.o
 .debug_info    0x00004b9f     0x2460 /home/cutie/RIOT/examples/tutorials/t3/bin/native/core_lib/atomic_c11.o
 .debug_info    0x00006fff      0x169 /home/cutie/RIOT/examples/tutorials/t3/bin/native/core_lib/bitarithm.o
 .debug_info    0x00007168      0x1d1 /home/cutie/RIOT/examples/tutorials/t3/bin/native/core_lib/clist.o
 .debug_info    0x00007339      0x31f /home/cutie/RIOT/examples/tutorials/t3/bin/native/core_lib/init.o
 .debug_info    0x00007658      0x224 /home/cutie/RIOT/examples/tutorials/t3/bin/native/core_lib/panic.o
 .debug_info    0x0000787c      0x228 /home/cutie/RIOT/examples/tutorials/t3/bin/native/core_lib/priority_queue.o
 .debug_info    0x00007aa4      0x4f1 /home/cutie/RIOT/examples/tutorials/t3/bin/native/core_lib/ringbuffer.o
 .debug_info    0x00007f95      0x61c /home/cutie/RIOT/examples/tutorials/t3/bin/native/core_lib/rmutex.o
 .debug_info    0x000085b1      0x760 /home/cutie/RIOT/examples/tutorials/t3/bin/native/cpu/async_read.o
 .debug_info    0x00008d11     0x1cd2 /home/cutie/RIOT/examples/tutorials/t3/bin/native/cpu/irq_cpu.o
 .debug_info    0x0000a9e3     0x1261 /home/cutie/RIOT/examples/tutorials/t3/bin/native/cpu/native_cpu.o
 .debug_info    0x0000bc44      0x104 /home/cutie/RIOT/examples/tutorials/t3/bin/native/cpu/panic.o
 .debug_info    0x0000bd48      0xab5 /home/cutie/RIOT/examples/tutorials/t3/bin/native/cpu/startup.o
 .debug_info    0x0000c7fd     0x26fc /home/cutie/RIOT/examples/tutorials/t3/bin/native/cpu/syscalls.o
 .debug_info    0x0000eef9       0x24 /home/cutie/RIOT/examples/tutorials/t3/bin/native/cpu/tramp.o
 .debug_info    0x0000ef1d      0x4e4 /home/cutie/RIOT/examples/tutorials/t3/bin/native/isrpipe/isrpipe.o
 .debug_info    0x0000f401      0x1c7 /home/cutie/RIOT/examples/tutorials/t3/bin/native/libc/string.o
 .debug_info    0x0000f5c8      0x176 /home/cutie/RIOT/examples/tutorials/t3/bin/native/native_drivers/native-led.o
 .debug_info    0x0000f73e      0x6a4 /home/cutie/RIOT/examples/tutorials/t3/bin/native/periph/gpio_linux.o
 .debug_info    0x0000fde2      0x299 /home/cutie/RIOT/examples/tutorials/t3/bin/native/periph/pm.o
 .debug_info    0x0001007b      0x6a5 /home/cutie/RIOT/examples/tutorials/t3/bin/native/periph/uart.o
 .debug_info    0x00010720      0x164 /home/cutie/RIOT/examples/tutorials/t3/bin/native/periph_common/gpio.o
 .debug_info    0x00010884       0xbd /home/cutie/RIOT/examples/tutorials/t3/bin/native/periph_common/init.o
 .debug_info    0x00010941       0xaf /home/cutie/RIOT/examples/tutorials/t3/bin/native/periph_common/init_leds.o
 .debug_info    0x000109f0      0xd6e /home/cutie/RIOT/examples/tutorials/t3/bin/native/shell/shell.o
 .debug_info    0x0001175e      0x1a8 /home/cutie/RIOT/examples/tutorials/t3/bin/native/stdio_native/stdio_native.o
 .debug_info    0x00011906      0x7e4 /home/cutie/RIOT/examples/tutorials/t3/bin/native/tsrb/tsrb.o

.debug_abbrev   0x00000000     0x4c5e
 *(.debug_abbrev)
 .debug_abbrev  0x00000000      0x243 /home/cutie/RIOT/examples/tutorials/t3/bin/native/application_t3/main.o
 .debug_abbrev  0x00000243      0x137 /home/cutie/RIOT/examples/tutorials/t3/bin/native/auto_init/auto_init.o
 .debug_abbrev  0x0000037a       0x8b /home/cutie/RIOT/examples/tutorials/t3/bin/native/board/board_init.o
 .debug_abbrev  0x00000405       0x5d /home/cutie/RIOT/examples/tutorials/t3/bin/native/board_common_init/board_common.o
 .debug_abbrev  0x00000462      0x2c9 /home/cutie/RIOT/examples/tutorials/t3/bin/native/core/cond.o
 .debug_abbrev  0x0000072b      0x4f9 /home/cutie/RIOT/examples/tutorials/t3/bin/native/core/msg.o
 .debug_abbrev  0x00000c24      0x353 /home/cutie/RIOT/examples/tutorials/t3/bin/native/core/mutex.o
 .debug_abbrev  0x00000f77      0x41e /home/cutie/RIOT/examples/tutorials/t3/bin/native/core/sched.o
 .debug_abbrev  0x00001395      0x42f /home/cutie/RIOT/examples/tutorials/t3/bin/native/core/thread.o
 .debug_abbrev  0x000017c4      0x14f /home/cutie/RIOT/examples/tutorials/t3/bin/native/core_lib/assert.o
 .debug_abbrev  0x00001913      0x1f4 /home/cutie/RIOT/examples/tutorials/t3/bin/native/core_lib/atomic_c11.o
 .debug_abbrev  0x00001b07       0xe9 /home/cutie/RIOT/examples/tutorials/t3/bin/native/core_lib/bitarithm.o
 .debug_abbrev  0x00001bf0      0x11d /home/cutie/RIOT/examples/tutorials/t3/bin/native/core_lib/clist.o
 .debug_abbrev  0x00001d0d      0x1ba /home/cutie/RIOT/examples/tutorials/t3/bin/native/core_lib/init.o
 .debug_abbrev  0x00001ec7      0x139 /home/cutie/RIOT/examples/tutorials/t3/bin/native/core_lib/panic.o
 .debug_abbrev  0x00002000      0x115 /home/cutie/RIOT/examples/tutorials/t3/bin/native/core_lib/priority_queue.o
 .debug_abbrev  0x00002115      0x1fa /home/cutie/RIOT/examples/tutorials/t3/bin/native/core_lib/ringbuffer.o
 .debug_abbrev  0x0000230f      0x273 /home/cutie/RIOT/examples/tutorials/t3/bin/native/core_lib/rmutex.o
 .debug_abbrev  0x00002582      0x26b /home/cutie/RIOT/examples/tutorials/t3/bin/native/cpu/async_read.o
 .debug_abbrev  0x000027ed      0x4e5 /home/cutie/RIOT/examples/tutorials/t3/bin/native/cpu/irq_cpu.o
 .debug_abbrev  0x00002cd2      0x405 /home/cutie/RIOT/examples/tutorials/t3/bin/native/cpu/native_cpu.o
 .debug_abbrev  0x000030d7       0xac /home/cutie/RIOT/examples/tutorials/t3/bin/native/cpu/panic.o
 .debug_abbrev  0x00003183      0x3d2 /home/cutie/RIOT/examples/tutorials/t3/bin/native/cpu/startup.o
 .debug_abbrev  0x00003555      0x4e8 /home/cutie/RIOT/examples/tutorials/t3/bin/native/cpu/syscalls.o
 .debug_abbrev  0x00003a3d       0x14 /home/cutie/RIOT/examples/tutorials/t3/bin/native/cpu/tramp.o
 .debug_abbrev  0x00003a51      0x225 /home/cutie/RIOT/examples/tutorials/t3/bin/native/isrpipe/isrpipe.o
 .debug_abbrev  0x00003c76      0x107 /home/cutie/RIOT/examples/tutorials/t3/bin/native/libc/string.o
 .debug_abbrev  0x00003d7d       0x70 /home/cutie/RIOT/examples/tutorials/t3/bin/native/native_drivers/native-led.o
 .debug_abbrev  0x00003ded      0x297 /home/cutie/RIOT/examples/tutorials/t3/bin/native/periph/gpio_linux.o
 .debug_abbrev  0x00004084      0x17a /home/cutie/RIOT/examples/tutorials/t3/bin/native/periph/pm.o
 .debug_abbrev  0x000041fe      0x25c /home/cutie/RIOT/examples/tutorials/t3/bin/native/periph/uart.o
 .debug_abbrev  0x0000445a       0xe7 /home/cutie/RIOT/examples/tutorials/t3/bin/native/periph_common/gpio.o
 .debug_abbrev  0x00004541       0x77 /home/cutie/RIOT/examples/tutorials/t3/bin/native/periph_common/init.o
 .debug_abbrev  0x000045b8       0x5d /home/cutie/RIOT/examples/tutorials/t3/bin/native/periph_common/init_leds.o
 .debug_abbrev  0x00004615      0x3e0 /home/cutie/RIOT/examples/tutorials/t3/bin/native/shell/shell.o
 .debug_abbrev  0x000049f5       0xeb /home/cutie/RIOT/examples/tutorials/t3/bin/native/stdio_native/stdio_native.o
 .debug_abbrev  0x00004ae0      0x17e /home/cutie/RIOT/examples/tutorials/t3/bin/native/tsrb/tsrb.o

.debug_line     0x00000000     0xc2d6
 *(.debug_line .debug_line.* .debug_line_end)
 .debug_line    0x00000000      0x320 /home/cutie/RIOT/examples/tutorials/t3/bin/native/application_t3/main.o
 .debug_line    0x00000320      0x22e /home/cutie/RIOT/examples/tutorials/t3/bin/native/auto_init/auto_init.o
 .debug_line    0x0000054e      0x1dc /home/cutie/RIOT/examples/tutorials/t3/bin/native/board/board_init.o
 .debug_line    0x0000072a      0x1af /home/cutie/RIOT/examples/tutorials/t3/bin/native/board_common_init/board_common.o
 .debug_line    0x000008d9      0x300 /home/cutie/RIOT/examples/tutorials/t3/bin/native/core/cond.o
 .debug_line    0x00000bd9      0xe91 /home/cutie/RIOT/examples/tutorials/t3/bin/native/core/msg.o
 .debug_line    0x00001a6a      0x618 /home/cutie/RIOT/examples/tutorials/t3/bin/native/core/mutex.o
 .debug_line    0x00002082      0x70c /home/cutie/RIOT/examples/tutorials/t3/bin/native/core/sched.o
 .debug_line    0x0000278e      0x87f /home/cutie/RIOT/examples/tutorials/t3/bin/native/core/thread.o
 .debug_line    0x0000300d      0x23e /home/cutie/RIOT/examples/tutorials/t3/bin/native/core_lib/assert.o
 .debug_line    0x0000324b     0x1134 /home/cutie/RIOT/examples/tutorials/t3/bin/native/core_lib/atomic_c11.o
 .debug_line    0x0000437f      0x23c /home/cutie/RIOT/examples/tutorials/t3/bin/native/core_lib/bitarithm.o
 .debug_line    0x000045bb      0x234 /home/cutie/RIOT/examples/tutorials/t3/bin/native/core_lib/clist.o
 .debug_line    0x000047ef      0x348 /home/cutie/RIOT/examples/tutorials/t3/bin/native/core_lib/init.o
 .debug_line    0x00004b37      0x23f /home/cutie/RIOT/examples/tutorials/t3/bin/native/core_lib/panic.o
 .debug_line    0x00004d76      0x28d /home/cutie/RIOT/examples/tutorials/t3/bin/native/core_lib/priority_queue.o
 .debug_line    0x00005003      0x37f /home/cutie/RIOT/examples/tutorials/t3/bin/native/core_lib/ringbuffer.o
 .debug_line    0x00005382      0x47f /home/cutie/RIOT/examples/tutorials/t3/bin/native/core_lib/rmutex.o
 .debug_line    0x00005801      0x6f9 /home/cutie/RIOT/examples/tutorials/t3/bin/native/cpu/async_read.o
 .debug_line    0x00005efa      0xd3a /home/cutie/RIOT/examples/tutorials/t3/bin/native/cpu/irq_cpu.o
 .debug_line    0x00006c34      0x82f /home/cutie/RIOT/examples/tutorials/t3/bin/native/cpu/native_cpu.o
 .debug_line    0x00007463      0x397 /home/cutie/RIOT/examples/tutorials/t3/bin/native/cpu/panic.o
 .debug_line    0x000077fa      0x927 /home/cutie/RIOT/examples/tutorials/t3/bin/native/cpu/startup.o
 .debug_line    0x00008121      0xf4d /home/cutie/RIOT/examples/tutorials/t3/bin/native/cpu/syscalls.o
 .debug_line    0x0000906e       0x5a /home/cutie/RIOT/examples/tutorials/t3/bin/native/cpu/tramp.o
 .debug_line    0x000090c8      0x2fb /home/cutie/RIOT/examples/tutorials/t3/bin/native/isrpipe/isrpipe.o
 .debug_line    0x000093c3      0x21a /home/cutie/RIOT/examples/tutorials/t3/bin/native/libc/string.o
 .debug_line    0x000095dd      0x262 /home/cutie/RIOT/examples/tutorials/t3/bin/native/native_drivers/native-led.o
 .debug_line    0x0000983f      0x745 /home/cutie/RIOT/examples/tutorials/t3/bin/native/periph/gpio_linux.o
 .debug_line    0x00009f84      0x4e2 /home/cutie/RIOT/examples/tutorials/t3/bin/native/periph/pm.o
 .debug_line    0x0000a466      0x6fd /home/cutie/RIOT/examples/tutorials/t3/bin/native/periph/uart.o
 .debug_line    0x0000ab63      0x1c2 /home/cutie/RIOT/examples/tutorials/t3/bin/native/periph_common/gpio.o
 .debug_line    0x0000ad25      0x16a /home/cutie/RIOT/examples/tutorials/t3/bin/native/periph_common/init.o
 .debug_line    0x0000ae8f      0x1b5 /home/cutie/RIOT/examples/tutorials/t3/bin/native/periph_common/init_leds.o
 .debug_line    0x0000b044      0x9b4 /home/cutie/RIOT/examples/tutorials/t3/bin/native/shell/shell.o
 .debug_line    0x0000b9f8      0x40e /home/cutie/RIOT/examples/tutorials/t3/bin/native/stdio_native/stdio_native.o
 .debug_line    0x0000be06      0x4d0 /home/cutie/RIOT/examples/tutorials/t3/bin/native/tsrb/tsrb.o

.debug_frame
 *(.debug_frame)

.debug_str      0x00000000    0x62fda
 *(.debug_str)
 .debug_str     0x00000000    0x62fda /home/cutie/RIOT/examples/tutorials/t3/bin/native/application_t3/main.o
                               0xad19 (size before relaxing)
 .debug_str     0x00062fda    0x4da2f /home/cutie/RIOT/examples/tutorials/t3/bin/native/auto_init/auto_init.o
 .debug_str     0x00062fda     0x843e /home/cutie/RIOT/examples/tutorials/t3/bin/native/board/board_init.o
 .debug_str     0x00062fda     0x7fdf /home/cutie/RIOT/examples/tutorials/t3/bin/native/board_common_init/board_common.o
 .debug_str     0x00062fda     0x9276 /home/cutie/RIOT/examples/tutorials/t3/bin/native/core/cond.o
 .debug_str     0x00062fda     0x9485 /home/cutie/RIOT/examples/tutorials/t3/bin/native/core/msg.o
 .debug_str     0x00062fda     0x995a /home/cutie/RIOT/examples/tutorials/t3/bin/native/core/mutex.o
 .debug_str     0x00062fda     0x984e /home/cutie/RIOT/examples/tutorials/t3/bin/native/core/sched.o
 .debug_str     0x00062fda     0x9d12 /home/cutie/RIOT/examples/tutorials/t3/bin/native/core/thread.o
 .debug_str     0x00062fda     0x8f8f /home/cutie/RIOT/examples/tutorials/t3/bin/native/core_lib/assert.o
 .debug_str     0x00062fda     0x89e5 /home/cutie/RIOT/examples/tutorials/t3/bin/native/core_lib/atomic_c11.o
 .debug_str     0x00062fda     0x675c /home/cutie/RIOT/examples/tutorials/t3/bin/native/core_lib/bitarithm.o
 .debug_str     0x00062fda     0x3316 /home/cutie/RIOT/examples/tutorials/t3/bin/native/core_lib/clist.o
 .debug_str     0x00062fda     0xed72 /home/cutie/RIOT/examples/tutorials/t3/bin/native/core_lib/init.o
 .debug_str     0x00062fda     0x8578 /home/cutie/RIOT/examples/tutorials/t3/bin/native/core_lib/panic.o
 .debug_str     0x00062fda     0x8f7e /home/cutie/RIOT/examples/tutorials/t3/bin/native/core_lib/priority_queue.o
 .debug_str     0x00062fda     0x4939 /home/cutie/RIOT/examples/tutorials/t3/bin/native/core_lib/ringbuffer.o
 .debug_str     0x00062fda     0xa9ac /home/cutie/RIOT/examples/tutorials/t3/bin/native/core_lib/rmutex.o
 .debug_str     0x00062fda    0x12ccb /home/cutie/RIOT/examples/tutorials/t3/bin/native/cpu/async_read.o
 .debug_str     0x00062fda    0x17eec /home/cutie/RIOT/examples/tutorials/t3/bin/native/cpu/irq_cpu.o
 .debug_str     0x00062fda    0x167f8 /home/cutie/RIOT/examples/tutorials/t3/bin/native/cpu/native_cpu.o
 .debug_str     0x00062fda    0x12749 /home/cutie/RIOT/examples/tutorials/t3/bin/native/cpu/panic.o
 .debug_str     0x00062fda    0x17e7d /home/cutie/RIOT/examples/tutorials/t3/bin/native/cpu/startup.o
 .debug_str     0x00062fda    0x170a8 /home/cutie/RIOT/examples/tutorials/t3/bin/native/cpu/syscalls.o
 .debug_str     0x00062fda       0x4c /home/cutie/RIOT/examples/tutorials/t3/bin/native/cpu/tramp.o
 .debug_str     0x00062fda     0x8e87 /home/cutie/RIOT/examples/tutorials/t3/bin/native/isrpipe/isrpipe.o
 .debug_str     0x00062fda     0x68f2 /home/cutie/RIOT/examples/tutorials/t3/bin/native/libc/string.o
 .debug_str     0x00062fda     0x84ba /home/cutie/RIOT/examples/tutorials/t3/bin/native/native_drivers/native-led.o
 .debug_str     0x00062fda    0x16e4d /home/cutie/RIOT/examples/tutorials/t3/bin/native/periph/gpio_linux.o
 .debug_str     0x00062fda    0x11534 /home/cutie/RIOT/examples/tutorials/t3/bin/native/periph/pm.o
 .debug_str     0x00062fda    0x126b9 /home/cutie/RIOT/examples/tutorials/t3/bin/native/periph/uart.o
 .debug_str     0x00062fda     0x74f0 /home/cutie/RIOT/examples/tutorials/t3/bin/native/periph_common/gpio.o
 .debug_str     0x00062fda     0x73a1 /home/cutie/RIOT/examples/tutorials/t3/bin/native/periph_common/init.o
 .debug_str     0x00062fda     0x805b /home/cutie/RIOT/examples/tutorials/t3/bin/native/periph_common/init_leds.o
 .debug_str     0x00062fda     0xb43b /home/cutie/RIOT/examples/tutorials/t3/bin/native/shell/shell.o
 .debug_str     0x00062fda    0x1341b /home/cutie/RIOT/examples/tutorials/t3/bin/native/stdio_native/stdio_native.o
 .debug_str     0x00062fda     0x5c0d /home/cutie/RIOT/examples/tutorials/t3/bin/native/tsrb/tsrb.o

.debug_loc
 *(.debug_loc)

.debug_macinfo
 *(.debug_macinfo)

.debug_weaknames
 *(.debug_weaknames)

.debug_funcnames
 *(.debug_funcnames)

.debug_typenames
 *(.debug_typenames)

.debug_varnames
 *(.debug_varnames)

.debug_pubtypes
 *(.debug_pubtypes)

.debug_ranges
 *(.debug_ranges)

.debug_addr
 *(.debug_addr)

.debug_line_str
                0x00000000     0x1461
 *(.debug_line_str)
 .debug_line_str